Archive member included because of file (symbol)

/user/5/raymondp/mdl2lus2osek/current/nxtOSEK/ecrobot/libecrobot.a(ecrobot_interface.o)
                              ./build/control_multitache_glue.o (ecrobot_set_light_sensor_active)
/user/5/raymondp/mdl2lus2osek/current/nxtOSEK/ecrobot/libecrobot.a(osek_hook.o)
                              ./build/osctl.o (StartupHook)
/user/5/raymondp/mdl2lus2osek/current/nxtOSEK/ecrobot/libecrobot.a(uart.oram)
                              ./build/irq.oram (uart_isr_C_0)
/user/5/raymondp/mdl2lus2osek/current/nxtOSEK/ecrobot/libecrobot.a(systick.oram)
                              ./build/hw_sys_timer.oram (systick_low_priority_C)
/user/5/raymondp/mdl2lus2osek/current/nxtOSEK/ecrobot/libecrobot.a(byte_fifo.oram)
                              /user/5/raymondp/mdl2lus2osek/current/nxtOSEK/ecrobot/libecrobot.a(uart.oram) (byte_fifo_put)
/user/5/raymondp/mdl2lus2osek/current/nxtOSEK/ecrobot/libecrobot.a(aic.oram)
                              /user/5/raymondp/mdl2lus2osek/current/nxtOSEK/ecrobot/libecrobot.a(uart.oram) (aic_set_vector)
/user/5/raymondp/mdl2lus2osek/current/nxtOSEK/ecrobot/libecrobot.a(udp.oram)
                              ./build/irq.oram (udp_isr_C)
/user/5/raymondp/mdl2lus2osek/current/nxtOSEK/ecrobot/libecrobot.a(twi.oram)
                              ./build/irq.oram (twi_isr_C)
/user/5/raymondp/mdl2lus2osek/current/nxtOSEK/ecrobot/libecrobot.a(nxt_spi.oram)
                              ./build/irq.oram (spi_isr_C)
/user/5/raymondp/mdl2lus2osek/current/nxtOSEK/ecrobot/libecrobot.a(nxt_motors.oram)
                              /user/5/raymondp/mdl2lus2osek/current/nxtOSEK/ecrobot/libecrobot.a(ecrobot_interface.o) (nxt_motor_get_count)
/user/5/raymondp/mdl2lus2osek/current/nxtOSEK/ecrobot/libecrobot.a(data_abort.oram)
                              ./build/ecrobot_init.o (data_abort_C)
/user/5/raymondp/mdl2lus2osek/current/nxtOSEK/ecrobot/libecrobot.a(display.oram)
                              ./build/ecrobot_base.o (display_update)
/user/5/raymondp/mdl2lus2osek/current/nxtOSEK/ecrobot/libecrobot.a(i2c.oram)
                              ./build/irq.oram (i2c_timer_isr_C)
/user/5/raymondp/mdl2lus2osek/current/nxtOSEK/ecrobot/libecrobot.a(sound.oram)
                              /user/5/raymondp/mdl2lus2osek/current/nxtOSEK/ecrobot/libecrobot.a(ecrobot_interface.o) (sound_get_time)
/user/5/raymondp/mdl2lus2osek/current/nxtOSEK/ecrobot/libecrobot.a(bt.oram)
                              ./build/ecrobot_bluetooth.o (bt_send)
/user/5/raymondp/mdl2lus2osek/current/nxtOSEK/ecrobot/libecrobot.a(nxt_avr.oram)
                              ./build/ecrobot_base.o (nxt_avr_power_down)
/user/5/raymondp/mdl2lus2osek/current/nxtOSEK/ecrobot/libecrobot.a(sensors.oram)
                              /user/5/raymondp/mdl2lus2osek/current/nxtOSEK/ecrobot/libecrobot.a(ecrobot_interface.o) (unset_digi0)
/user/5/raymondp/mdl2lus2osek/current/nxtOSEK/ecrobot/libecrobot.a(nxt_lcd.oram)
                              /user/5/raymondp/mdl2lus2osek/current/nxtOSEK/ecrobot/libecrobot.a(display.oram) (nxt_lcd_force_update)
/user/5/raymondp/mdl2lus2osek/current/nxtOSEK/ecrobot/libecrobot.a(flash_loader.oram)
                              ./build/ecrobot.o (set_flash_request)
/user/5/raymondp/mdl2lus2osek/current/nxtOSEK/ecrobot/libecrobot.a(interrupts.oram)
                              /user/5/raymondp/mdl2lus2osek/current/nxtOSEK/ecrobot/libecrobot.a(uart.oram) (interrupts_get_and_disable)
/user/5/raymondp/mdl2lus2osek/current/nxtOSEK/ecrobot/libecrobot.a(nxtosek_splash.obmp)
                              ./build/ecrobot_base.o (nxtosek_splash_bmp_start)
/user/5/raymondp/mdl2lus2osek/current/nxtOSEK/ecrobot/libecrobot.a(ecrobot_usb.o)
                              /user/5/raymondp/mdl2lus2osek/current/nxtOSEK/ecrobot/libecrobot.a(flash_loader.oram) (ecrobot_init_usb)
/user/5/raymondp/mdl2lus2osek/current/nxtOSEK/ecrobot/libecrobot.a(flashprog.oram)
                              /user/5/raymondp/mdl2lus2osek/current/nxtOSEK/ecrobot/libecrobot.a(flash_loader.oram) (flash_write_page)
/user/5/.base/raymondp/home/mdl2lus2osek/gnu-arm/4.4.2.nxt.x86_64.2013/bin/../lib/gcc/arm-elf/4.4.2/thumb/interwork/libgcc.a(_udivsi3.o)
                              ./build/ecrobot_base.o (__udivsi3)
/user/5/.base/raymondp/home/mdl2lus2osek/gnu-arm/4.4.2.nxt.x86_64.2013/bin/../lib/gcc/arm-elf/4.4.2/thumb/interwork/libgcc.a(_divsi3.o)
                              /user/5/raymondp/mdl2lus2osek/current/nxtOSEK/ecrobot/libecrobot.a(uart.oram) (__divsi3)
/user/5/.base/raymondp/home/mdl2lus2osek/gnu-arm/4.4.2.nxt.x86_64.2013/bin/../lib/gcc/arm-elf/4.4.2/thumb/interwork/libgcc.a(_umodsi3.o)
                              /user/5/raymondp/mdl2lus2osek/current/nxtOSEK/ecrobot/libecrobot.a(display.oram) (__umodsi3)
/user/5/.base/raymondp/home/mdl2lus2osek/gnu-arm/4.4.2.nxt.x86_64.2013/bin/../lib/gcc/arm-elf/4.4.2/thumb/interwork/libgcc.a(_modsi3.o)
[...]
Memory Configuration

Name             Origin             Length             Attributes
vector_ram       0x0000000000200000 0x0000000000000040
ram              0x0000000000200040 0x000000000000ffc0
*default*        0x0000000000000000 0xffffffffffffffff

Linker script and memory map

LOAD ./build/alarm.o
LOAD ./build/event.o
LOAD ./build/interrupt.o
LOAD ./build/osctl.o
LOAD ./build/resource.o
LOAD ./build/task.o
LOAD ./build/task_manage.o
LOAD ./build/cpu_config.o
LOAD ./build/sys_config.o
LOAD ./build/kernel_cfg.o
LOAD ./build/syscalls.o
LOAD ./build/ecrobot_bluetooth.o
LOAD ./build/ecrobot_base.o
LOAD ./build/ecrobot.o
LOAD ./build/decision.o
LOAD ./build/controle.o
LOAD ./build/control_multitache_glue.o
LOAD ./build/hw_sys_timer.oram
LOAD ./build/vectors.o
LOAD ./build/debug.o
LOAD ./build/sys_support.o
LOAD ./build/nxt_binary_header.o
LOAD ./build/nxt_entry_point.o
LOAD ./build/ecrobot_init.o
LOAD ./build/cpu_support.o
LOAD ./build/irq.oram
LOAD /user/5/raymondp/mdl2lus2osek/current/nxtOSEK/c++/liblejososek.a
LOAD /user/5/raymondp/mdl2lus2osek/current/nxtOSEK/ecrobot/libecrobot.a
LOAD /user/5/.base/raymondp/home/mdl2lus2osek/gnu-arm/4.4.2.nxt.x86_64.2013/bin/../lib/gcc/arm-elf/4.4.2/../../../../arm-elf/lib/thumb/interwork/libstdc++.a
LOAD /user/5/.base/raymondp/home/mdl2lus2osek/gnu-arm/4.4.2.nxt.x86_64.2013/bin/../lib/gcc/arm-elf/4.4.2/../../../../arm-elf/lib/thumb/interwork/libm.a
START GROUP
LOAD /user/5/.base/raymondp/home/mdl2lus2osek/gnu-arm/4.4.2.nxt.x86_64.2013/bin/../lib/gcc/arm-elf/4.4.2/thumb/interwork/libgcc.a
LOAD /user/5/.base/raymondp/home/mdl2lus2osek/gnu-arm/4.4.2.nxt.x86_64.2013/bin/../lib/gcc/arm-elf/4.4.2/../../../../arm-elf/lib/thumb/interwork/libc.a
END GROUP
                0x0000000000200000                RAM_BASE = 0x200000
                0x0000000000010000                RAM_SIZE = 0x10000

.samba_reserved
                0x0000000000200040     0x1fc0
                0x0000000000202000                . = 0x1fc0
 *fill*         0x0000000000200040     0x1fc0 00
                0x0000000000200040                __samba_ram_start__ = ADDR (.samba_reserved)
                0x0000000000202000                __samba_ram_end__ = (__samba_ram_start__ + SIZEOF (.samba_reserved))

.vectors        0x0000000000200000       0x40 load address 0x0000000000202000
 vectors.o(*.text *.text.*)
 .text          0x0000000000200000       0x38 ./build/vectors.o
                0x0000000000200040                . = ALIGN (0x10)
 *fill*         0x0000000000200038        0x8 00
                0x0000000000200000                __vectors_ram_start__ = ADDR (.vectors)
                0x0000000000200040                __vectors_ram_end__ = (ADDR (.vectors) + SIZEOF (.vectors))
                0x0000000000202000                __vectors_load_start__ = LOADADDR (.vectors)
                0x0000000000202040                __vectors_load_end__ = (LOADADDR (.vectors) + SIZEOF (.vectors))

.init           0x0000000000202040      0x280
 *ecrobot_init.o(*.text *.text.*)
 .text          0x0000000000202040      0x280 ./build/ecrobot_init.o
                0x0000000000202040                start
                0x00000000002021ac                undef_handler
                0x00000000002021b0                swi_handler
                0x00000000002021b4                prefetch_abort_handler
                0x00000000002021b8                data_abort_handler
                0x00000000002021d4                reserved_handler
                0x00000000002022c0                . = ALIGN (0x10)

.ram_text       0x00000000002022c0     0x2f10
                0x00000000002022c0                . = ALIGN (0x10)
 *.oram(*.text *.text.* *.glue*)
 .text.systick_isr_C1
                0x00000000002022c0       0x28 ./build/hw_sys_timer.oram
                0x00000000002022c0                systick_isr_C1
 *fill*         0x00000000002022e8        0x8 00
 .text          0x00000000002022f0      0x2c0 ./build/irq.oram
                0x00000000002022f0                default_isr
                0x00000000002022f0                default_fiq
                0x00000000002022f0                spurious_isr
                0x00000000002022f4                systick_isr_entry
                0x000000000020233c                systick_low_priority_entry
                0x000000000020237c                udp_isr_entry
                0x00000000002023bc                spi_isr_entry
                0x00000000002023fc                twi_isr_entry
                0x000000000020243c                sound_isr_entry
                0x000000000020247c                uart_isr_entry_0
                0x00000000002024bc                uart_isr_entry_1
                0x00000000002024fc                nxt_motor_isr_entry
                0x000000000020253c                i2c_timer_isr_entry
 .text.uart_process_isr
                0x00000000002025b0       0x88 /user/5/raymondp/mdl2lus2osek/current/nxtOSEK/ecrobot/libecrobot.a(uart.oram)
 .text.uart_isr_C_0
                0x0000000000202638        0xc /user/5/raymondp/mdl2lus2osek/current/nxtOSEK/ecrobot/libecrobot.a(uart.oram)
                0x0000000000202638                uart_isr_C_0
 .text.uart_isr_C_1
                0x0000000000202644        0xc /user/5/raymondp/mdl2lus2osek/current/nxtOSEK/ecrobot/libecrobot.a(uart.oram)
                0x0000000000202644                uart_isr_C_1
 .text.systick_low_priority_C
                0x0000000000202650       0x1c /user/5/raymondp/mdl2lus2osek/current/nxtOSEK/ecrobot/libecrobot.a(systick.oram)
                0x0000000000202650                systick_low_priority_C
 .text.systick_isr_C
                0x000000000020266c       0x24 /user/5/raymondp/mdl2lus2osek/current/nxtOSEK/ecrobot/libecrobot.a(systick.oram)
                0x000000000020266c                systick_isr_C
 .text.systick_get_ms
                0x0000000000202690        0xc /user/5/raymondp/mdl2lus2osek/current/nxtOSEK/ecrobot/libecrobot.a(systick.oram)
                0x0000000000202690                systick_get_ms
 .text.systick_wait_ms
                0x000000000020269c       0x1c /user/5/raymondp/mdl2lus2osek/current/nxtOSEK/ecrobot/libecrobot.a(systick.oram)
                0x000000000020269c                systick_wait_ms
 .text.systick_wait_ns
                0x00000000002026b8       0x1c /user/5/raymondp/mdl2lus2osek/current/nxtOSEK/ecrobot/libecrobot.a(systick.oram)
                0x00000000002026b8                systick_wait_ns
 .text.systick_init
                0x00000000002026d4       0x58 /user/5/raymondp/mdl2lus2osek/current/nxtOSEK/ecrobot/libecrobot.a(systick.oram)
                0x00000000002026d4                systick_init
 .text.systick_suspend
                0x000000000020272c        0xc /user/5/raymondp/mdl2lus2osek/current/nxtOSEK/ecrobot/libecrobot.a(systick.oram)
                0x000000000020272c                systick_suspend
 .text.systick_resume
                0x0000000000202738        0xc /user/5/raymondp/mdl2lus2osek/current/nxtOSEK/ecrobot/libecrobot.a(systick.oram)
                0x0000000000202738                systick_resume
 .text.byte_fifo_put
                0x0000000000202744       0x58 /user/5/raymondp/mdl2lus2osek/current/nxtOSEK/ecrobot/libecrobot.a(byte_fifo.oram)
                0x0000000000202744                byte_fifo_put
 .text.byte_fifo_get
                0x000000000020279c       0x2c /user/5/raymondp/mdl2lus2osek/current/nxtOSEK/ecrobot/libecrobot.a(byte_fifo.oram)
                0x000000000020279c                byte_fifo_get
 .text.aic_initialise
                0x00000000002027c8       0x5c /user/5/raymondp/mdl2lus2osek/current/nxtOSEK/ecrobot/libecrobot.a(aic.oram)
                0x00000000002027c8                aic_initialise
 .text.aic_set_vector
                0x0000000000202824       0x30 /user/5/raymondp/mdl2lus2osek/current/nxtOSEK/ecrobot/libecrobot.a(aic.oram)
                0x0000000000202824                aic_set_vector
 .text.aic_mask_on
                0x0000000000202854       0x24 /user/5/raymondp/mdl2lus2osek/current/nxtOSEK/ecrobot/libecrobot.a(aic.oram)
                0x0000000000202854                aic_mask_on
 .text.aic_mask_off
                0x0000000000202878       0x24 /user/5/raymondp/mdl2lus2osek/current/nxtOSEK/ecrobot/libecrobot.a(aic.oram)
                0x0000000000202878                aic_mask_off
 .text.aic_clear
                0x000000000020289c       0x24 /user/5/raymondp/mdl2lus2osek/current/nxtOSEK/ecrobot/libecrobot.a(aic.oram)
                0x000000000020289c                aic_clear
 .text.reset    0x00000000002028c0       0x4c /user/5/raymondp/mdl2lus2osek/current/nxtOSEK/ecrobot/libecrobot.a(udp.oram)
 .text.udp_send_null
                0x000000000020290c       0x2c /user/5/raymondp/mdl2lus2osek/current/nxtOSEK/ecrobot/libecrobot.a(udp.oram)
 .text.udp_send_stall
                0x0000000000202938       0x2c /user/5/raymondp/mdl2lus2osek/current/nxtOSEK/ecrobot/libecrobot.a(udp.oram)
 .text.udp_send_control
                0x0000000000202964       0x60 /user/5/raymondp/mdl2lus2osek/current/nxtOSEK/ecrobot/libecrobot.a(udp.oram)
 .text.udp_isr_C
                0x00000000002029c4      0x7d0 /user/5/raymondp/mdl2lus2osek/current/nxtOSEK/ecrobot/libecrobot.a(udp.oram)
                0x00000000002029c4                udp_isr_C
 .text.twi_status
                0x0000000000203194       0x20 /user/5/raymondp/mdl2lus2osek/current/nxtOSEK/ecrobot/libecrobot.a(twi.oram)
                0x0000000000203194                twi_status
 .text.twi_isr_C
                0x00000000002031b4       0xc4 /user/5/raymondp/mdl2lus2osek/current/nxtOSEK/ecrobot/libecrobot.a(twi.oram)
                0x00000000002031b4                twi_isr_C
 .text.twi_reset
                0x0000000000203278       0xb4 /user/5/raymondp/mdl2lus2osek/current/nxtOSEK/ecrobot/libecrobot.a(twi.oram)
                0x0000000000203278                twi_reset
 .text.twi_init
                0x000000000020332c       0x4c /user/5/raymondp/mdl2lus2osek/current/nxtOSEK/ecrobot/libecrobot.a(twi.oram)
                0x000000000020332c                twi_init
 .text.twi_start_read
                0x0000000000203378       0x60 /user/5/raymondp/mdl2lus2osek/current/nxtOSEK/ecrobot/libecrobot.a(twi.oram)
                0x0000000000203378                twi_start_read
 .text.twi_start_write
                0x00000000002033d8       0x64 /user/5/raymondp/mdl2lus2osek/current/nxtOSEK/ecrobot/libecrobot.a(twi.oram)
                0x00000000002033d8                twi_start_write
 .text.spi_set_mode
                0x000000000020343c       0x40 /user/5/raymondp/mdl2lus2osek/current/nxtOSEK/ecrobot/libecrobot.a(nxt_spi.oram)
 .text.spi_isr_C
                0x000000000020347c       0x8c /user/5/raymondp/mdl2lus2osek/current/nxtOSEK/ecrobot/libecrobot.a(nxt_spi.oram)
                0x000000000020347c                spi_isr_C
 .text.nxt_spi_init
                0x0000000000203508      0x12c /user/5/raymondp/mdl2lus2osek/current/nxtOSEK/ecrobot/libecrobot.a(nxt_spi.oram)
                0x0000000000203508                nxt_spi_init
 .text.nxt_spi_write
                0x0000000000203634       0x44 /user/5/raymondp/mdl2lus2osek/current/nxtOSEK/ecrobot/libecrobot.a(nxt_spi.oram)
                0x0000000000203634                nxt_spi_write
 .text.nxt_spi_set_display
                0x0000000000203678       0x10 /user/5/raymondp/mdl2lus2osek/current/nxtOSEK/ecrobot/libecrobot.a(nxt_spi.oram)
                0x0000000000203678                nxt_spi_set_display
 .text.nxt_spi_refresh
                0x0000000000203688       0x24 /user/5/raymondp/mdl2lus2osek/current/nxtOSEK/ecrobot/libecrobot.a(nxt_spi.oram)
                0x0000000000203688                nxt_spi_refresh
 .text.nxt_motor_set_count
                0x00000000002036ac       0x10 /user/5/raymondp/mdl2lus2osek/current/nxtOSEK/ecrobot/libecrobot.a(nxt_motors.oram)
                0x00000000002036ac                nxt_motor_set_count
 .text.nxt_motor_set_speed
                0x00000000002036bc       0x34 /user/5/raymondp/mdl2lus2osek/current/nxtOSEK/ecrobot/libecrobot.a(nxt_motors.oram)
                0x00000000002036bc                nxt_motor_set_speed
 .text.nxt_motor_1kHz_process
                0x00000000002036f0       0x28 /user/5/raymondp/mdl2lus2osek/current/nxtOSEK/ecrobot/libecrobot.a(nxt_motors.oram)
                0x00000000002036f0                nxt_motor_1kHz_process
 .text.nxt_motor_quad_decode
                0x0000000000203718       0x30 /user/5/raymondp/mdl2lus2osek/current/nxtOSEK/ecrobot/libecrobot.a(nxt_motors.oram)
                0x0000000000203718                nxt_motor_quad_decode
 .text.nxt_motor_isr_C
                0x0000000000203748       0x88 /user/5/raymondp/mdl2lus2osek/current/nxtOSEK/ecrobot/libecrobot.a(nxt_motors.oram)
                0x0000000000203748                nxt_motor_isr_C
 .text.nxt_motor_init
                0x00000000002037d0       0x68 /user/5/raymondp/mdl2lus2osek/current/nxtOSEK/ecrobot/libecrobot.a(nxt_motors.oram)
                0x00000000002037d0                nxt_motor_init
 .text.data_abort_C
                0x0000000000203838       0x7c /user/5/raymondp/mdl2lus2osek/current/nxtOSEK/ecrobot/libecrobot.a(data_abort.oram)
                0x0000000000203838                data_abort_C
 .text.display_update
                0x00000000002038b4       0x14 /user/5/raymondp/mdl2lus2osek/current/nxtOSEK/ecrobot/libecrobot.a(display.oram)
                0x00000000002038b4                display_update
 .text.display_force_update
                0x00000000002038c8        0xc /user/5/raymondp/mdl2lus2osek/current/nxtOSEK/ecrobot/libecrobot.a(display.oram)
                0x00000000002038c8                display_force_update
 .text.display_clear
                0x00000000002038d4       0x24 /user/5/raymondp/mdl2lus2osek/current/nxtOSEK/ecrobot/libecrobot.a(display.oram)
                0x00000000002038d4                display_clear
 .text.display_goto_xy
                0x00000000002038f8       0x14 /user/5/raymondp/mdl2lus2osek/current/nxtOSEK/ecrobot/libecrobot.a(display.oram)
                0x00000000002038f8                display_goto_xy
 .text.display_char
                0x000000000020390c       0x60 /user/5/raymondp/mdl2lus2osek/current/nxtOSEK/ecrobot/libecrobot.a(display.oram)
                0x000000000020390c                display_char
 .text.display_string
                0x000000000020396c       0x3c /user/5/raymondp/mdl2lus2osek/current/nxtOSEK/ecrobot/libecrobot.a(display.oram)
                0x000000000020396c                display_string
 .text.display_hex
                0x00000000002039a8       0x50 /user/5/raymondp/mdl2lus2osek/current/nxtOSEK/ecrobot/libecrobot.a(display.oram)
                0x00000000002039a8                display_hex
 .text.display_unsigned_worker
                0x00000000002039f8       0x70 /user/5/raymondp/mdl2lus2osek/current/nxtOSEK/ecrobot/libecrobot.a(display.oram)
 .text.display_unsigned
                0x0000000000203a68        0xc /user/5/raymondp/mdl2lus2osek/current/nxtOSEK/ecrobot/libecrobot.a(display.oram)
                0x0000000000203a68                display_unsigned
 .text.display_bitmap_copy
                0x0000000000203a74       0x5c /user/5/raymondp/mdl2lus2osek/current/nxtOSEK/ecrobot/libecrobot.a(display.oram)
                0x0000000000203a74                display_bitmap_copy
 .text.display_init
                0x0000000000203ad0       0x50 /user/5/raymondp/mdl2lus2osek/current/nxtOSEK/ecrobot/libecrobot.a(display.oram)
                0x0000000000203ad0                display_init
 .text.i2c_timer_isr_C
                0x0000000000203b20      0x314 /user/5/raymondp/mdl2lus2osek/current/nxtOSEK/ecrobot/libecrobot.a(i2c.oram)
                0x0000000000203b20                i2c_timer_isr_C
 .text.i2c_disable
                0x0000000000203e34       0x20 /user/5/raymondp/mdl2lus2osek/current/nxtOSEK/ecrobot/libecrobot.a(i2c.oram)
                0x0000000000203e34                i2c_disable
 .text.i2c_enable
                0x0000000000203e54       0x40 /user/5/raymondp/mdl2lus2osek/current/nxtOSEK/ecrobot/libecrobot.a(i2c.oram)
                0x0000000000203e54                i2c_enable
 .text.i2c_init
                0x0000000000203e94       0xa4 /user/5/raymondp/mdl2lus2osek/current/nxtOSEK/ecrobot/libecrobot.a(i2c.oram)
                0x0000000000203e94                i2c_init
 .text.i2c_busy
                0x0000000000203f38       0x24 /user/5/raymondp/mdl2lus2osek/current/nxtOSEK/ecrobot/libecrobot.a(i2c.oram)
                0x0000000000203f38                i2c_busy
 .text.i2c_start_transaction
                0x0000000000203f5c      0x108 /user/5/raymondp/mdl2lus2osek/current/nxtOSEK/ecrobot/libecrobot.a(i2c.oram)
                0x0000000000203f5c                i2c_start_transaction
 .text.sound_fill_sample_buffer
                0x0000000000204064       0xe4 /user/5/raymondp/mdl2lus2osek/current/nxtOSEK/ecrobot/libecrobot.a(sound.oram)
                0x0000000000204064                sound_fill_sample_buffer
 .text.sound_init
                0x0000000000204148       0xa0 /user/5/raymondp/mdl2lus2osek/current/nxtOSEK/ecrobot/libecrobot.a(sound.oram)
                0x0000000000204148                sound_init
 .text.sound_isr_C
                0x00000000002041e8      0x144 /user/5/raymondp/mdl2lus2osek/current/nxtOSEK/ecrobot/libecrobot.a(sound.oram)
                0x00000000002041e8                sound_isr_C
 .text.bt_init  0x000000000020432c      0x1c0 /user/5/raymondp/mdl2lus2osek/current/nxtOSEK/ecrobot/libecrobot.a(bt.oram)
                0x000000000020432c                bt_init
 .text.nxt_avr_power_down
                0x00000000002044ec       0x10 /user/5/raymondp/mdl2lus2osek/current/nxtOSEK/ecrobot/libecrobot.a(nxt_avr.oram)
                0x00000000002044ec                nxt_avr_power_down
 .text.nxt_avr_link_init
                0x00000000002044fc       0x20 /user/5/raymondp/mdl2lus2osek/current/nxtOSEK/ecrobot/libecrobot.a(nxt_avr.oram)
                0x00000000002044fc                nxt_avr_link_init
 .text.nxt_avr_init
                0x000000000020451c       0x6c /user/5/raymondp/mdl2lus2osek/current/nxtOSEK/ecrobot/libecrobot.a(nxt_avr.oram)
                0x000000000020451c                nxt_avr_init
 .text.nxt_avr_1kHz_update
                0x0000000000204588      0x1cc /user/5/raymondp/mdl2lus2osek/current/nxtOSEK/ecrobot/libecrobot.a(nxt_avr.oram)
                0x0000000000204588                nxt_avr_1kHz_update
 .text.buttons_get
                0x0000000000204754        0xc /user/5/raymondp/mdl2lus2osek/current/nxtOSEK/ecrobot/libecrobot.a(nxt_avr.oram)
                0x0000000000204754                buttons_get
 .text.battery_voltage
                0x0000000000204760       0x28 /user/5/raymondp/mdl2lus2osek/current/nxtOSEK/ecrobot/libecrobot.a(nxt_avr.oram)
                0x0000000000204760                battery_voltage
 .text.sensor_adc
                0x0000000000204788       0x20 /user/5/raymondp/mdl2lus2osek/current/nxtOSEK/ecrobot/libecrobot.a(nxt_avr.oram)
                0x0000000000204788                sensor_adc
 .text.nxt_avr_set_motor
                0x00000000002047a8       0x34 /user/5/raymondp/mdl2lus2osek/current/nxtOSEK/ecrobot/libecrobot.a(nxt_avr.oram)
                0x00000000002047a8                nxt_avr_set_motor
 .text.nxt_avr_set_input_power
                0x00000000002047dc       0x3c /user/5/raymondp/mdl2lus2osek/current/nxtOSEK/ecrobot/libecrobot.a(nxt_avr.oram)
                0x00000000002047dc                nxt_avr_set_input_power
 .text.unset_digi0
                0x0000000000204818       0x44 /user/5/raymondp/mdl2lus2osek/current/nxtOSEK/ecrobot/libecrobot.a(sensors.oram)
                0x0000000000204818                unset_digi0
 .text.unset_digi1
                0x000000000020485c       0x44 /user/5/raymondp/mdl2lus2osek/current/nxtOSEK/ecrobot/libecrobot.a(sensors.oram)
                0x000000000020485c                unset_digi1
 .text.init_sensors
                0x00000000002048a0       0x4c /user/5/raymondp/mdl2lus2osek/current/nxtOSEK/ecrobot/libecrobot.a(sensors.oram)
                0x00000000002048a0                init_sensors
 .text.set_digi0
                0x00000000002048ec       0x44 /user/5/raymondp/mdl2lus2osek/current/nxtOSEK/ecrobot/libecrobot.a(sensors.oram)
                0x00000000002048ec                set_digi0
 .text.nxt_lcd_command
                0x0000000000204930       0x18 /user/5/raymondp/mdl2lus2osek/current/nxtOSEK/ecrobot/libecrobot.a(nxt_lcd.oram)
                0x0000000000204930                nxt_lcd_command
 .text.nxt_lcd_set_col
                0x0000000000204948       0x24 /user/5/raymondp/mdl2lus2osek/current/nxtOSEK/ecrobot/libecrobot.a(nxt_lcd.oram)
                0x0000000000204948                nxt_lcd_set_col
 .text.nxt_lcd_set_multiplex_rate
                0x000000000020496c       0x18 /user/5/raymondp/mdl2lus2osek/current/nxtOSEK/ecrobot/libecrobot.a(nxt_lcd.oram)
                0x000000000020496c                nxt_lcd_set_multiplex_rate
 .text.nxt_lcd_set_page_address
                0x0000000000204984       0x18 /user/5/raymondp/mdl2lus2osek/current/nxtOSEK/ecrobot/libecrobot.a(nxt_lcd.oram)
                0x0000000000204984                nxt_lcd_set_page_address
 .text.nxt_lcd_set_pot
                0x000000000020499c       0x1c /user/5/raymondp/mdl2lus2osek/current/nxtOSEK/ecrobot/libecrobot.a(nxt_lcd.oram)
                0x000000000020499c                nxt_lcd_set_pot
 .text.nxt_lcd_set_ram_address_control
                0x00000000002049b8       0x18 /user/5/raymondp/mdl2lus2osek/current/nxtOSEK/ecrobot/libecrobot.a(nxt_lcd.oram)
                0x00000000002049b8                nxt_lcd_set_ram_address_control
 .text.nxt_lcd_enable
                0x00000000002049d0       0x14 /user/5/raymondp/mdl2lus2osek/current/nxtOSEK/ecrobot/libecrobot.a(nxt_lcd.oram)
                0x00000000002049d0                nxt_lcd_enable
 .text.nxt_lcd_set_map_control
                0x00000000002049e4       0x18 /user/5/raymondp/mdl2lus2osek/current/nxtOSEK/ecrobot/libecrobot.a(nxt_lcd.oram)
                0x00000000002049e4                nxt_lcd_set_map_control
 .text.nxt_lcd_reset
                0x00000000002049fc        0xc /user/5/raymondp/mdl2lus2osek/current/nxtOSEK/ecrobot/libecrobot.a(nxt_lcd.oram)
                0x00000000002049fc                nxt_lcd_reset
 .text.nxt_lcd_set_bias_ratio
                0x0000000000204a08       0x18 /user/5/raymondp/mdl2lus2osek/current/nxtOSEK/ecrobot/libecrobot.a(nxt_lcd.oram)
                0x0000000000204a08                nxt_lcd_set_bias_ratio
 .text.nxt_lcd_force_update
                0x0000000000204a20       0x30 /user/5/raymondp/mdl2lus2osek/current/nxtOSEK/ecrobot/libecrobot.a(nxt_lcd.oram)
                0x0000000000204a20                nxt_lcd_force_update
 .text.nxt_lcd_update
                0x0000000000204a50        0xc /user/5/raymondp/mdl2lus2osek/current/nxtOSEK/ecrobot/libecrobot.a(nxt_lcd.oram)
                0x0000000000204a50                nxt_lcd_update
 .text.nxt_lcd_power_up
                0x0000000000204a5c       0x48 /user/5/raymondp/mdl2lus2osek/current/nxtOSEK/ecrobot/libecrobot.a(nxt_lcd.oram)
                0x0000000000204a5c                nxt_lcd_power_up
 .text.nxt_lcd_power_down
                0x0000000000204aa4        0xc /user/5/raymondp/mdl2lus2osek/current/nxtOSEK/ecrobot/libecrobot.a(nxt_lcd.oram)
                0x0000000000204aa4                nxt_lcd_power_down
 .text.nxt_lcd_init
                0x0000000000204ab0       0x18 /user/5/raymondp/mdl2lus2osek/current/nxtOSEK/ecrobot/libecrobot.a(nxt_lcd.oram)
                0x0000000000204ab0                nxt_lcd_init
 .text.verify_flash_page
                0x0000000000204ac8       0x34 /user/5/raymondp/mdl2lus2osek/current/nxtOSEK/ecrobot/libecrobot.a(flash_loader.oram)
 .text.set_flash_request
                0x0000000000204afc       0x38 /user/5/raymondp/mdl2lus2osek/current/nxtOSEK/ecrobot/libecrobot.a(flash_loader.oram)
                0x0000000000204afc                set_flash_request
 .text.nxt_device_init
                0x0000000000204b34       0x38 /user/5/raymondp/mdl2lus2osek/current/nxtOSEK/ecrobot/libecrobot.a(flash_loader.oram)
                0x0000000000204b34                nxt_device_init
 .text          0x0000000000204b6c       0x68 /user/5/raymondp/mdl2lus2osek/current/nxtOSEK/ecrobot/libecrobot.a(interrupts.oram)
                0x0000000000204b6c                interrupts_get_and_disable
                0x0000000000204b90                interrupts_enable
                0x0000000000204ba0                fiq_get_and_disable
                0x0000000000204bc4                fiq_enable
 .text.flash_write_page
                0x0000000000204bd4       0xc0 /user/5/raymondp/mdl2lus2osek/current/nxtOSEK/ecrobot/libecrobot.a(flashprog.oram)
                0x0000000000204bd4                flash_write_page
                0x0000000000204ca0                . = ALIGN (0x10)
 *fill*         0x0000000000204c94        0xc 00
 *.oram(*.rodata *.rodata.*)
 .rodata.ld     0x0000000000204ca0        0x4 /user/5/raymondp/mdl2lus2osek/current/nxtOSEK/ecrobot/libecrobot.a(udp.oram)
 .rodata.cfd    0x0000000000204ca4       0x20 /user/5/raymondp/mdl2lus2osek/current/nxtOSEK/ecrobot/libecrobot.a(udp.oram)
 .rodata.dd     0x0000000000204cc4       0x12 /user/5/raymondp/mdl2lus2osek/current/nxtOSEK/ecrobot/libecrobot.a(udp.oram)
 *fill*         0x0000000000204cd6        0x2 00
 .rodata.str1.4
                0x0000000000204cd8       0x22 /user/5/raymondp/mdl2lus2osek/current/nxtOSEK/ecrobot/libecrobot.a(data_abort.oram)
                                         0x24 (size before relaxing)
 .rodata.font   0x0000000000204cfa      0x280 /user/5/raymondp/mdl2lus2osek/current/nxtOSEK/ecrobot/libecrobot.a(display.oram)
 *fill*         0x0000000000204f7a        0x2 00
 .rodata.str1.4
                0x0000000000204f7c       0x76 /user/5/raymondp/mdl2lus2osek/current/nxtOSEK/ecrobot/libecrobot.a(display.oram)
                                         0x78 (size before relaxing)
 *fill*         0x0000000000204ff2        0x2 00
 .rodata.i2c_pin
                0x0000000000204ff4       0x20 /user/5/raymondp/mdl2lus2osek/current/nxtOSEK/ecrobot/libecrobot.a(i2c.oram)
 .rodata.i2c_timer_isr_C
                0x0000000000205014       0x38 /user/5/raymondp/mdl2lus2osek/current/nxtOSEK/ecrobot/libecrobot.a(i2c.oram)
 .rodata.silence
                0x000000000020504c       0x40 /user/5/raymondp/mdl2lus2osek/current/nxtOSEK/ecrobot/libecrobot.a(sound.oram)
                0x000000000020504c                silence
 .rodata.sample_pattern
                0x000000000020508c       0x84 /user/5/raymondp/mdl2lus2osek/current/nxtOSEK/ecrobot/libecrobot.a(sound.oram)
                0x000000000020508c                sample_pattern
 .rodata        0x0000000000205110        0xc /user/5/raymondp/mdl2lus2osek/current/nxtOSEK/ecrobot/libecrobot.a(sound.oram)
 .rodata.avr_brainwash_string
                0x000000000020511c       0x30 /user/5/raymondp/mdl2lus2osek/current/nxtOSEK/ecrobot/libecrobot.a(nxt_avr.oram)
                0x000000000020511c                avr_brainwash_string
 .rodata.nxt_avr_1kHz_update
                0x000000000020514c       0x14 /user/5/raymondp/mdl2lus2osek/current/nxtOSEK/ecrobot/libecrobot.a(nxt_avr.oram)
 .rodata.C.33.1823
                0x0000000000205160       0x10 /user/5/raymondp/mdl2lus2osek/current/nxtOSEK/ecrobot/libecrobot.a(sensors.oram)
 .rodata.C.37.1857
                0x0000000000205170       0x10 /user/5/raymondp/mdl2lus2osek/current/nxtOSEK/ecrobot/libecrobot.a(sensors.oram)
 .rodata.C.31.1806
                0x0000000000205180       0x10 /user/5/raymondp/mdl2lus2osek/current/nxtOSEK/ecrobot/libecrobot.a(sensors.oram)
 .rodata.str1.4
                0x0000000000205190       0x24 /user/5/raymondp/mdl2lus2osek/current/nxtOSEK/ecrobot/libecrobot.a(flash_loader.oram)
 *fill*         0x00000000002051b4        0x4 00
 .rodata.str1.4.stub
                0x00000000002051b8       0x10 linker stubs
                0x00000000002051d0                . = ALIGN (0x10)
 *fill*         0x00000000002051c8        0x8 00
                0x00000000002022c0                __ramtext_ram_start__ = ADDR (.ram_text)
                0x00000000002051d0                __ramtext_ram_end__ = (ADDR (.ram_text) + SIZEOF (.ram_text))
                0x00000000002022c0                __ramtext_load_start__ = LOADADDR (.ram_text)
                0x00000000002051d0                __ramtext_load_end__ = (__ramtext_load_start__ + SIZEOF (.ram_text))

.wav_data       0x00000000002051d0        0x0
 *.owav(*.data *.data.*)
                0x00000000002051d0                . = ALIGN (0x10)

.bmp_data       0x00000000002051d0      0x440
 *.obmp(*.data *.data.*)
 .data          0x00000000002051d0      0x43e /user/5/raymondp/mdl2lus2osek/current/nxtOSEK/ecrobot/libecrobot.a(nxtosek_splash.obmp)
                0x00000000002051d0                nxtosek_splash_bmp_start
                0x000000000020560e                nxtosek_splash_bmp_end
                0x0000000000205610                . = ALIGN (0x10)
 *fill*         0x000000000020560e        0x2 00

.spr_data       0x0000000000205610        0x0
 *.ospr(*.data *.data.*)
                0x0000000000205610                . = ALIGN (0x10)

.data           0x0000000000205610       0xa0
 *(*.data *.data.*)
 .data.kp_teta  0x0000000000205610        0x8 ./build/decision.o
                0x0000000000205610                kp_teta
 .data.ki_teta  0x0000000000205618        0x8 ./build/decision.o
                0x0000000000205618                ki_teta
 .data.pi       0x0000000000205620        0x8 ./build/decision.o
                0x0000000000205620                pi
 .data.T        0x0000000000205628        0x8 ./build/decision.o
                0x0000000000205628                T
 .data.threshold_distance
                0x0000000000205630        0x8 ./build/controle.o
                0x0000000000205630                threshold_distance
 .data.threshold_noir
                0x0000000000205638        0x8 ./build/controle.o
                0x0000000000205638                threshold_noir
 .data.threshold_blanc
                0x0000000000205640        0x8 ./build/controle.o
                0x0000000000205640                threshold_blanc
 .data.distance_state
                0x0000000000205648       0x10 /user/5/raymondp/mdl2lus2osek/current/nxtOSEK/ecrobot/libecrobot.a(ecrobot_interface.o)
 .data.deviceStatus
                0x0000000000205658        0x1 /user/5/raymondp/mdl2lus2osek/current/nxtOSEK/ecrobot/libecrobot.a(ecrobot_interface.o)
 .bss.data.2619
                0x0000000000205659        0x4 /user/5/raymondp/mdl2lus2osek/current/nxtOSEK/ecrobot/libecrobot.a(ecrobot_interface.o)
 .data.named    0x000000000020565d       0x22 /user/5/raymondp/mdl2lus2osek/current/nxtOSEK/ecrobot/libecrobot.a(udp.oram)
 .data.snd      0x000000000020567f       0x1a /user/5/raymondp/mdl2lus2osek/current/nxtOSEK/ecrobot/libecrobot.a(udp.oram)
 *fill*         0x0000000000205699        0x3 00
 .data.configured
                0x000000000020569c        0x4 /user/5/raymondp/mdl2lus2osek/current/nxtOSEK/ecrobot/libecrobot.a(udp.oram)
 .data.mode     0x00000000002056a0        0x1 /user/5/raymondp/mdl2lus2osek/current/nxtOSEK/ecrobot/libecrobot.a(nxt_spi.oram)
                0x00000000002056a0                mode
 *fill*         0x00000000002056a1        0x3 00
 .bss.data      0x00000000002056a4        0x4 /user/5/raymondp/mdl2lus2osek/current/nxtOSEK/ecrobot/libecrobot.a(nxt_spi.oram)
                0x00000000002056a4                data
 .data.display_auto_update
                0x00000000002056a8        0x4 /user/5/raymondp/mdl2lus2osek/current/nxtOSEK/ecrobot/libecrobot.a(display.oram)
                0x00000000002056a8                display_auto_update
 .data.display_buffer
                0x00000000002056ac        0x4 /user/5/raymondp/mdl2lus2osek/current/nxtOSEK/ecrobot/libecrobot.a(display.oram)
                0x00000000002056b0                . = ALIGN (0x10)
                0x0000000000205610                __data_ram_start__ = ADDR (.data)
                0x00000000002056b0                __data_ram_end__ = (ADDR (.data) + SIZEOF (.data))
                0x0000000000205610                __data_load_start__ = LOADADDR (.data)
                0x00000000002056b0                __data_load_end__ = (__data_load_start__ + SIZEOF (.data))

.text           0x00000000002056b0     0x2a80
                0x00000000002056b0                . = ALIGN (0x10)
 *(*.text *.text.* *.glue*)
 .glue_7        0x00000000002056b0       0x18 linker stubs
                0x00000000002056b0                __call_posttaskhook_from_arm
                0x00000000002056bc                __call_pretaskhook_from_arm
 .glue_7t       0x0000000000000000        0x0 linker stubs
 .text.enqueue_alarm
                0x00000000002056c8       0x94 ./build/alarm.o
 .text.alarm_initialize
                0x000000000020575c       0x98 ./build/alarm.o
                0x000000000020575c                alarm_initialize
 .text.unlock_cpu
                0x00000000002057f4        0xc ./build/alarm.o
 .text.lock_cpu
                0x0000000000205800        0xc ./build/alarm.o
 .text.SignalCounter
                0x000000000020580c      0x128 ./build/alarm.o
                0x000000000020580c                SignalCounter
 .text.ShutdownOS
                0x0000000000205934       0x4c ./build/osctl.o
                0x0000000000205934                ShutdownOS
 .text.StartOS  0x0000000000205980       0x58 ./build/osctl.o
                0x0000000000205980                StartOS
 .text.call_pretaskhook
                0x00000000002059d8       0x24 ./build/osctl.o
                0x00000000002059d8                call_pretaskhook
 .text.call_posttaskhook
                0x00000000002059fc       0x24 ./build/osctl.o
                0x00000000002059fc                call_posttaskhook
 .text.call_errorhook
                0x0000000000205a20       0x78 ./build/osctl.o
                0x0000000000205a20                call_errorhook
 .text.resource_initialize
                0x0000000000205a98       0x20 ./build/resource.o
                0x0000000000205a98                resource_initialize
 .text.make_runnable
                0x0000000000205ab8       0xa4 ./build/task.o
                0x0000000000205ab8                make_runnable
 .text.make_active
                0x0000000000205b5c       0x78 ./build/task.o
                0x0000000000205b5c                make_active
 .text.task_initialize
                0x0000000000205bd4       0x88 ./build/task.o
                0x0000000000205bd4                task_initialize
 .text.search_schedtsk
                0x0000000000205c5c       0x90 ./build/task.o
                0x0000000000205c5c                search_schedtsk
 .text.unlock_cpu
                0x0000000000205cec        0xc ./build/task_manage.o
 .text.lock_cpu
                0x0000000000205cf8        0xc ./build/task_manage.o
 .text.ActivateTask
                0x0000000000205d04       0x8c ./build/task_manage.o
                0x0000000000205d04                ActivateTask
 .text.TerminateTask
                0x0000000000205d90       0x74 ./build/task_manage.o
                0x0000000000205d90                TerminateTask
 .text.cpu_initialize
                0x0000000000205e04        0x4 ./build/cpu_config.o
                0x0000000000205e04                cpu_initialize
 .text.cpu_terminate
                0x0000000000205e08        0x4 ./build/cpu_config.o
                0x0000000000205e08                cpu_terminate
 .text.sys_initialize
                0x0000000000205e0c        0x4 ./build/sys_config.o
                0x0000000000205e0c                sys_initialize
 .text.sys_exit
                0x0000000000205e10        0x4 ./build/sys_config.o
                0x0000000000205e10                sys_exit
 .text._activate_alarm_cyclic_alarm2
                0x0000000000205e14        0xc ./build/kernel_cfg.o
 .text._activate_alarm_cyclic_alarm1
                0x0000000000205e20        0xc ./build/kernel_cfg.o
 .text.object_initialize
                0x0000000000205e2c       0x18 ./build/kernel_cfg.o
                0x0000000000205e2c                object_initialize
 .text.init_OS_flag
                0x0000000000205e44        0xc ./build/ecrobot_base.o
                0x0000000000205e44                init_OS_flag
 .text.set_OS_flag
                0x0000000000205e50        0xc ./build/ecrobot_base.o
                0x0000000000205e50                set_OS_flag
 .text.get_OS_flag
                0x0000000000205e5c        0xc ./build/ecrobot_base.o
                0x0000000000205e5c                get_OS_flag
 .text.cpp_constructor
                0x0000000000205e68       0x28 ./build/ecrobot_base.o
                0x0000000000205e68                cpp_constructor
 .text.cpp_destructor
                0x0000000000205e90       0x28 ./build/ecrobot_base.o
                0x0000000000205e90                cpp_destructor
 .text.execution_mode
                0x0000000000205eb8       0x14 ./build/ecrobot_base.o
                0x0000000000205eb8                execution_mode
 .text.check_NXT_buttons
                0x0000000000205ecc       0x7c ./build/ecrobot_base.o
                0x0000000000205ecc                check_NXT_buttons
 .text.add_status_info
                0x0000000000205f48       0x68 ./build/ecrobot_base.o
                0x0000000000205f48                add_status_info
 .text.show_main_screen
                0x0000000000205fb0       0x48 ./build/ecrobot_base.o
                0x0000000000205fb0                show_main_screen
 .text.display_status_bar
                0x0000000000205ff8       0x5c ./build/ecrobot_base.o
                0x0000000000205ff8                display_status_bar
 .text.show_splash_screen
                0x0000000000206054       0x98 ./build/ecrobot_base.o
                0x0000000000206054                show_splash_screen
 .text.main     0x00000000002060ec      0x104 ./build/ecrobot.o
                0x00000000002060ec                main
 .text.decision_I_Cg
                0x00000000002061f0        0xc ./build/decision.o
                0x00000000002061f0                decision_I_Cg
 .text.decision_I_Cd
                0x00000000002061fc        0xc ./build/decision.o
                0x00000000002061fc                decision_I_Cd
 .text.decision_I_state_bool_n
                0x0000000000206208        0xc ./build/decision.o
                0x0000000000206208                decision_I_state_bool_n
 .text.decision_reset
                0x0000000000206214       0x10 ./build/decision.o
                0x0000000000206214                decision_reset
 .text.decision_step
                0x0000000000206224      0x1e8 ./build/decision.o
                0x0000000000206224                decision_step
 .text.controle_I_Collision_n
                0x000000000020640c        0xc ./build/controle.o
                0x000000000020640c                controle_I_Collision_n
 .text.controle_I_Cd_in
                0x0000000000206418        0xc ./build/controle.o
                0x0000000000206418                controle_I_Cd_in
 .text.controle_reset
                0x0000000000206424       0x1c ./build/controle.o
                0x0000000000206424                controle_reset
 .text.controle_step
                0x0000000000206440      0x17c ./build/controle.o
                0x0000000000206440                controle_step
 .text.decision_O_Cd_out
                0x00000000002065bc        0xc ./build/control_multitache_glue.o
                0x00000000002065bc                decision_O_Cd_out
 .text.controle_O_state_switch_n
                0x00000000002065c8        0xc ./build/control_multitache_glue.o
                0x00000000002065c8                controle_O_state_switch_n
 .text.TaskMainHighTask
                0x00000000002065d4       0x70 ./build/control_multitache_glue.o
                0x00000000002065d4                TaskMainHighTask
 .text.TaskMainLowTask
                0x0000000000206644       0x44 ./build/control_multitache_glue.o
                0x0000000000206644                TaskMainLowTask
 .text.decision_O_v_g
                0x0000000000206688       0x78 ./build/control_multitache_glue.o
                0x0000000000206688                decision_O_v_g
 .text.decision_O_v_d
                0x0000000000206700       0x78 ./build/control_multitache_glue.o
                0x0000000000206700                decision_O_v_d
 .text.usr_init
                0x0000000000206778       0x10 ./build/control_multitache_glue.o
                0x0000000000206778                usr_init
 .text.ecrobot_device_terminate
                0x0000000000206788       0x18 ./build/control_multitache_glue.o
                0x0000000000206788                ecrobot_device_terminate
 .text.ecrobot_device_initialize
                0x00000000002067a0       0x18 ./build/control_multitache_glue.o
                0x00000000002067a0                ecrobot_device_initialize
 .text.user_1ms_isr_type2
                0x00000000002067b8       0x1c ./build/control_multitache_glue.o
                0x00000000002067b8                user_1ms_isr_type2
 *fill*         0x00000000002067d4        0xc 00
 .text          0x00000000002067e0      0x230 ./build/cpu_support.o
                0x00000000002067e0                dispatch
                0x0000000000206820                activate_r
                0x0000000000206850                exit_and_dispatch
                0x0000000000206860                start_dispatch
                0x000000000020691c                _interrupt
                0x000000000020698c                int_return
                0x00000000002069b8                disable_int
                0x00000000002069c0                enable_int
                0x00000000002069c8                nop
 .text.ecrobot_set_light_sensor_active
                0x0000000000206a10       0x10 /user/5/raymondp/mdl2lus2osek/current/nxtOSEK/ecrobot/libecrobot.a(ecrobot_interface.o)
                0x0000000000206a10                ecrobot_set_light_sensor_active
 .text.ecrobot_set_light_sensor_inactive
                0x0000000000206a20       0x10 /user/5/raymondp/mdl2lus2osek/current/nxtOSEK/ecrobot/libecrobot.a(ecrobot_interface.o)
                0x0000000000206a20                ecrobot_set_light_sensor_inactive
 .text.ecrobot_get_light_sensor
                0x0000000000206a30       0x14 /user/5/raymondp/mdl2lus2osek/current/nxtOSEK/ecrobot/libecrobot.a(ecrobot_interface.o)
                0x0000000000206a30                ecrobot_get_light_sensor
 .text.ecrobot_init_i2c
                0x0000000000206a44       0x28 /user/5/raymondp/mdl2lus2osek/current/nxtOSEK/ecrobot/libecrobot.a(ecrobot_interface.o)
                0x0000000000206a44                ecrobot_init_i2c
 .text.ecrobot_init_sonar_sensor
                0x0000000000206a6c       0x10 /user/5/raymondp/mdl2lus2osek/current/nxtOSEK/ecrobot/libecrobot.a(ecrobot_interface.o)
                0x0000000000206a6c                ecrobot_init_sonar_sensor
 .text.ecrobot_get_sonar_sensor
                0x0000000000206a7c       0x48 /user/5/raymondp/mdl2lus2osek/current/nxtOSEK/ecrobot/libecrobot.a(ecrobot_interface.o)
                0x0000000000206a7c                ecrobot_get_sonar_sensor
 .text.ecrobot_term_sonar_sensor
                0x0000000000206ac4       0x20 /user/5/raymondp/mdl2lus2osek/current/nxtOSEK/ecrobot/libecrobot.a(ecrobot_interface.o)
                0x0000000000206ac4                ecrobot_term_sonar_sensor
 .text.ecrobot_get_battery_voltage
                0x0000000000206ae4        0xc /user/5/raymondp/mdl2lus2osek/current/nxtOSEK/ecrobot/libecrobot.a(ecrobot_interface.o)
                0x0000000000206ae4                ecrobot_get_battery_voltage
 .text.ecrobot_get_button_state
                0x0000000000206af0        0xc /user/5/raymondp/mdl2lus2osek/current/nxtOSEK/ecrobot/libecrobot.a(ecrobot_interface.o)
                0x0000000000206af0                ecrobot_get_button_state
 .text.ecrobot_init_nxtstate
                0x0000000000206afc       0x28 /user/5/raymondp/mdl2lus2osek/current/nxtOSEK/ecrobot/libecrobot.a(ecrobot_interface.o)
                0x0000000000206afc                ecrobot_init_nxtstate
 .text.ecrobot_poll_nxtstate
                0x0000000000206b24       0x64 /user/5/raymondp/mdl2lus2osek/current/nxtOSEK/ecrobot/libecrobot.a(ecrobot_interface.o)
                0x0000000000206b24                ecrobot_poll_nxtstate
 .text.ecrobot_setDeviceInitialized
                0x0000000000206b88       0x14 /user/5/raymondp/mdl2lus2osek/current/nxtOSEK/ecrobot/libecrobot.a(ecrobot_interface.o)
                0x0000000000206b88                ecrobot_setDeviceInitialized
 .text.ecrobot_bmp2lcd
                0x0000000000206b9c      0x1c8 /user/5/raymondp/mdl2lus2osek/current/nxtOSEK/ecrobot/libecrobot.a(ecrobot_interface.o)
                0x0000000000206b9c                ecrobot_bmp2lcd
 .text.StartupHook
                0x0000000000206d64        0x4 /user/5/raymondp/mdl2lus2osek/current/nxtOSEK/ecrobot/libecrobot.a(osek_hook.o)
                0x0000000000206d64                StartupHook
 .text.PreTaskHook
                0x0000000000206d68        0x4 /user/5/raymondp/mdl2lus2osek/current/nxtOSEK/ecrobot/libecrobot.a(osek_hook.o)
                0x0000000000206d68                PreTaskHook
 .text.PostTaskHook
                0x0000000000206d6c        0x4 /user/5/raymondp/mdl2lus2osek/current/nxtOSEK/ecrobot/libecrobot.a(osek_hook.o)
                0x0000000000206d6c                PostTaskHook
 .text.ErrorHook
                0x0000000000206d70        0x4 /user/5/raymondp/mdl2lus2osek/current/nxtOSEK/ecrobot/libecrobot.a(osek_hook.o)
                0x0000000000206d70                ErrorHook
 .text.ShutdownHook
                0x0000000000206d74        0x4 /user/5/raymondp/mdl2lus2osek/current/nxtOSEK/ecrobot/libecrobot.a(osek_hook.o)
                0x0000000000206d74                ShutdownHook
 .text          0x0000000000206d78       0x8c /user/5/.base/raymondp/home/mdl2lus2osek/gnu-arm/4.4.2.nxt.x86_64.2013/bin/../lib/gcc/arm-elf/4.4.2/thumb/interwork/libgcc.a(_udivsi3.o)
                0x0000000000206d78                __udivsi3
                0x0000000000206d78                __aeabi_uidiv
                0x0000000000206df4                __aeabi_uidivmod
 .text          0x0000000000206e04       0xc8 /user/5/.base/raymondp/home/mdl2lus2osek/gnu-arm/4.4.2.nxt.x86_64.2013/bin/../lib/gcc/arm-elf/4.4.2/thumb/interwork/libgcc.a(_umodsi3.o)
                0x0000000000206e04                __umodsi3
 .text          0x0000000000206ecc        0x4 /user/5/.base/raymondp/home/mdl2lus2osek/gnu-arm/4.4.2.nxt.x86_64.2013/bin/../lib/gcc/arm-elf/4.4.2/thumb/interwork/libgcc.a(_dvmd_tls.o)
                0x0000000000206ecc                __aeabi_ldiv0
                0x0000000000206ecc                __div0
                0x0000000000206ecc                __aeabi_idiv0
 .text          0x0000000000206ed0      0x430 /user/5/.base/raymondp/home/mdl2lus2osek/gnu-arm/4.4.2.nxt.x86_64.2013/bin/../lib/gcc/arm-elf/4.4.2/thumb/interwork/libgcc.a(_arm_addsubdf3.o)
                0x0000000000206ed0                __aeabi_drsub
                0x0000000000206ed8                __aeabi_dsub
                0x0000000000206ed8                __subdf3
                0x0000000000206edc                __adddf3
                0x0000000000206edc                __aeabi_dadd
                0x00000000002071ec                __aeabi_ui2d
                0x00000000002071ec                __floatunsidf
                0x0000000000207214                __floatsidf
                0x0000000000207214                __aeabi_i2d
                0x0000000000207240                __extendsfdf2
                0x0000000000207240                __aeabi_f2d
                0x0000000000207280                __aeabi_ul2d
                0x0000000000207280                __floatundidf
                0x0000000000207294                __floatdidf
                0x0000000000207294                __aeabi_l2d
 .text          0x0000000000207300      0x49c /user/5/.base/raymondp/home/mdl2lus2osek/gnu-arm/4.4.2.nxt.x86_64.2013/bin/../lib/gcc/arm-elf/4.4.2/thumb/interwork/libgcc.a(_arm_muldivdf3.o)
                0x0000000000207300                __aeabi_dmul
                0x0000000000207300                __muldf3
                0x0000000000207590                __aeabi_ddiv
                0x0000000000207590                __divdf3
 .text          0x000000000020779c      0x140 /user/5/.base/raymondp/home/mdl2lus2osek/gnu-arm/4.4.2.nxt.x86_64.2013/bin/../lib/gcc/arm-elf/4.4.2/thumb/interwork/libgcc.a(_arm_cmpdf2.o)
                0x000000000020779c                __gtdf2
                0x000000000020779c                __gedf2
                0x00000000002077a4                __ltdf2
                0x00000000002077a4                __ledf2
                0x00000000002077ac                __cmpdf2
                0x00000000002077ac                __eqdf2
                0x00000000002077ac                __nedf2
                0x0000000000207830                __aeabi_cdrcmple
                0x000000000020784c                __aeabi_cdcmple
                0x000000000020784c                __aeabi_cdcmpeq
                0x0000000000207864                __aeabi_dcmpeq
                0x000000000020787c                __aeabi_dcmplt
                0x0000000000207894                __aeabi_dcmple
                0x00000000002078ac                __aeabi_dcmpge
                0x00000000002078c4                __aeabi_dcmpgt
 .text          0x00000000002078dc       0x5c /user/5/.base/raymondp/home/mdl2lus2osek/gnu-arm/4.4.2.nxt.x86_64.2013/bin/../lib/gcc/arm-elf/4.4.2/thumb/interwork/libgcc.a(_arm_fixdfsi.o)
                0x00000000002078dc                __fixdfsi
                0x00000000002078dc                __aeabi_d2iz
 .text          0x0000000000207938      0x2ac /user/5/.base/raymondp/home/mdl2lus2osek/gnu-arm/4.4.2.nxt.x86_64.2013/bin/../lib/gcc/arm-elf/4.4.2/thumb/interwork/libgcc.a(_arm_addsubsf3.o)
                0x0000000000207938                __aeabi_frsub
                0x0000000000207940                __subsf3
                0x0000000000207940                __aeabi_fsub
                0x0000000000207944                __aeabi_fadd
                0x0000000000207944                __addsf3
                0x0000000000207b00                __aeabi_ui2f
                0x0000000000207b00                __floatunsisf
                0x0000000000207b08                __aeabi_i2f
                0x0000000000207b08                __floatsisf
                0x0000000000207b28                __floatundisf
                0x0000000000207b28                __aeabi_ul2f
                0x0000000000207b38                __floatdisf
                0x0000000000207b38                __aeabi_l2f
 .text          0x0000000000207be4      0x2f8 /user/5/.base/raymondp/home/mdl2lus2osek/gnu-arm/4.4.2.nxt.x86_64.2013/bin/../lib/gcc/arm-elf/4.4.2/thumb/interwork/libgcc.a(_arm_muldivsf3.o)
                0x0000000000207be4                __mulsf3
                0x0000000000207be4                __aeabi_fmul
                0x0000000000207d7c                __divsf3
                0x0000000000207d7c                __aeabi_fdiv
 .text          0x0000000000207edc       0x98 /user/5/.base/raymondp/home/mdl2lus2osek/gnu-arm/4.4.2.nxt.x86_64.2013/bin/../lib/gcc/arm-elf/4.4.2/../../../../arm-elf/lib/thumb/interwork/libc.a(lib_a-memset.o)
                0x0000000000207edc                memset
 .text          0x0000000000207f74       0x10 /user/5/.base/raymondp/home/mdl2lus2osek/gnu-arm/4.4.2.nxt.x86_64.2013/bin/../lib/gcc/arm-elf/4.4.2/../../../../arm-elf/lib/thumb/interwork/libc.a(lib_a-strcpy.o)
                0x0000000000207f74                strcpy
 .text          0x0000000000207f84       0x10 /user/5/.base/raymondp/home/mdl2lus2osek/gnu-arm/4.4.2.nxt.x86_64.2013/bin/../lib/gcc/arm-elf/4.4.2/../../../../arm-elf/lib/thumb/interwork/libc.a(lib_a-strlen.o)
                0x0000000000207f84                strlen
                0x0000000000207fa0                . = ALIGN (0x10)
 *fill*         0x0000000000207f94        0xc 00
 *(*.rodata *.rodata.*)
 .rodata.search_table.1033
                0x0000000000207fa0       0x10 ./build/task.o
 .rodata.tnum_resource
                0x0000000000207fb0        0x1 ./build/kernel_cfg.o
                0x0000000000207fb0                tnum_resource
 *fill*         0x0000000000207fb1        0x3 00
 .rodata.alminib_cback
                0x0000000000207fb4        0x8 ./build/kernel_cfg.o
                0x0000000000207fb4                alminib_cback
 .rodata.alminib_cntid
                0x0000000000207fbc        0x4 ./build/kernel_cfg.o
                0x0000000000207fbc                alminib_cntid
 .rodata.tinib_maxact
                0x0000000000207fc0        0x4 ./build/kernel_cfg.o
                0x0000000000207fc0                tinib_maxact
 .rodata.cntinib_tickbase
                0x0000000000207fc4        0x4 ./build/kernel_cfg.o
                0x0000000000207fc4                cntinib_tickbase
 .rodata.tnum_task
                0x0000000000207fc8        0x1 ./build/kernel_cfg.o
                0x0000000000207fc8                tnum_task
 *fill*         0x0000000000207fc9        0x3 00
 .rodata.cntinib_maxval
                0x0000000000207fcc        0x4 ./build/kernel_cfg.o
                0x0000000000207fcc                cntinib_maxval
 .rodata.alminib_almval
                0x0000000000207fd0        0x8 ./build/kernel_cfg.o
                0x0000000000207fd0                alminib_almval
 .rodata.tinib_stksz
                0x0000000000207fd8        0x4 ./build/kernel_cfg.o
                0x0000000000207fd8                tinib_stksz
 .rodata.alminib_cycle
                0x0000000000207fdc        0x8 ./build/kernel_cfg.o
                0x0000000000207fdc                alminib_cycle
 .rodata.tinib_inipri
                0x0000000000207fe4        0x4 ./build/kernel_cfg.o
                0x0000000000207fe4                tinib_inipri
 .rodata.tnum_counter
                0x0000000000207fe8        0x1 ./build/kernel_cfg.o
                0x0000000000207fe8                tnum_counter
 *fill*         0x0000000000207fe9        0x3 00
 .rodata.cntinib_maxval2
                0x0000000000207fec        0x4 ./build/kernel_cfg.o
                0x0000000000207fec                cntinib_maxval2
 .rodata.tinib_stk
                0x0000000000207ff0        0x8 ./build/kernel_cfg.o
                0x0000000000207ff0                tinib_stk
 .rodata.tnum_exttask
                0x0000000000207ff8        0x1 ./build/kernel_cfg.o
                0x0000000000207ff8                tnum_exttask
 *fill*         0x0000000000207ff9        0x3 00
 .rodata.tinib_exepri
                0x0000000000207ffc        0x4 ./build/kernel_cfg.o
                0x0000000000207ffc                tinib_exepri
 .rodata.tinib_autoact
                0x0000000000208000        0x4 ./build/kernel_cfg.o
                0x0000000000208000                tinib_autoact
 .rodata.SysTimerCnt
                0x0000000000208004        0x1 ./build/kernel_cfg.o
                0x0000000000208004                SysTimerCnt
 .rodata.tnum_alarm
                0x0000000000208005        0x1 ./build/kernel_cfg.o
                0x0000000000208005                tnum_alarm
 *fill*         0x0000000000208006        0x2 00
 .rodata.tinib_task
                0x0000000000208008        0x8 ./build/kernel_cfg.o
                0x0000000000208008                tinib_task
 .rodata.alminib_autosta
                0x0000000000208010        0x4 ./build/kernel_cfg.o
                0x0000000000208010                alminib_autosta
 .rodata.str1.1
                0x0000000000208014       0x6c ./build/ecrobot_base.o
 .rodata.exec_addr
                0x0000000000208080        0x4 ./build/ecrobot_base.o
                0x0000000000208080                exec_addr
 *fill*         0x0000000000208084        0x4 00
 .rodata.exec_addr.stub
                0x0000000000208088       0xa0 linker stubs
                0x0000000000208130                . = ALIGN (0x10)
 *fill*         0x0000000000208128        0x8 00
 *(*.gnu.linkonce.* .gcc_except_table)
                0x0000000000208130                . = ALIGN (0x10)

.vfp11_veneer   0x00000000002056b0        0x0
 .vfp11_veneer  0x0000000000000000        0x0 linker stubs

.v4_bx          0x00000000002056b0        0x0
 .v4_bx         0x0000000000000000        0x0 linker stubs

.tors           0x0000000000208130        0x0
                0x0000000000208130                . = ALIGN (0x10)
                0x0000000000208130                __ctor_begin = .
 *(*.ctors*)
                0x0000000000208130                __ctor_end = .
                0x0000000000208130                . = ALIGN (0x10)
                0x0000000000208130                __dtor_begin = .
 *(*.dtors*)
                0x0000000000208130                __dtor_end = .
                0x0000000000208130                . = ALIGN (0x10)

.bss            0x0000000000208130     0x12ec
 *(*.bss *.bss.*)
 .bss.ready_queue_first
                0x0000000000208130       0x10 ./build/task.o
 .bss.ready_primap
                0x0000000000208140        0x2 ./build/task.o
 *fill*         0x0000000000208142        0x2 00
 .bss.ready_queue_last
                0x0000000000208144       0x10 ./build/task.o
 .bss._stack_HighTask
                0x0000000000208154      0x200 ./build/kernel_cfg.o
 .bss._stack_LowTask
                0x0000000000208354      0x200 ./build/kernel_cfg.o
 .bss.last_act_time.2732
                0x0000000000208554        0x4 ./build/ecrobot_base.o
 .bss.status_bar_position
                0x0000000000208558        0x4 ./build/ecrobot_base.o
 .bss.lcd.2654  0x000000000020855c      0x320 ./build/ecrobot_base.o
 .bss.status_bar
                0x000000000020887c       0x10 ./build/ecrobot_base.o
 .bss.OS_flag   0x000000000020888c        0x4 ./build/ecrobot_base.o
 .bss.ctx       0x0000000000208890       0x4c ./build/decision.o
 .bss.ctx       0x00000000002088dc       0x50 ./build/controle.o
 .bss.var_cd    0x000000000020892c        0x8 ./build/control_multitache_glue.o
                0x000000000020892c                var_cd
 .bss.var_switch
                0x0000000000208934        0x4 ./build/control_multitache_glue.o
                0x0000000000208934                var_switch
 .bss.buttons_i
                0x0000000000208938        0x4 /user/5/raymondp/mdl2lus2osek/current/nxtOSEK/ecrobot/libecrobot.a(ecrobot_interface.o)
 .bss.buttons_states
                0x000000000020893c       0x14 /user/5/raymondp/mdl2lus2osek/current/nxtOSEK/ecrobot/libecrobot.a(ecrobot_interface.o)
 .bss.ecrobot_inputs
                0x0000000000208950        0x8 /user/5/raymondp/mdl2lus2osek/current/nxtOSEK/ecrobot/libecrobot.a(ecrobot_interface.o)
 .bss.systick_ms
                0x0000000000208958        0x4 /user/5/raymondp/mdl2lus2osek/current/nxtOSEK/ecrobot/libecrobot.a(systick.oram)
 .bss.delayedEnable
                0x000000000020895c        0x1 /user/5/raymondp/mdl2lus2osek/current/nxtOSEK/ecrobot/libecrobot.a(udp.oram)
 *fill*         0x000000000020895d        0x3 00
 .bss.outCnt    0x0000000000208960        0x4 /user/5/raymondp/mdl2lus2osek/current/nxtOSEK/ecrobot/libecrobot.a(udp.oram)
 .bss.outPtr    0x0000000000208964        0x4 /user/5/raymondp/mdl2lus2osek/current/nxtOSEK/ecrobot/libecrobot.a(udp.oram)
 .bss.newAddress
                0x0000000000208968        0x4 /user/5/raymondp/mdl2lus2osek/current/nxtOSEK/ecrobot/libecrobot.a(udp.oram)
 .bss.currentRxBank
                0x000000000020896c        0x4 /user/5/raymondp/mdl2lus2osek/current/nxtOSEK/ecrobot/libecrobot.a(udp.oram)
 .bss.currentFeatures
                0x0000000000208970        0x4 /user/5/raymondp/mdl2lus2osek/current/nxtOSEK/ecrobot/libecrobot.a(udp.oram)
 .bss.currentConfig
                0x0000000000208974        0x1 /user/5/raymondp/mdl2lus2osek/current/nxtOSEK/ecrobot/libecrobot.a(udp.oram)
 *fill*         0x0000000000208975        0x3 00
 .bss.twi_mask  0x0000000000208978        0x4 /user/5/raymondp/mdl2lus2osek/current/nxtOSEK/ecrobot/libecrobot.a(twi.oram)
 .bss.twi_ptr   0x000000000020897c        0x4 /user/5/raymondp/mdl2lus2osek/current/nxtOSEK/ecrobot/libecrobot.a(twi.oram)
 .bss.twi_pending
                0x0000000000208980        0x4 /user/5/raymondp/mdl2lus2osek/current/nxtOSEK/ecrobot/libecrobot.a(twi.oram)
 .bss.twi_state
                0x0000000000208984        0x4 /user/5/raymondp/mdl2lus2osek/current/nxtOSEK/ecrobot/libecrobot.a(twi.oram)
 .bss.page      0x0000000000208988        0x1 /user/5/raymondp/mdl2lus2osek/current/nxtOSEK/ecrobot/libecrobot.a(nxt_spi.oram)
                0x0000000000208988                page
 .bss.dirty     0x0000000000208989        0x1 /user/5/raymondp/mdl2lus2osek/current/nxtOSEK/ecrobot/libecrobot.a(nxt_spi.oram)
                0x0000000000208989                dirty
 *fill*         0x000000000020898a        0x2 00
 .bss.display   0x000000000020898c        0x4 /user/5/raymondp/mdl2lus2osek/current/nxtOSEK/ecrobot/libecrobot.a(nxt_spi.oram)
                0x000000000020898c                display
 .bss.interrupts_this_period
                0x0000000000208990        0x4 /user/5/raymondp/mdl2lus2osek/current/nxtOSEK/ecrobot/libecrobot.a(nxt_motors.oram)
 .bss.nxt_motor_initialised
                0x0000000000208994        0x4 /user/5/raymondp/mdl2lus2osek/current/nxtOSEK/ecrobot/libecrobot.a(nxt_motors.oram)
 .bss.motor     0x0000000000208998       0x30 /user/5/raymondp/mdl2lus2osek/current/nxtOSEK/ecrobot/libecrobot.a(nxt_motors.oram)
 .bss.display_tick
                0x00000000002089c8        0x4 /user/5/raymondp/mdl2lus2osek/current/nxtOSEK/ecrobot/libecrobot.a(display.oram)
                0x00000000002089c8                display_tick
 .bss.display_array
                0x00000000002089cc      0x388 /user/5/raymondp/mdl2lus2osek/current/nxtOSEK/ecrobot/libecrobot.a(display.oram)
 .bss.i2c_int_count
                0x0000000000208d54        0x4 /user/5/raymondp/mdl2lus2osek/current/nxtOSEK/ecrobot/libecrobot.a(i2c.oram)
 .bss.i2c_port  0x0000000000208d58      0x170 /user/5/raymondp/mdl2lus2osek/current/nxtOSEK/ecrobot/libecrobot.a(i2c.oram)
 .bss.sound_mode
                0x0000000000208ec8        0x1 /user/5/raymondp/mdl2lus2osek/current/nxtOSEK/ecrobot/libecrobot.a(sound.oram)
                0x0000000000208ec8                sound_mode
 *fill*         0x0000000000208ec9        0x3 00
 .bss.in_buf_idx
                0x0000000000208ecc        0x4 /user/5/raymondp/mdl2lus2osek/current/nxtOSEK/ecrobot/libecrobot.a(bt.oram)
 .bss.buf_ptr   0x0000000000208ed0        0x4 /user/5/raymondp/mdl2lus2osek/current/nxtOSEK/ecrobot/libecrobot.a(bt.oram)
 .bss.out_buf_ptr
                0x0000000000208ed4        0x1 /user/5/raymondp/mdl2lus2osek/current/nxtOSEK/ecrobot/libecrobot.a(bt.oram)
 .bss.in_buf_in_ptr
                0x0000000000208ed5        0x1 /user/5/raymondp/mdl2lus2osek/current/nxtOSEK/ecrobot/libecrobot.a(bt.oram)
 .bss.in_buf    0x0000000000208ed6      0x100 /user/5/raymondp/mdl2lus2osek/current/nxtOSEK/ecrobot/libecrobot.a(bt.oram)
 *fill*         0x0000000000208fd6        0x2 00
 .bss.link_state
                0x0000000000208fd8        0x4 /user/5/raymondp/mdl2lus2osek/current/nxtOSEK/ecrobot/libecrobot.a(nxt_avr.oram)
 .bss.update_count
                0x0000000000208fdc        0x4 /user/5/raymondp/mdl2lus2osek/current/nxtOSEK/ecrobot/libecrobot.a(nxt_avr.oram)
 .bss.nxt_avr_stats
                0x0000000000208fe0       0x14 /user/5/raymondp/mdl2lus2osek/current/nxtOSEK/ecrobot/libecrobot.a(nxt_avr.oram)
 .bss.debounce_cnt
                0x0000000000208ff4        0x2 /user/5/raymondp/mdl2lus2osek/current/nxtOSEK/ecrobot/libecrobot.a(nxt_avr.oram)
 .bss.debounce_state
                0x0000000000208ff6        0x2 /user/5/raymondp/mdl2lus2osek/current/nxtOSEK/ecrobot/libecrobot.a(nxt_avr.oram)
 .bss.button_state
                0x0000000000208ff8        0x2 /user/5/raymondp/mdl2lus2osek/current/nxtOSEK/ecrobot/libecrobot.a(nxt_avr.oram)
 .bss.prev_buttons
                0x0000000000208ffa        0x2 /user/5/raymondp/mdl2lus2osek/current/nxtOSEK/ecrobot/libecrobot.a(nxt_avr.oram)
 .bss.from_buf  0x0000000000208ffc        0x4 /user/5/raymondp/mdl2lus2osek/current/nxtOSEK/ecrobot/libecrobot.a(nxt_avr.oram)
 .bss.io_from_avr
                0x0000000000209000        0x4 /user/5/raymondp/mdl2lus2osek/current/nxtOSEK/ecrobot/libecrobot.a(nxt_avr.oram)
 .bss.data_from_avr
                0x0000000000209004       0x1a /user/5/raymondp/mdl2lus2osek/current/nxtOSEK/ecrobot/libecrobot.a(nxt_avr.oram)
 .bss.data_to_avr
                0x000000000020901e        0x9 /user/5/raymondp/mdl2lus2osek/current/nxtOSEK/ecrobot/libecrobot.a(nxt_avr.oram)
 .bss.io_to_avr
                0x0000000000209027        0x8 /user/5/raymondp/mdl2lus2osek/current/nxtOSEK/ecrobot/libecrobot.a(nxt_avr.oram)
 *fill*         0x000000000020902f        0x1 00
 .bss.display   0x0000000000209030        0x4 /user/5/raymondp/mdl2lus2osek/current/nxtOSEK/ecrobot/libecrobot.a(nxt_lcd.oram)
                0x0000000000209040                . = ALIGN (0x10)
 *fill*         0x0000000000209034        0xc 00
                0x0000000000209040                __bss_end__ = .
 COMMON         0x0000000000209040        0x2 ./build/interrupt.o
                0x0000000000209040                runisr
                0x0000000000209041                sus_all_cnt
 *fill*         0x0000000000209042        0x2 00
 COMMON         0x0000000000209044       0x10 ./build/osctl.o
                0x0000000000209044                callevel
                0x0000000000209045                _errorhook_svcid
                0x0000000000209046                appmode
                0x0000000000209048                _errorhook_par1
                0x000000000020904c                _errorhook_par3
                0x0000000000209050                _errorhook_par2
 COMMON         0x0000000000209054        0x3 ./build/task.o
                0x0000000000209054                runtsk
                0x0000000000209055                schedtsk
                0x0000000000209056                nextpri
 *fill*         0x0000000000209057        0x1 00
 COMMON         0x0000000000209058       0x58 ./build/kernel_cfg.o
                0x0000000000209058                tcb_waievt
                0x000000000020905c                rescb_prevpri
                0x0000000000209060                almcb_prev
                0x0000000000209064                tcb_lastres
                0x0000000000209068                almcb_almval
                0x0000000000209070                tcxb_pc
                0x0000000000209078                tcb_next
                0x000000000020907c                tcb_curpri
                0x0000000000209080                tcb_tstat
                0x0000000000209084                isrcb_lastres
                0x0000000000209088                cntcb_almque
                0x000000000020908c                rescb_prevres
                0x0000000000209090                tcb_actcnt
                0x0000000000209094                tcb_curevt
                0x0000000000209098                almcb_cycle
                0x00000000002090a0                tcxb_sp
                0x00000000002090a8                almcb_next
                0x00000000002090ac                cntcb_curval
 COMMON         0x00000000002090b0       0x44 /user/5/raymondp/mdl2lus2osek/current/nxtOSEK/ecrobot/libecrobot.a(uart.oram)
                0x00000000002090b0                uart
 COMMON         0x00000000002090f4        0x4 /user/5/raymondp/mdl2lus2osek/current/nxtOSEK/ecrobot/libecrobot.a(data_abort.oram)
                0x00000000002090f4                data_abort_pc
 COMMON         0x00000000002090f8        0x8 /user/5/raymondp/mdl2lus2osek/current/nxtOSEK/ecrobot/libecrobot.a(display.oram)
                0x00000000002090f8                display_x
                0x00000000002090fc                display_y
 COMMON         0x0000000000209100      0x31c /user/5/raymondp/mdl2lus2osek/current/nxtOSEK/ecrobot/libecrobot.a(sound.oram)
                0x0000000000209100                sample
                0x0000000000208130                __bss_start__ = ADDR (.bss)
                0x000000000020941c                __bss_end__ = (ADDR (.bss) + SIZEOF (.bss))
                0x000000000020941c                PROVIDE (end, .)

.heap_area      0x000000000020941c     0x675c
                0x000000000020fb78                . = (. + (0x20fb78 - end))
 *fill*         0x000000000020941c     0x675c 00

.stack          0x000000000020fb78      0x488
                0x000000000020fbf8                . = (. + 0x80)
 *fill*         0x000000000020fb78       0x80 00
                0x000000000020fc00                . = ALIGN (0x10)
 *fill*         0x000000000020fbf8        0x8 00
                0x000000000020fc00                __irq_stack__ = .
                0x000000000020fc00                __system_stack_bottom__ = .
                0x0000000000210000                . = (. + 0x400)
 *fill*         0x000000000020fc00      0x400 00
                0x0000000000210000                . = ALIGN (0x10)
                0x0000000000210000                __system_stack__ = .
                0x0000000000210000                __system_stack_top__ = .
                0x000000000020fb78                __stack_start__ = ADDR (.stack)
                0x0000000000210000                __stack_end__ = (ADDR (.stack) + SIZEOF (.stack))
OUTPUT(control_multitache_ram.elf elf32-littlearm)

.comment        0x0000000000000000      0x18b
 .comment       0x0000000000000000       0x11 ./build/alarm.o
                                         0x12 (size before relaxing)
 .comment       0x0000000000000000       0x12 ./build/event.o
 .comment       0x0000000000000000       0x12 ./build/interrupt.o
 .comment       0x0000000000000000       0x12 ./build/osctl.o
 .comment       0x0000000000000000       0x12 ./build/resource.o
 .comment       0x0000000000000000       0x12 ./build/task.o
 .comment       0x0000000000000000       0x12 ./build/task_manage.o
 .comment       0x0000000000000000       0x12 ./build/cpu_config.o
 .comment       0x0000000000000000       0x12 ./build/sys_config.o
 .comment       0x0000000000000000       0x12 ./build/kernel_cfg.o
 .comment       0x0000000000000000       0x12 ./build/syscalls.o
 .comment       0x0000000000000000       0x12 ./build/ecrobot_bluetooth.o
 .comment       0x0000000000000000       0x12 ./build/ecrobot_base.o
 .comment       0x0000000000000000       0x12 ./build/ecrobot.o
 .comment       0x0000000000000000       0x12 ./build/decision.o
 .comment       0x0000000000000000       0x12 ./build/controle.o
 .comment       0x0000000000000000       0x12 ./build/control_multitache_glue.o
 .comment       0x0000000000000000       0x12 ./build/hw_sys_timer.oram
 .comment       0x0000000000000011       0x12 /user/5/raymondp/mdl2lus2osek/current/nxtOSEK/ecrobot/libecrobot.a(ecrobot_interface.o)
 .comment       0x0000000000000023       0x12 /user/5/raymondp/mdl2lus2osek/current/nxtOSEK/ecrobot/libecrobot.a(osek_hook.o)
 .comment       0x0000000000000035       0x12 /user/5/raymondp/mdl2lus2osek/current/nxtOSEK/ecrobot/libecrobot.a(uart.oram)
 .comment       0x0000000000000047       0x12 /user/5/raymondp/mdl2lus2osek/current/nxtOSEK/ecrobot/libecrobot.a(systick.oram)
 .comment       0x0000000000000059       0x12 /user/5/raymondp/mdl2lus2osek/current/nxtOSEK/ecrobot/libecrobot.a(byte_fifo.oram)
 .comment       0x000000000000006b       0x12 /user/5/raymondp/mdl2lus2osek/current/nxtOSEK/ecrobot/libecrobot.a(aic.oram)
 .comment       0x000000000000007d       0x12 /user/5/raymondp/mdl2lus2osek/current/nxtOSEK/ecrobot/libecrobot.a(udp.oram)
 .comment       0x000000000000008f       0x12 /user/5/raymondp/mdl2lus2osek/current/nxtOSEK/ecrobot/libecrobot.a(twi.oram)
 .comment       0x00000000000000a1       0x12 /user/5/raymondp/mdl2lus2osek/current/nxtOSEK/ecrobot/libecrobot.a(nxt_spi.oram)
 .comment       0x00000000000000b3       0x12 /user/5/raymondp/mdl2lus2osek/current/nxtOSEK/ecrobot/libecrobot.a(nxt_motors.oram)
 .comment       0x00000000000000c5       0x12 /user/5/raymondp/mdl2lus2osek/current/nxtOSEK/ecrobot/libecrobot.a(data_abort.oram)
 .comment       0x00000000000000d7       0x12 /user/5/raymondp/mdl2lus2osek/current/nxtOSEK/ecrobot/libecrobot.a(display.oram)
 .comment       0x00000000000000e9       0x12 /user/5/raymondp/mdl2lus2osek/current/nxtOSEK/ecrobot/libecrobot.a(i2c.oram)
 .comment       0x00000000000000fb       0x12 /user/5/raymondp/mdl2lus2osek/current/nxtOSEK/ecrobot/libecrobot.a(sound.oram)
 .comment       0x000000000000010d       0x12 /user/5/raymondp/mdl2lus2osek/current/nxtOSEK/ecrobot/libecrobot.a(bt.oram)
 .comment       0x000000000000011f       0x12 /user/5/raymondp/mdl2lus2osek/current/nxtOSEK/ecrobot/libecrobot.a(nxt_avr.oram)
 .comment       0x0000000000000131       0x12 /user/5/raymondp/mdl2lus2osek/current/nxtOSEK/ecrobot/libecrobot.a(sensors.oram)
 .comment       0x0000000000000143       0x12 /user/5/raymondp/mdl2lus2osek/current/nxtOSEK/ecrobot/libecrobot.a(nxt_lcd.oram)
 .comment       0x0000000000000155       0x12 /user/5/raymondp/mdl2lus2osek/current/nxtOSEK/ecrobot/libecrobot.a(flash_loader.oram)
 .comment       0x0000000000000167       0x12 /user/5/raymondp/mdl2lus2osek/current/nxtOSEK/ecrobot/libecrobot.a(ecrobot_usb.o)
 .comment       0x0000000000000179       0x12 /user/5/raymondp/mdl2lus2osek/current/nxtOSEK/ecrobot/libecrobot.a(flashprog.oram)
 .comment       0x0000000000000000       0x12 /user/5/.base/raymondp/home/mdl2lus2osek/gnu-arm/4.4.2.nxt.x86_64.2013/bin/../lib/gcc/arm-elf/4.4.2/thumb/interwork/libgcc.a(_muldi3.o)
 .comment       0x0000000000000000       0x12 /user/5/.base/raymondp/home/mdl2lus2osek/gnu-arm/4.4.2.nxt.x86_64.2013/bin/../lib/gcc/arm-elf/4.4.2/thumb/interwork/libgcc.a(_divdi3.o)
 .comment       0x0000000000000000       0x12 /user/5/.base/raymondp/home/mdl2lus2osek/gnu-arm/4.4.2.nxt.x86_64.2013/bin/../lib/gcc/arm-elf/4.4.2/../../../../arm-elf/lib/thumb/interwork/libc.a(lib_a-memcpy.o)
 .comment       0x0000000000000000       0x12 /user/5/.base/raymondp/home/mdl2lus2osek/gnu-arm/4.4.2.nxt.x86_64.2013/bin/../lib/gcc/arm-elf/4.4.2/../../../../arm-elf/lib/thumb/interwork/libc.a(lib_a-memset.o)
 .comment       0x0000000000000000       0x12 /user/5/.base/raymondp/home/mdl2lus2osek/gnu-arm/4.4.2.nxt.x86_64.2013/bin/../lib/gcc/arm-elf/4.4.2/../../../../arm-elf/lib/thumb/interwork/libc.a(lib_a-strcmp.o)
 .comment       0x0000000000000000       0x12 /user/5/.base/raymondp/home/mdl2lus2osek/gnu-arm/4.4.2.nxt.x86_64.2013/bin/../lib/gcc/arm-elf/4.4.2/../../../../arm-elf/lib/thumb/interwork/libc.a(lib_a-strcpy.o)
 .comment       0x0000000000000000       0x12 /user/5/.base/raymondp/home/mdl2lus2osek/gnu-arm/4.4.2.nxt.x86_64.2013/bin/../lib/gcc/arm-elf/4.4.2/../../../../arm-elf/lib/thumb/interwork/libc.a(lib_a-strlen.o)
 .comment       0x0000000000000000       0x12 /user/5/.base/raymondp/home/mdl2lus2osek/gnu-arm/4.4.2.nxt.x86_64.2013/bin/../lib/gcc/arm-elf/4.4.2/../../../../arm-elf/lib/thumb/interwork/libc.a(lib_a-strncpy.o)

.ARM.attributes
                0x0000000000000000       0x10
 .ARM.attributes
                0x0000000000000000       0x10 ./build/alarm.o
 .ARM.attributes
                0x0000000000000010       0x10 ./build/event.o
 .ARM.attributes
                0x0000000000000020       0x10 ./build/interrupt.o
 .ARM.attributes
                0x0000000000000030       0x10 ./build/osctl.o
 .ARM.attributes
                0x0000000000000040       0x10 ./build/resource.o
 .ARM.attributes
                0x0000000000000050       0x10 ./build/task.o
 .ARM.attributes
                0x0000000000000060       0x10 ./build/task_manage.o
 .ARM.attributes
                0x0000000000000070       0x10 ./build/cpu_config.o
 .ARM.attributes
                0x0000000000000080       0x10 ./build/sys_config.o
 .ARM.attributes
                0x0000000000000090       0x10 ./build/kernel_cfg.o
 .ARM.attributes
                0x00000000000000a0       0x10 ./build/syscalls.o
 .ARM.attributes
                0x00000000000000b0       0x10 ./build/ecrobot_bluetooth.o
 .ARM.attributes
                0x00000000000000c0       0x10 ./build/ecrobot_base.o
 .ARM.attributes
                0x00000000000000d0       0x10 ./build/ecrobot.o
 .ARM.attributes
                0x00000000000000e0       0x10 ./build/decision.o
 .ARM.attributes
                0x00000000000000f0       0x10 ./build/controle.o
 .ARM.attributes
                0x0000000000000100       0x10 ./build/control_multitache_glue.o
 .ARM.attributes
                0x0000000000000110       0x10 ./build/hw_sys_timer.oram
 .ARM.attributes
                0x0000000000000120       0x10 ./build/vectors.o
 .ARM.attributes
                0x0000000000000130       0x10 ./build/debug.o
 .ARM.attributes
                0x0000000000000140       0x10 ./build/sys_support.o
 .ARM.attributes
                0x0000000000000150       0x10 ./build/nxt_binary_header.o
 .ARM.attributes
                0x0000000000000160       0x10 ./build/nxt_entry_point.o
 .ARM.attributes
                0x0000000000000170       0x10 ./build/ecrobot_init.o
 .ARM.attributes
                0x0000000000000180       0x10 ./build/cpu_support.o
 .ARM.attributes
                0x0000000000000190       0x10 ./build/irq.oram
 .ARM.attributes
                0x00000000000001a0       0x10 /user/5/.base/raymondp/home/mdl2lus2osek/gnu-arm/4.4.2.nxt.x86_64.2013/bin/../lib/gcc/arm-elf/4.4.2/thumb/interwork/libgcc.a(_udivsi3.o)
 .ARM.attributes
                0x00000000000001b0       0x10 /user/5/.base/raymondp/home/mdl2lus2osek/gnu-arm/4.4.2.nxt.x86_64.2013/bin/../lib/gcc/arm-elf/4.4.2/thumb/interwork/libgcc.a(_divsi3.o)
 .ARM.attributes
                0x00000000000001c0       0x10 /user/5/.base/raymondp/home/mdl2lus2osek/gnu-arm/4.4.2.nxt.x86_64.2013/bin/../lib/gcc/arm-elf/4.4.2/thumb/interwork/libgcc.a(_umodsi3.o)
 .ARM.attributes
                0x00000000000001d0       0x10 /user/5/.base/raymondp/home/mdl2lus2osek/gnu-arm/4.4.2.nxt.x86_64.2013/bin/../lib/gcc/arm-elf/4.4.2/thumb/interwork/libgcc.a(_modsi3.o)
 .ARM.attributes
                0x00000000000001e0       0x10 /user/5/.base/raymondp/home/mdl2lus2osek/gnu-arm/4.4.2.nxt.x86_64.2013/bin/../lib/gcc/arm-elf/4.4.2/thumb/interwork/libgcc.a(_dvmd_tls.o)
 .ARM.attributes
                0x00000000000001f0       0x10 /user/5/.base/raymondp/home/mdl2lus2osek/gnu-arm/4.4.2.nxt.x86_64.2013/bin/../lib/gcc/arm-elf/4.4.2/thumb/interwork/libgcc.a(_arm_addsubdf3.o)
 .ARM.attributes
                0x0000000000000200       0x10 /user/5/.base/raymondp/home/mdl2lus2osek/gnu-arm/4.4.2.nxt.x86_64.2013/bin/../lib/gcc/arm-elf/4.4.2/thumb/interwork/libgcc.a(_arm_muldivdf3.o)
 .ARM.attributes
                0x0000000000000210       0x10 /user/5/.base/raymondp/home/mdl2lus2osek/gnu-arm/4.4.2.nxt.x86_64.2013/bin/../lib/gcc/arm-elf/4.4.2/thumb/interwork/libgcc.a(_arm_cmpdf2.o)
 .ARM.attributes
                0x0000000000000220       0x10 /user/5/.base/raymondp/home/mdl2lus2osek/gnu-arm/4.4.2.nxt.x86_64.2013/bin/../lib/gcc/arm-elf/4.4.2/thumb/interwork/libgcc.a(_arm_fixdfsi.o)
 .ARM.attributes
                0x0000000000000230       0x10 /user/5/.base/raymondp/home/mdl2lus2osek/gnu-arm/4.4.2.nxt.x86_64.2013/bin/../lib/gcc/arm-elf/4.4.2/thumb/interwork/libgcc.a(_arm_addsubsf3.o)
 .ARM.attributes
                0x0000000000000240       0x10 /user/5/.base/raymondp/home/mdl2lus2osek/gnu-arm/4.4.2.nxt.x86_64.2013/bin/../lib/gcc/arm-elf/4.4.2/thumb/interwork/libgcc.a(_arm_muldivsf3.o)
 .ARM.attributes
                0x0000000000000250       0x10 /user/5/.base/raymondp/home/mdl2lus2osek/gnu-arm/4.4.2.nxt.x86_64.2013/bin/../lib/gcc/arm-elf/4.4.2/thumb/interwork/libgcc.a(_muldi3.o)
 .ARM.attributes
                0x0000000000000260       0x10 /user/5/.base/raymondp/home/mdl2lus2osek/gnu-arm/4.4.2.nxt.x86_64.2013/bin/../lib/gcc/arm-elf/4.4.2/thumb/interwork/libgcc.a(_divdi3.o)
 .ARM.attributes
                0x0000000000000270       0x10 /user/5/.base/raymondp/home/mdl2lus2osek/gnu-arm/4.4.2.nxt.x86_64.2013/bin/../lib/gcc/arm-elf/4.4.2/thumb/interwork/libgcc.a(_clzsi2.o)
 .ARM.attributes
                0x0000000000000280       0x10 /user/5/.base/raymondp/home/mdl2lus2osek/gnu-arm/4.4.2.nxt.x86_64.2013/bin/../lib/gcc/arm-elf/4.4.2/../../../../arm-elf/lib/thumb/interwork/libc.a(lib_a-memcpy.o)
 .ARM.attributes
                0x0000000000000290       0x10 /user/5/.base/raymondp/home/mdl2lus2osek/gnu-arm/4.4.2.nxt.x86_64.2013/bin/../lib/gcc/arm-elf/4.4.2/../../../../arm-elf/lib/thumb/interwork/libc.a(lib_a-memset.o)
 .ARM.attributes
                0x00000000000002a0       0x10 /user/5/.base/raymondp/home/mdl2lus2osek/gnu-arm/4.4.2.nxt.x86_64.2013/bin/../lib/gcc/arm-elf/4.4.2/../../../../arm-elf/lib/thumb/interwork/libc.a(lib_a-strcmp.o)
 .ARM.attributes
                0x00000000000002b0       0x10 /user/5/.base/raymondp/home/mdl2lus2osek/gnu-arm/4.4.2.nxt.x86_64.2013/bin/../lib/gcc/arm-elf/4.4.2/../../../../arm-elf/lib/thumb/interwork/libc.a(lib_a-strcpy.o)
 .ARM.attributes
                0x00000000000002c0       0x10 /user/5/.base/raymondp/home/mdl2lus2osek/gnu-arm/4.4.2.nxt.x86_64.2013/bin/../lib/gcc/arm-elf/4.4.2/../../../../arm-elf/lib/thumb/interwork/libc.a(lib_a-strlen.o)
 .ARM.attributes
                0x00000000000002d0       0x10 /user/5/.base/raymondp/home/mdl2lus2osek/gnu-arm/4.4.2.nxt.x86_64.2013/bin/../lib/gcc/arm-elf/4.4.2/../../../../arm-elf/lib/thumb/interwork/libc.a(lib_a-strncpy.o)
 .ARM.attributes
                0x00000000000002e0       0x10 ./build/vectors.o

.debug_frame    0x0000000000000000       0xa0
 .debug_frame   0x0000000000000000       0x28 /user/5/.base/raymondp/home/mdl2lus2osek/gnu-arm/4.4.2.nxt.x86_64.2013/bin/../lib/gcc/arm-elf/4.4.2/thumb/interwork/libgcc.a(_udivsi3.o)
 .debug_frame   0x0000000000000028       0x28 /user/5/.base/raymondp/home/mdl2lus2osek/gnu-arm/4.4.2.nxt.x86_64.2013/bin/../lib/gcc/arm-elf/4.4.2/thumb/interwork/libgcc.a(_divsi3.o)
 .debug_frame   0x0000000000000050       0x28 /user/5/.base/raymondp/home/mdl2lus2osek/gnu-arm/4.4.2.nxt.x86_64.2013/bin/../lib/gcc/arm-elf/4.4.2/thumb/interwork/libgcc.a(_umodsi3.o)
 .debug_frame   0x0000000000000078       0x28 /user/5/.base/raymondp/home/mdl2lus2osek/gnu-arm/4.4.2.nxt.x86_64.2013/bin/../lib/gcc/arm-elf/4.4.2/thumb/interwork/libgcc.a(_modsi3.o)

.debug_line     0x0000000000000000     0x135c
 .debug_line    0x0000000000000000       0x9b /user/5/.base/raymondp/home/mdl2lus2osek/gnu-arm/4.4.2.nxt.x86_64.2013/bin/../lib/gcc/arm-elf/4.4.2/thumb/interwork/libgcc.a(_udivsi3.o)
 .debug_line    0x000000000000009b       0xa7 /user/5/.base/raymondp/home/mdl2lus2osek/gnu-arm/4.4.2.nxt.x86_64.2013/bin/../lib/gcc/arm-elf/4.4.2/thumb/interwork/libgcc.a(_divsi3.o)
 .debug_line    0x0000000000000142       0x93 /user/5/.base/raymondp/home/mdl2lus2osek/gnu-arm/4.4.2.nxt.x86_64.2013/bin/../lib/gcc/arm-elf/4.4.2/thumb/interwork/libgcc.a(_umodsi3.o)
 .debug_line    0x00000000000001d5       0x9c /user/5/.base/raymondp/home/mdl2lus2osek/gnu-arm/4.4.2.nxt.x86_64.2013/bin/../lib/gcc/arm-elf/4.4.2/thumb/interwork/libgcc.a(_modsi3.o)
 .debug_line    0x0000000000000271       0x85 /user/5/.base/raymondp/home/mdl2lus2osek/gnu-arm/4.4.2.nxt.x86_64.2013/bin/../lib/gcc/arm-elf/4.4.2/thumb/interwork/libgcc.a(_dvmd_tls.o)
 .debug_line    0x00000000000002f6      0x18d /user/5/.base/raymondp/home/mdl2lus2osek/gnu-arm/4.4.2.nxt.x86_64.2013/bin/../lib/gcc/arm-elf/4.4.2/thumb/interwork/libgcc.a(_arm_addsubdf3.o)
 .debug_line    0x0000000000000483      0x1a2 /user/5/.base/raymondp/home/mdl2lus2osek/gnu-arm/4.4.2.nxt.x86_64.2013/bin/../lib/gcc/arm-elf/4.4.2/thumb/interwork/libgcc.a(_arm_muldivdf3.o)
 .debug_line    0x0000000000000625       0xcf /user/5/.base/raymondp/home/mdl2lus2osek/gnu-arm/4.4.2.nxt.x86_64.2013/bin/../lib/gcc/arm-elf/4.4.2/thumb/interwork/libgcc.a(_arm_cmpdf2.o)
 .debug_line    0x00000000000006f4       0x9a /user/5/.base/raymondp/home/mdl2lus2osek/gnu-arm/4.4.2.nxt.x86_64.2013/bin/../lib/gcc/arm-elf/4.4.2/thumb/interwork/libgcc.a(_arm_fixdfsi.o)
 .debug_line    0x000000000000078e      0x13b /user/5/.base/raymondp/home/mdl2lus2osek/gnu-arm/4.4.2.nxt.x86_64.2013/bin/../lib/gcc/arm-elf/4.4.2/thumb/interwork/libgcc.a(_arm_addsubsf3.o)
 .debug_line    0x00000000000008c9      0x145 /user/5/.base/raymondp/home/mdl2lus2osek/gnu-arm/4.4.2.nxt.x86_64.2013/bin/../lib/gcc/arm-elf/4.4.2/thumb/interwork/libgcc.a(_arm_muldivsf3.o)
 .debug_line    0x0000000000000a0e       0x90 /user/5/.base/raymondp/home/mdl2lus2osek/gnu-arm/4.4.2.nxt.x86_64.2013/bin/../lib/gcc/arm-elf/4.4.2/thumb/interwork/libgcc.a(_muldi3.o)
 .debug_line    0x0000000000000a9e       0xf1 /user/5/.base/raymondp/home/mdl2lus2osek/gnu-arm/4.4.2.nxt.x86_64.2013/bin/../lib/gcc/arm-elf/4.4.2/thumb/interwork/libgcc.a(_divdi3.o)
 .debug_line    0x0000000000000b8f       0x92 /user/5/.base/raymondp/home/mdl2lus2osek/gnu-arm/4.4.2.nxt.x86_64.2013/bin/../lib/gcc/arm-elf/4.4.2/thumb/interwork/libgcc.a(_clzsi2.o)
 .debug_line    0x0000000000000c21      0x180 /user/5/.base/raymondp/home/mdl2lus2osek/gnu-arm/4.4.2.nxt.x86_64.2013/bin/../lib/gcc/arm-elf/4.4.2/../../../../arm-elf/lib/thumb/interwork/libc.a(lib_a-memcpy.o)
 .debug_line    0x0000000000000da1      0x17b /user/5/.base/raymondp/home/mdl2lus2osek/gnu-arm/4.4.2.nxt.x86_64.2013/bin/../lib/gcc/arm-elf/4.4.2/../../../../arm-elf/lib/thumb/interwork/libc.a(lib_a-memset.o)
 .debug_line    0x0000000000000f1c       0xd5 /user/5/.base/raymondp/home/mdl2lus2osek/gnu-arm/4.4.2.nxt.x86_64.2013/bin/../lib/gcc/arm-elf/4.4.2/../../../../arm-elf/lib/thumb/interwork/libc.a(lib_a-strcmp.o)
 .debug_line    0x0000000000000ff1       0xd5 /user/5/.base/raymondp/home/mdl2lus2osek/gnu-arm/4.4.2.nxt.x86_64.2013/bin/../lib/gcc/arm-elf/4.4.2/../../../../arm-elf/lib/thumb/interwork/libc.a(lib_a-strcpy.o)
 .debug_line    0x00000000000010c6      0x141 /user/5/.base/raymondp/home/mdl2lus2osek/gnu-arm/4.4.2.nxt.x86_64.2013/bin/../lib/gcc/arm-elf/4.4.2/../../../../arm-elf/lib/thumb/interwork/libc.a(lib_a-strlen.o)
 .debug_line    0x0000000000001207      0x155 /user/5/.base/raymondp/home/mdl2lus2osek/gnu-arm/4.4.2.nxt.x86_64.2013/bin/../lib/gcc/arm-elf/4.4.2/../../../../arm-elf/lib/thumb/interwork/libc.a(lib_a-strncpy.o)

.debug_info     0x0000000000000000     0x17e1
 .debug_info    0x0000000000000000       0xd1 /user/5/.base/raymondp/home/mdl2lus2osek/gnu-arm/4.4.2.nxt.x86_64.2013/bin/../lib/gcc/arm-elf/4.4.2/thumb/interwork/libgcc.a(_udivsi3.o)
 .debug_info    0x00000000000000d1       0xd1 /user/5/.base/raymondp/home/mdl2lus2osek/gnu-arm/4.4.2.nxt.x86_64.2013/bin/../lib/gcc/arm-elf/4.4.2/thumb/interwork/libgcc.a(_divsi3.o)
 .debug_info    0x00000000000001a2       0xd1 /user/5/.base/raymondp/home/mdl2lus2osek/gnu-arm/4.4.2.nxt.x86_64.2013/bin/../lib/gcc/arm-elf/4.4.2/thumb/interwork/libgcc.a(_umodsi3.o)
 .debug_info    0x0000000000000273       0xd1 /user/5/.base/raymondp/home/mdl2lus2osek/gnu-arm/4.4.2.nxt.x86_64.2013/bin/../lib/gcc/arm-elf/4.4.2/thumb/interwork/libgcc.a(_modsi3.o)
 .debug_info    0x0000000000000344       0xd1 /user/5/.base/raymondp/home/mdl2lus2osek/gnu-arm/4.4.2.nxt.x86_64.2013/bin/../lib/gcc/arm-elf/4.4.2/thumb/interwork/libgcc.a(_dvmd_tls.o)
 .debug_info    0x0000000000000415       0xd0 /user/5/.base/raymondp/home/mdl2lus2osek/gnu-arm/4.4.2.nxt.x86_64.2013/bin/../lib/gcc/arm-elf/4.4.2/thumb/interwork/libgcc.a(_arm_addsubdf3.o)
 .debug_info    0x00000000000004e5       0xd0 /user/5/.base/raymondp/home/mdl2lus2osek/gnu-arm/4.4.2.nxt.x86_64.2013/bin/../lib/gcc/arm-elf/4.4.2/thumb/interwork/libgcc.a(_arm_muldivdf3.o)
 .debug_info    0x00000000000005b5       0xd0 /user/5/.base/raymondp/home/mdl2lus2osek/gnu-arm/4.4.2.nxt.x86_64.2013/bin/../lib/gcc/arm-elf/4.4.2/thumb/interwork/libgcc.a(_arm_cmpdf2.o)
 .debug_info    0x0000000000000685       0xd0 /user/5/.base/raymondp/home/mdl2lus2osek/gnu-arm/4.4.2.nxt.x86_64.2013/bin/../lib/gcc/arm-elf/4.4.2/thumb/interwork/libgcc.a(_arm_fixdfsi.o)
 .debug_info    0x0000000000000755       0xd0 /user/5/.base/raymondp/home/mdl2lus2osek/gnu-arm/4.4.2.nxt.x86_64.2013/bin/../lib/gcc/arm-elf/4.4.2/thumb/interwork/libgcc.a(_arm_addsubsf3.o)
 .debug_info    0x0000000000000825       0xd0 /user/5/.base/raymondp/home/mdl2lus2osek/gnu-arm/4.4.2.nxt.x86_64.2013/bin/../lib/gcc/arm-elf/4.4.2/thumb/interwork/libgcc.a(_arm_muldivsf3.o)
 .debug_info    0x00000000000008f5      0x20e /user/5/.base/raymondp/home/mdl2lus2osek/gnu-arm/4.4.2.nxt.x86_64.2013/bin/../lib/gcc/arm-elf/4.4.2/thumb/interwork/libgcc.a(_muldi3.o)
 .debug_info    0x0000000000000b03      0x669 /user/5/.base/raymondp/home/mdl2lus2osek/gnu-arm/4.4.2.nxt.x86_64.2013/bin/../lib/gcc/arm-elf/4.4.2/thumb/interwork/libgcc.a(_divdi3.o)
 .debug_info    0x000000000000116c       0xd1 /user/5/.base/raymondp/home/mdl2lus2osek/gnu-arm/4.4.2.nxt.x86_64.2013/bin/../lib/gcc/arm-elf/4.4.2/thumb/interwork/libgcc.a(_clzsi2.o)
 .debug_info    0x000000000000123d      0x13e /user/5/.base/raymondp/home/mdl2lus2osek/gnu-arm/4.4.2.nxt.x86_64.2013/bin/../lib/gcc/arm-elf/4.4.2/../../../../arm-elf/lib/thumb/interwork/libc.a(lib_a-memcpy.o)
 .debug_info    0x000000000000137b      0x111 /user/5/.base/raymondp/home/mdl2lus2osek/gnu-arm/4.4.2.nxt.x86_64.2013/bin/../lib/gcc/arm-elf/4.4.2/../../../../arm-elf/lib/thumb/interwork/libc.a(lib_a-memset.o)
 .debug_info    0x000000000000148c       0xaf /user/5/.base/raymondp/home/mdl2lus2osek/gnu-arm/4.4.2.nxt.x86_64.2013/bin/../lib/gcc/arm-elf/4.4.2/../../../../arm-elf/lib/thumb/interwork/libc.a(lib_a-strcmp.o)
 .debug_info    0x000000000000153b       0xb7 /user/5/.base/raymondp/home/mdl2lus2osek/gnu-arm/4.4.2.nxt.x86_64.2013/bin/../lib/gcc/arm-elf/4.4.2/../../../../arm-elf/lib/thumb/interwork/libc.a(lib_a-strcpy.o)
 .debug_info    0x00000000000015f2       0xcb /user/5/.base/raymondp/home/mdl2lus2osek/gnu-arm/4.4.2.nxt.x86_64.2013/bin/../lib/gcc/arm-elf/4.4.2/../../../../arm-elf/lib/thumb/interwork/libc.a(lib_a-strlen.o)
 .debug_info    0x00000000000016bd      0x124 /user/5/.base/raymondp/home/mdl2lus2osek/gnu-arm/4.4.2.nxt.x86_64.2013/bin/../lib/gcc/arm-elf/4.4.2/../../../../arm-elf/lib/thumb/interwork/libc.a(lib_a-strncpy.o)

.debug_abbrev   0x0000000000000000      0x6b0
 .debug_abbrev  0x0000000000000000       0x14 /user/5/.base/raymondp/home/mdl2lus2osek/gnu-arm/4.4.2.nxt.x86_64.2013/bin/../lib/gcc/arm-elf/4.4.2/thumb/interwork/libgcc.a(_udivsi3.o)
 .debug_abbrev  0x0000000000000014       0x14 /user/5/.base/raymondp/home/mdl2lus2osek/gnu-arm/4.4.2.nxt.x86_64.2013/bin/../lib/gcc/arm-elf/4.4.2/thumb/interwork/libgcc.a(_divsi3.o)
 .debug_abbrev  0x0000000000000028       0x14 /user/5/.base/raymondp/home/mdl2lus2osek/gnu-arm/4.4.2.nxt.x86_64.2013/bin/../lib/gcc/arm-elf/4.4.2/thumb/interwork/libgcc.a(_umodsi3.o)
 .debug_abbrev  0x000000000000003c       0x14 /user/5/.base/raymondp/home/mdl2lus2osek/gnu-arm/4.4.2.nxt.x86_64.2013/bin/../lib/gcc/arm-elf/4.4.2/thumb/interwork/libgcc.a(_modsi3.o)
 .debug_abbrev  0x0000000000000050       0x14 /user/5/.base/raymondp/home/mdl2lus2osek/gnu-arm/4.4.2.nxt.x86_64.2013/bin/../lib/gcc/arm-elf/4.4.2/thumb/interwork/libgcc.a(_dvmd_tls.o)
 .debug_abbrev  0x0000000000000064       0x14 /user/5/.base/raymondp/home/mdl2lus2osek/gnu-arm/4.4.2.nxt.x86_64.2013/bin/../lib/gcc/arm-elf/4.4.2/thumb/interwork/libgcc.a(_arm_addsubdf3.o)
 .debug_abbrev  0x0000000000000078       0x14 /user/5/.base/raymondp/home/mdl2lus2osek/gnu-arm/4.4.2.nxt.x86_64.2013/bin/../lib/gcc/arm-elf/4.4.2/thumb/interwork/libgcc.a(_arm_muldivdf3.o)
 .debug_abbrev  0x000000000000008c       0x14 /user/5/.base/raymondp/home/mdl2lus2osek/gnu-arm/4.4.2.nxt.x86_64.2013/bin/../lib/gcc/arm-elf/4.4.2/thumb/interwork/libgcc.a(_arm_cmpdf2.o)
 .debug_abbrev  0x00000000000000a0       0x14 /user/5/.base/raymondp/home/mdl2lus2osek/gnu-arm/4.4.2.nxt.x86_64.2013/bin/../lib/gcc/arm-elf/4.4.2/thumb/interwork/libgcc.a(_arm_fixdfsi.o)
 .debug_abbrev  0x00000000000000b4       0x14 /user/5/.base/raymondp/home/mdl2lus2osek/gnu-arm/4.4.2.nxt.x86_64.2013/bin/../lib/gcc/arm-elf/4.4.2/thumb/interwork/libgcc.a(_arm_addsubsf3.o)
 .debug_abbrev  0x00000000000000c8       0x14 /user/5/.base/raymondp/home/mdl2lus2osek/gnu-arm/4.4.2.nxt.x86_64.2013/bin/../lib/gcc/arm-elf/4.4.2/thumb/interwork/libgcc.a(_arm_muldivsf3.o)
 .debug_abbrev  0x00000000000000dc       0xf5 /user/5/.base/raymondp/home/mdl2lus2osek/gnu-arm/4.4.2.nxt.x86_64.2013/bin/../lib/gcc/arm-elf/4.4.2/thumb/interwork/libgcc.a(_muldi3.o)
 .debug_abbrev  0x00000000000001d1      0x169 /user/5/.base/raymondp/home/mdl2lus2osek/gnu-arm/4.4.2.nxt.x86_64.2013/bin/../lib/gcc/arm-elf/4.4.2/thumb/interwork/libgcc.a(_divdi3.o)
 .debug_abbrev  0x000000000000033a       0x14 /user/5/.base/raymondp/home/mdl2lus2osek/gnu-arm/4.4.2.nxt.x86_64.2013/bin/../lib/gcc/arm-elf/4.4.2/thumb/interwork/libgcc.a(_clzsi2.o)
 .debug_abbrev  0x000000000000034e       0xa0 /user/5/.base/raymondp/home/mdl2lus2osek/gnu-arm/4.4.2.nxt.x86_64.2013/bin/../lib/gcc/arm-elf/4.4.2/../../../../arm-elf/lib/thumb/interwork/libc.a(lib_a-memcpy.o)
 .debug_abbrev  0x00000000000003ee       0xa1 /user/5/.base/raymondp/home/mdl2lus2osek/gnu-arm/4.4.2.nxt.x86_64.2013/bin/../lib/gcc/arm-elf/4.4.2/../../../../arm-elf/lib/thumb/interwork/libc.a(lib_a-memset.o)
 .debug_abbrev  0x000000000000048f       0x76 /user/5/.base/raymondp/home/mdl2lus2osek/gnu-arm/4.4.2.nxt.x86_64.2013/bin/../lib/gcc/arm-elf/4.4.2/../../../../arm-elf/lib/thumb/interwork/libc.a(lib_a-strcmp.o)
 .debug_abbrev  0x0000000000000505       0x76 /user/5/.base/raymondp/home/mdl2lus2osek/gnu-arm/4.4.2.nxt.x86_64.2013/bin/../lib/gcc/arm-elf/4.4.2/../../../../arm-elf/lib/thumb/interwork/libc.a(lib_a-strcpy.o)
 .debug_abbrev  0x000000000000057b       0x92 /user/5/.base/raymondp/home/mdl2lus2osek/gnu-arm/4.4.2.nxt.x86_64.2013/bin/../lib/gcc/arm-elf/4.4.2/../../../../arm-elf/lib/thumb/interwork/libc.a(lib_a-strlen.o)
 .debug_abbrev  0x000000000000060d       0xa3 /user/5/.base/raymondp/home/mdl2lus2osek/gnu-arm/4.4.2.nxt.x86_64.2013/bin/../lib/gcc/arm-elf/4.4.2/../../../../arm-elf/lib/thumb/interwork/libc.a(lib_a-strncpy.o)

.debug_aranges  0x0000000000000000      0x280
 .debug_aranges
                0x0000000000000000       0x20 /user/5/.base/raymondp/home/mdl2lus2osek/gnu-arm/4.4.2.nxt.x86_64.2013/bin/../lib/gcc/arm-elf/4.4.2/thumb/interwork/libgcc.a(_udivsi3.o)
 .debug_aranges