Archive member included because of file (symbol)

/user/5/raymondp/mdl2lus2osek/current/nxtOSEK/ecrobot/libecrobot.a(ecrobot_interface.o)
                              ./build/control_multitache_glue.o (ecrobot_set_light_sensor_active)
/user/5/raymondp/mdl2lus2osek/current/nxtOSEK/ecrobot/libecrobot.a(osek_hook.o)
                              ./build/osctl.o (StartupHook)
/user/5/raymondp/mdl2lus2osek/current/nxtOSEK/ecrobot/libecrobot.a(uart.oram)
                              ./build/irq.oram (uart_isr_C_0)
/user/5/raymondp/mdl2lus2osek/current/nxtOSEK/ecrobot/libecrobot.a(systick.oram)
                              ./build/hw_sys_timer.oram (systick_low_priority_C)
/user/5/raymondp/mdl2lus2osek/current/nxtOSEK/ecrobot/libecrobot.a(byte_fifo.oram)
                              /user/5/raymondp/mdl2lus2osek/current/nxtOSEK/ecrobot/libecrobot.a(uart.oram) (byte_fifo_put)
/user/5/raymondp/mdl2lus2osek/current/nxtOSEK/ecrobot/libecrobot.a(aic.oram)
                              /user/5/raymondp/mdl2lus2osek/current/nxtOSEK/ecrobot/libecrobot.a(uart.oram) (aic_set_vector)
/user/5/raymondp/mdl2lus2osek/current/nxtOSEK/ecrobot/libecrobot.a(udp.oram)
                              ./build/irq.oram (udp_isr_C)
/user/5/raymondp/mdl2lus2osek/current/nxtOSEK/ecrobot/libecrobot.a(twi.oram)
                              ./build/irq.oram (twi_isr_C)
/user/5/raymondp/mdl2lus2osek/current/nxtOSEK/ecrobot/libecrobot.a(nxt_spi.oram)
                              ./build/irq.oram (spi_isr_C)
/user/5/raymondp/mdl2lus2osek/current/nxtOSEK/ecrobot/libecrobot.a(nxt_motors.oram)
                              /user/5/raymondp/mdl2lus2osek/current/nxtOSEK/ecrobot/libecrobot.a(ecrobot_interface.o) (nxt_motor_get_count)
/user/5/raymondp/mdl2lus2osek/current/nxtOSEK/ecrobot/libecrobot.a(data_abort.oram)
                              ./build/ecrobot_init.o (data_abort_C)
/user/5/raymondp/mdl2lus2osek/current/nxtOSEK/ecrobot/libecrobot.a(display.oram)
                              ./build/ecrobot_base.o (display_update)
/user/5/raymondp/mdl2lus2osek/current/nxtOSEK/ecrobot/libecrobot.a(i2c.oram)
                              ./build/irq.oram (i2c_timer_isr_C)
/user/5/raymondp/mdl2lus2osek/current/nxtOSEK/ecrobot/libecrobot.a(sound.oram)
                              /user/5/raymondp/mdl2lus2osek/current/nxtOSEK/ecrobot/libecrobot.a(ecrobot_interface.o) (sound_get_time)
/user/5/raymondp/mdl2lus2osek/current/nxtOSEK/ecrobot/libecrobot.a(bt.oram)
                              ./build/ecrobot_bluetooth.o (bt_send)
/user/5/raymondp/mdl2lus2osek/current/nxtOSEK/ecrobot/libecrobot.a(nxt_avr.oram)
                              ./build/ecrobot_base.o (nxt_avr_power_down)
/user/5/raymondp/mdl2lus2osek/current/nxtOSEK/ecrobot/libecrobot.a(sensors.oram)
                              /user/5/raymondp/mdl2lus2osek/current/nxtOSEK/ecrobot/libecrobot.a(ecrobot_interface.o) (unset_digi0)
/user/5/raymondp/mdl2lus2osek/current/nxtOSEK/ecrobot/libecrobot.a(nxt_lcd.oram)
                              /user/5/raymondp/mdl2lus2osek/current/nxtOSEK/ecrobot/libecrobot.a(display.oram) (nxt_lcd_force_update)
/user/5/raymondp/mdl2lus2osek/current/nxtOSEK/ecrobot/libecrobot.a(flash_loader.oram)
                              ./build/ecrobot.o (set_flash_request)
/user/5/raymondp/mdl2lus2osek/current/nxtOSEK/ecrobot/libecrobot.a(interrupts.oram)
                              /user/5/raymondp/mdl2lus2osek/current/nxtOSEK/ecrobot/libecrobot.a(uart.oram) (interrupts_get_and_disable)
/user/5/raymondp/mdl2lus2osek/current/nxtOSEK/ecrobot/libecrobot.a(nxtosek_splash.obmp)
                              ./build/ecrobot_base.o (nxtosek_splash_bmp_start)
/user/5/raymondp/mdl2lus2osek/current/nxtOSEK/ecrobot/libecrobot.a(ecrobot_usb.o)
                              /user/5/raymondp/mdl2lus2osek/current/nxtOSEK/ecrobot/libecrobot.a(flash_loader.oram) (ecrobot_init_usb)
/user/5/raymondp/mdl2lus2osek/current/nxtOSEK/ecrobot/libecrobot.a(flashprog.oram)
                              /user/5/raymondp/mdl2lus2osek/current/nxtOSEK/ecrobot/libecrobot.a(flash_loader.oram) (flash_write_page)
/user/5/.base/raymondp/home/mdl2lus2osek/gnu-arm/4.4.2.nxt.x86_64.2013/bin/../lib/gcc/arm-elf/4.4.2/thumb/interwork/libgcc.a(_udivsi3.o)
                              ./build/ecrobot_base.o (__udivsi3)
/user/5/.base/raymondp/home/mdl2lus2osek/gnu-arm/4.4.2.nxt.x86_64.2013/bin/../lib/gcc/arm-elf/4.4.2/thumb/interwork/libgcc.a(_divsi3.o)
                              /user/5/raymondp/mdl2lus2osek/current/nxtOSEK/ecrobot/libecrobot.a(uart.oram) (__divsi3)
/user/5/.base/raymondp/home/mdl2lus2osek/gnu-arm/4.4.2.nxt.x86_64.2013/bin/../lib/gcc/arm-elf/4.4.2/thumb/interwork/libgcc.a(_umodsi3.o)
                              /user/5/raymondp/mdl2lus2osek/current/nxtOSEK/ecrobot/libecrobot.a(display.oram) (__umodsi3)
/user/5/.base/raymondp/home/mdl2lus2osek/gnu-arm/4.4.2.nxt.x86_64.2013/bin/../lib/gcc/arm-elf/4.4.2/thumb/interwork/libgcc.a(_modsi3.o)
[...]
Memory Configuration

Name             Origin             Length             Attributes
header_ram       0x00000000001ffff0 0x0000000000000010
vector_ram       0x0000000000200000 0x0000000000000040
ram              0x0000000000200040 0x000000000000ffc0
*default*        0x0000000000000000 0xffffffffffffffff

Linker script and memory map

LOAD ./build/alarm.o
LOAD ./build/event.o
LOAD ./build/interrupt.o
LOAD ./build/osctl.o
LOAD ./build/resource.o
LOAD ./build/task.o
LOAD ./build/task_manage.o
LOAD ./build/cpu_config.o
LOAD ./build/sys_config.o
LOAD ./build/kernel_cfg.o
LOAD ./build/syscalls.o
LOAD ./build/ecrobot_bluetooth.o
LOAD ./build/ecrobot_base.o
LOAD ./build/ecrobot.o
LOAD ./build/decision.o
LOAD ./build/controle.o
LOAD ./build/control_multitache_glue.o
LOAD ./build/hw_sys_timer.oram
LOAD ./build/vectors.o
LOAD ./build/debug.o
LOAD ./build/sys_support.o
LOAD ./build/nxt_binary_header.o
LOAD ./build/nxt_entry_point.o
LOAD ./build/ecrobot_init.o
LOAD ./build/cpu_support.o
LOAD ./build/irq.oram
LOAD /user/5/raymondp/mdl2lus2osek/current/nxtOSEK/c++/liblejososek.a
LOAD /user/5/raymondp/mdl2lus2osek/current/nxtOSEK/ecrobot/libecrobot.a
LOAD /user/5/.base/raymondp/home/mdl2lus2osek/gnu-arm/4.4.2.nxt.x86_64.2013/bin/../lib/gcc/arm-elf/4.4.2/../../../../arm-elf/lib/thumb/interwork/libstdc++.a
LOAD /user/5/.base/raymondp/home/mdl2lus2osek/gnu-arm/4.4.2.nxt.x86_64.2013/bin/../lib/gcc/arm-elf/4.4.2/../../../../arm-elf/lib/thumb/interwork/libm.a
START GROUP
LOAD /user/5/.base/raymondp/home/mdl2lus2osek/gnu-arm/4.4.2.nxt.x86_64.2013/bin/../lib/gcc/arm-elf/4.4.2/thumb/interwork/libgcc.a
LOAD /user/5/.base/raymondp/home/mdl2lus2osek/gnu-arm/4.4.2.nxt.x86_64.2013/bin/../lib/gcc/arm-elf/4.4.2/../../../../arm-elf/lib/thumb/interwork/libc.a
END GROUP
                0x0000000000200000                RAM_BASE = 0x200000
                0x0000000000010000                RAM_SIZE = 0x10000

.header         0x00000000001ffff0       0x10
 *nxt_binary_header.o(*.text *.text.*)
 .text          0x00000000001ffff0       0x10 ./build/nxt_binary_header.o
                0x0000000000200000                . = ALIGN (0x10)

.vectors        0x0000000000200000       0x40
 vectors.o(*.text *.text.*)
 .text          0x0000000000200000       0x38 ./build/vectors.o
                0x0000000000200040                . = ALIGN (0x10)
 *fill*         0x0000000000200038        0x8 00
                0x0000000000200000                __vectors_ram_start__ = ADDR (.vectors)
                0x0000000000200040                __vectors_ram_end__ = (ADDR (.vectors) + SIZEOF (.vectors))
                0x0000000000200000                __vectors_load_start__ = LOADADDR (.vectors)
                0x0000000000200040                __vectors_load_end__ = (LOADADDR (.vectors) + SIZEOF (.vectors))

.entry          0x0000000000200040       0x40
 *nxt_entry_point.o(*.text *.text.*)
 .text          0x0000000000200040       0x38 ./build/nxt_entry_point.o
                0x0000000000200040                NXT_Entry_Point
                0x0000000000200080                . = ALIGN (0x10)
 *fill*         0x0000000000200078        0x8 00

.init           0x0000000000200080      0x280
 *ecrobot_init.o(*.text *.text.*)
 .text          0x0000000000200080      0x280 ./build/ecrobot_init.o
                0x0000000000200080                start
                0x00000000002001ec                undef_handler
                0x00000000002001f0                swi_handler
                0x00000000002001f4                prefetch_abort_handler
                0x00000000002001f8                data_abort_handler
                0x0000000000200214                reserved_handler
                0x0000000000200300                . = ALIGN (0x10)

.ram_text       0x0000000000200300     0x2f10
                0x0000000000200300                . = ALIGN (0x10)
 *.oram(*.text *.text.* *.glue*)
 .text.systick_isr_C1
                0x0000000000200300       0x28 ./build/hw_sys_timer.oram
                0x0000000000200300                systick_isr_C1
 *fill*         0x0000000000200328        0x8 00
 .text          0x0000000000200330      0x2c0 ./build/irq.oram
                0x0000000000200330                default_isr
                0x0000000000200330                default_fiq
                0x0000000000200330                spurious_isr
                0x0000000000200334                systick_isr_entry
                0x000000000020037c                systick_low_priority_entry
                0x00000000002003bc                udp_isr_entry
                0x00000000002003fc                spi_isr_entry
                0x000000000020043c                twi_isr_entry
                0x000000000020047c                sound_isr_entry
                0x00000000002004bc                uart_isr_entry_0
                0x00000000002004fc                uart_isr_entry_1
                0x000000000020053c                nxt_motor_isr_entry
                0x000000000020057c                i2c_timer_isr_entry
 .text.uart_process_isr
                0x00000000002005f0       0x88 /user/5/raymondp/mdl2lus2osek/current/nxtOSEK/ecrobot/libecrobot.a(uart.oram)
 .text.uart_isr_C_0
                0x0000000000200678        0xc /user/5/raymondp/mdl2lus2osek/current/nxtOSEK/ecrobot/libecrobot.a(uart.oram)
                0x0000000000200678                uart_isr_C_0
 .text.uart_isr_C_1
                0x0000000000200684        0xc /user/5/raymondp/mdl2lus2osek/current/nxtOSEK/ecrobot/libecrobot.a(uart.oram)
                0x0000000000200684                uart_isr_C_1
 .text.systick_low_priority_C
                0x0000000000200690       0x1c /user/5/raymondp/mdl2lus2osek/current/nxtOSEK/ecrobot/libecrobot.a(systick.oram)
                0x0000000000200690                systick_low_priority_C
 .text.systick_isr_C
                0x00000000002006ac       0x24 /user/5/raymondp/mdl2lus2osek/current/nxtOSEK/ecrobot/libecrobot.a(systick.oram)
                0x00000000002006ac                systick_isr_C
 .text.systick_get_ms
                0x00000000002006d0        0xc /user/5/raymondp/mdl2lus2osek/current/nxtOSEK/ecrobot/libecrobot.a(systick.oram)
                0x00000000002006d0                systick_get_ms
 .text.systick_wait_ms
                0x00000000002006dc       0x1c /user/5/raymondp/mdl2lus2osek/current/nxtOSEK/ecrobot/libecrobot.a(systick.oram)
                0x00000000002006dc                systick_wait_ms
 .text.systick_wait_ns
                0x00000000002006f8       0x1c /user/5/raymondp/mdl2lus2osek/current/nxtOSEK/ecrobot/libecrobot.a(systick.oram)
                0x00000000002006f8                systick_wait_ns
 .text.systick_init
                0x0000000000200714       0x58 /user/5/raymondp/mdl2lus2osek/current/nxtOSEK/ecrobot/libecrobot.a(systick.oram)
                0x0000000000200714                systick_init
 .text.systick_suspend
                0x000000000020076c        0xc /user/5/raymondp/mdl2lus2osek/current/nxtOSEK/ecrobot/libecrobot.a(systick.oram)
                0x000000000020076c                systick_suspend
 .text.systick_resume
                0x0000000000200778        0xc /user/5/raymondp/mdl2lus2osek/current/nxtOSEK/ecrobot/libecrobot.a(systick.oram)
                0x0000000000200778                systick_resume
 .text.byte_fifo_put
                0x0000000000200784       0x58 /user/5/raymondp/mdl2lus2osek/current/nxtOSEK/ecrobot/libecrobot.a(byte_fifo.oram)
                0x0000000000200784                byte_fifo_put
 .text.byte_fifo_get
                0x00000000002007dc       0x2c /user/5/raymondp/mdl2lus2osek/current/nxtOSEK/ecrobot/libecrobot.a(byte_fifo.oram)
                0x00000000002007dc                byte_fifo_get
 .text.aic_initialise
                0x0000000000200808       0x5c /user/5/raymondp/mdl2lus2osek/current/nxtOSEK/ecrobot/libecrobot.a(aic.oram)
                0x0000000000200808                aic_initialise
 .text.aic_set_vector
                0x0000000000200864       0x30 /user/5/raymondp/mdl2lus2osek/current/nxtOSEK/ecrobot/libecrobot.a(aic.oram)
                0x0000000000200864                aic_set_vector
 .text.aic_mask_on
                0x0000000000200894       0x24 /user/5/raymondp/mdl2lus2osek/current/nxtOSEK/ecrobot/libecrobot.a(aic.oram)
                0x0000000000200894                aic_mask_on
 .text.aic_mask_off
                0x00000000002008b8       0x24 /user/5/raymondp/mdl2lus2osek/current/nxtOSEK/ecrobot/libecrobot.a(aic.oram)
                0x00000000002008b8                aic_mask_off
 .text.aic_clear
                0x00000000002008dc       0x24 /user/5/raymondp/mdl2lus2osek/current/nxtOSEK/ecrobot/libecrobot.a(aic.oram)
                0x00000000002008dc                aic_clear
 .text.reset    0x0000000000200900       0x4c /user/5/raymondp/mdl2lus2osek/current/nxtOSEK/ecrobot/libecrobot.a(udp.oram)
 .text.udp_send_null
                0x000000000020094c       0x2c /user/5/raymondp/mdl2lus2osek/current/nxtOSEK/ecrobot/libecrobot.a(udp.oram)
 .text.udp_send_stall
                0x0000000000200978       0x2c /user/5/raymondp/mdl2lus2osek/current/nxtOSEK/ecrobot/libecrobot.a(udp.oram)
 .text.udp_send_control
                0x00000000002009a4       0x60 /user/5/raymondp/mdl2lus2osek/current/nxtOSEK/ecrobot/libecrobot.a(udp.oram)
 .text.udp_isr_C
                0x0000000000200a04      0x7d0 /user/5/raymondp/mdl2lus2osek/current/nxtOSEK/ecrobot/libecrobot.a(udp.oram)
                0x0000000000200a04                udp_isr_C
 .text.twi_status
                0x00000000002011d4       0x20 /user/5/raymondp/mdl2lus2osek/current/nxtOSEK/ecrobot/libecrobot.a(twi.oram)
                0x00000000002011d4                twi_status
 .text.twi_isr_C
                0x00000000002011f4       0xc4 /user/5/raymondp/mdl2lus2osek/current/nxtOSEK/ecrobot/libecrobot.a(twi.oram)
                0x00000000002011f4                twi_isr_C
 .text.twi_reset
                0x00000000002012b8       0xb4 /user/5/raymondp/mdl2lus2osek/current/nxtOSEK/ecrobot/libecrobot.a(twi.oram)
                0x00000000002012b8                twi_reset
 .text.twi_init
                0x000000000020136c       0x4c /user/5/raymondp/mdl2lus2osek/current/nxtOSEK/ecrobot/libecrobot.a(twi.oram)
                0x000000000020136c                twi_init
 .text.twi_start_read
                0x00000000002013b8       0x60 /user/5/raymondp/mdl2lus2osek/current/nxtOSEK/ecrobot/libecrobot.a(twi.oram)
                0x00000000002013b8                twi_start_read
 .text.twi_start_write
                0x0000000000201418       0x64 /user/5/raymondp/mdl2lus2osek/current/nxtOSEK/ecrobot/libecrobot.a(twi.oram)
                0x0000000000201418                twi_start_write
 .text.spi_set_mode
                0x000000000020147c       0x40 /user/5/raymondp/mdl2lus2osek/current/nxtOSEK/ecrobot/libecrobot.a(nxt_spi.oram)
 .text.spi_isr_C
                0x00000000002014bc       0x8c /user/5/raymondp/mdl2lus2osek/current/nxtOSEK/ecrobot/libecrobot.a(nxt_spi.oram)
                0x00000000002014bc                spi_isr_C
 .text.nxt_spi_init
                0x0000000000201548      0x12c /user/5/raymondp/mdl2lus2osek/current/nxtOSEK/ecrobot/libecrobot.a(nxt_spi.oram)
                0x0000000000201548                nxt_spi_init
 .text.nxt_spi_write
                0x0000000000201674       0x44 /user/5/raymondp/mdl2lus2osek/current/nxtOSEK/ecrobot/libecrobot.a(nxt_spi.oram)
                0x0000000000201674                nxt_spi_write
 .text.nxt_spi_set_display
                0x00000000002016b8       0x10 /user/5/raymondp/mdl2lus2osek/current/nxtOSEK/ecrobot/libecrobot.a(nxt_spi.oram)
                0x00000000002016b8                nxt_spi_set_display
 .text.nxt_spi_refresh
                0x00000000002016c8       0x24 /user/5/raymondp/mdl2lus2osek/current/nxtOSEK/ecrobot/libecrobot.a(nxt_spi.oram)
                0x00000000002016c8                nxt_spi_refresh
 .text.nxt_motor_set_count
                0x00000000002016ec       0x10 /user/5/raymondp/mdl2lus2osek/current/nxtOSEK/ecrobot/libecrobot.a(nxt_motors.oram)
                0x00000000002016ec                nxt_motor_set_count
 .text.nxt_motor_set_speed
                0x00000000002016fc       0x34 /user/5/raymondp/mdl2lus2osek/current/nxtOSEK/ecrobot/libecrobot.a(nxt_motors.oram)
                0x00000000002016fc                nxt_motor_set_speed
 .text.nxt_motor_1kHz_process
                0x0000000000201730       0x28 /user/5/raymondp/mdl2lus2osek/current/nxtOSEK/ecrobot/libecrobot.a(nxt_motors.oram)
                0x0000000000201730                nxt_motor_1kHz_process
 .text.nxt_motor_quad_decode
                0x0000000000201758       0x30 /user/5/raymondp/mdl2lus2osek/current/nxtOSEK/ecrobot/libecrobot.a(nxt_motors.oram)
                0x0000000000201758                nxt_motor_quad_decode
 .text.nxt_motor_isr_C
                0x0000000000201788       0x88 /user/5/raymondp/mdl2lus2osek/current/nxtOSEK/ecrobot/libecrobot.a(nxt_motors.oram)
                0x0000000000201788                nxt_motor_isr_C
 .text.nxt_motor_init
                0x0000000000201810       0x68 /user/5/raymondp/mdl2lus2osek/current/nxtOSEK/ecrobot/libecrobot.a(nxt_motors.oram)
                0x0000000000201810                nxt_motor_init
 .text.data_abort_C
                0x0000000000201878       0x7c /user/5/raymondp/mdl2lus2osek/current/nxtOSEK/ecrobot/libecrobot.a(data_abort.oram)
                0x0000000000201878                data_abort_C
 .text.display_update
                0x00000000002018f4       0x14 /user/5/raymondp/mdl2lus2osek/current/nxtOSEK/ecrobot/libecrobot.a(display.oram)
                0x00000000002018f4                display_update
 .text.display_force_update
                0x0000000000201908        0xc /user/5/raymondp/mdl2lus2osek/current/nxtOSEK/ecrobot/libecrobot.a(display.oram)
                0x0000000000201908                display_force_update
 .text.display_clear
                0x0000000000201914       0x24 /user/5/raymondp/mdl2lus2osek/current/nxtOSEK/ecrobot/libecrobot.a(display.oram)
                0x0000000000201914                display_clear
 .text.display_goto_xy
                0x0000000000201938       0x14 /user/5/raymondp/mdl2lus2osek/current/nxtOSEK/ecrobot/libecrobot.a(display.oram)
                0x0000000000201938                display_goto_xy
 .text.display_char
                0x000000000020194c       0x60 /user/5/raymondp/mdl2lus2osek/current/nxtOSEK/ecrobot/libecrobot.a(display.oram)
                0x000000000020194c                display_char
 .text.display_string
                0x00000000002019ac       0x3c /user/5/raymondp/mdl2lus2osek/current/nxtOSEK/ecrobot/libecrobot.a(display.oram)
                0x00000000002019ac                display_string
 .text.display_hex
                0x00000000002019e8       0x50 /user/5/raymondp/mdl2lus2osek/current/nxtOSEK/ecrobot/libecrobot.a(display.oram)
                0x00000000002019e8                display_hex
 .text.display_unsigned_worker
                0x0000000000201a38       0x70 /user/5/raymondp/mdl2lus2osek/current/nxtOSEK/ecrobot/libecrobot.a(display.oram)
 .text.display_unsigned
                0x0000000000201aa8        0xc /user/5/raymondp/mdl2lus2osek/current/nxtOSEK/ecrobot/libecrobot.a(display.oram)
                0x0000000000201aa8                display_unsigned
 .text.display_bitmap_copy
                0x0000000000201ab4       0x5c /user/5/raymondp/mdl2lus2osek/current/nxtOSEK/ecrobot/libecrobot.a(display.oram)
                0x0000000000201ab4                display_bitmap_copy
 .text.display_init
                0x0000000000201b10       0x50 /user/5/raymondp/mdl2lus2osek/current/nxtOSEK/ecrobot/libecrobot.a(display.oram)
                0x0000000000201b10                display_init
 .text.i2c_timer_isr_C
                0x0000000000201b60      0x314 /user/5/raymondp/mdl2lus2osek/current/nxtOSEK/ecrobot/libecrobot.a(i2c.oram)
                0x0000000000201b60                i2c_timer_isr_C
 .text.i2c_disable
                0x0000000000201e74       0x20 /user/5/raymondp/mdl2lus2osek/current/nxtOSEK/ecrobot/libecrobot.a(i2c.oram)
                0x0000000000201e74                i2c_disable
 .text.i2c_enable
                0x0000000000201e94       0x40 /user/5/raymondp/mdl2lus2osek/current/nxtOSEK/ecrobot/libecrobot.a(i2c.oram)
                0x0000000000201e94                i2c_enable
 .text.i2c_init
                0x0000000000201ed4       0xa4 /user/5/raymondp/mdl2lus2osek/current/nxtOSEK/ecrobot/libecrobot.a(i2c.oram)
                0x0000000000201ed4                i2c_init
 .text.i2c_busy
                0x0000000000201f78       0x24 /user/5/raymondp/mdl2lus2osek/current/nxtOSEK/ecrobot/libecrobot.a(i2c.oram)
                0x0000000000201f78                i2c_busy
 .text.i2c_start_transaction
                0x0000000000201f9c      0x108 /user/5/raymondp/mdl2lus2osek/current/nxtOSEK/ecrobot/libecrobot.a(i2c.oram)
                0x0000000000201f9c                i2c_start_transaction
 .text.sound_fill_sample_buffer
                0x00000000002020a4       0xe4 /user/5/raymondp/mdl2lus2osek/current/nxtOSEK/ecrobot/libecrobot.a(sound.oram)
                0x00000000002020a4                sound_fill_sample_buffer
 .text.sound_init
                0x0000000000202188       0xa0 /user/5/raymondp/mdl2lus2osek/current/nxtOSEK/ecrobot/libecrobot.a(sound.oram)
                0x0000000000202188                sound_init
 .text.sound_isr_C
                0x0000000000202228      0x144 /user/5/raymondp/mdl2lus2osek/current/nxtOSEK/ecrobot/libecrobot.a(sound.oram)
                0x0000000000202228                sound_isr_C
 .text.bt_init  0x000000000020236c      0x1c0 /user/5/raymondp/mdl2lus2osek/current/nxtOSEK/ecrobot/libecrobot.a(bt.oram)
                0x000000000020236c                bt_init
 .text.nxt_avr_power_down
                0x000000000020252c       0x10 /user/5/raymondp/mdl2lus2osek/current/nxtOSEK/ecrobot/libecrobot.a(nxt_avr.oram)
                0x000000000020252c                nxt_avr_power_down
 .text.nxt_avr_link_init
                0x000000000020253c       0x20 /user/5/raymondp/mdl2lus2osek/current/nxtOSEK/ecrobot/libecrobot.a(nxt_avr.oram)
                0x000000000020253c                nxt_avr_link_init
 .text.nxt_avr_init
                0x000000000020255c       0x6c /user/5/raymondp/mdl2lus2osek/current/nxtOSEK/ecrobot/libecrobot.a(nxt_avr.oram)
                0x000000000020255c                nxt_avr_init
 .text.nxt_avr_1kHz_update
                0x00000000002025c8      0x1cc /user/5/raymondp/mdl2lus2osek/current/nxtOSEK/ecrobot/libecrobot.a(nxt_avr.oram)
                0x00000000002025c8                nxt_avr_1kHz_update
 .text.buttons_get
                0x0000000000202794        0xc /user/5/raymondp/mdl2lus2osek/current/nxtOSEK/ecrobot/libecrobot.a(nxt_avr.oram)
                0x0000000000202794                buttons_get
 .text.battery_voltage
                0x00000000002027a0       0x28 /user/5/raymondp/mdl2lus2osek/current/nxtOSEK/ecrobot/libecrobot.a(nxt_avr.oram)
                0x00000000002027a0                battery_voltage
 .text.sensor_adc
                0x00000000002027c8       0x20 /user/5/raymondp/mdl2lus2osek/current/nxtOSEK/ecrobot/libecrobot.a(nxt_avr.oram)
                0x00000000002027c8                sensor_adc
 .text.nxt_avr_set_motor
                0x00000000002027e8       0x34 /user/5/raymondp/mdl2lus2osek/current/nxtOSEK/ecrobot/libecrobot.a(nxt_avr.oram)
                0x00000000002027e8                nxt_avr_set_motor
 .text.nxt_avr_set_input_power
                0x000000000020281c       0x3c /user/5/raymondp/mdl2lus2osek/current/nxtOSEK/ecrobot/libecrobot.a(nxt_avr.oram)
                0x000000000020281c                nxt_avr_set_input_power
 .text.unset_digi0
                0x0000000000202858       0x44 /user/5/raymondp/mdl2lus2osek/current/nxtOSEK/ecrobot/libecrobot.a(sensors.oram)
                0x0000000000202858                unset_digi0
 .text.unset_digi1
                0x000000000020289c       0x44 /user/5/raymondp/mdl2lus2osek/current/nxtOSEK/ecrobot/libecrobot.a(sensors.oram)
                0x000000000020289c                unset_digi1
 .text.init_sensors
                0x00000000002028e0       0x4c /user/5/raymondp/mdl2lus2osek/current/nxtOSEK/ecrobot/libecrobot.a(sensors.oram)
                0x00000000002028e0                init_sensors
 .text.set_digi0
                0x000000000020292c       0x44 /user/5/raymondp/mdl2lus2osek/current/nxtOSEK/ecrobot/libecrobot.a(sensors.oram)
                0x000000000020292c                set_digi0
 .text.nxt_lcd_command
                0x0000000000202970       0x18 /user/5/raymondp/mdl2lus2osek/current/nxtOSEK/ecrobot/libecrobot.a(nxt_lcd.oram)
                0x0000000000202970                nxt_lcd_command
 .text.nxt_lcd_set_col
                0x0000000000202988       0x24 /user/5/raymondp/mdl2lus2osek/current/nxtOSEK/ecrobot/libecrobot.a(nxt_lcd.oram)
                0x0000000000202988                nxt_lcd_set_col
 .text.nxt_lcd_set_multiplex_rate
                0x00000000002029ac       0x18 /user/5/raymondp/mdl2lus2osek/current/nxtOSEK/ecrobot/libecrobot.a(nxt_lcd.oram)
                0x00000000002029ac                nxt_lcd_set_multiplex_rate
 .text.nxt_lcd_set_page_address
                0x00000000002029c4       0x18 /user/5/raymondp/mdl2lus2osek/current/nxtOSEK/ecrobot/libecrobot.a(nxt_lcd.oram)
                0x00000000002029c4                nxt_lcd_set_page_address
 .text.nxt_lcd_set_pot
                0x00000000002029dc       0x1c /user/5/raymondp/mdl2lus2osek/current/nxtOSEK/ecrobot/libecrobot.a(nxt_lcd.oram)
                0x00000000002029dc                nxt_lcd_set_pot
 .text.nxt_lcd_set_ram_address_control
                0x00000000002029f8       0x18 /user/5/raymondp/mdl2lus2osek/current/nxtOSEK/ecrobot/libecrobot.a(nxt_lcd.oram)
                0x00000000002029f8                nxt_lcd_set_ram_address_control
 .text.nxt_lcd_enable
                0x0000000000202a10       0x14 /user/5/raymondp/mdl2lus2osek/current/nxtOSEK/ecrobot/libecrobot.a(nxt_lcd.oram)
                0x0000000000202a10                nxt_lcd_enable
 .text.nxt_lcd_set_map_control
                0x0000000000202a24       0x18 /user/5/raymondp/mdl2lus2osek/current/nxtOSEK/ecrobot/libecrobot.a(nxt_lcd.oram)
                0x0000000000202a24                nxt_lcd_set_map_control
 .text.nxt_lcd_reset
                0x0000000000202a3c        0xc /user/5/raymondp/mdl2lus2osek/current/nxtOSEK/ecrobot/libecrobot.a(nxt_lcd.oram)
                0x0000000000202a3c                nxt_lcd_reset
 .text.nxt_lcd_set_bias_ratio
                0x0000000000202a48       0x18 /user/5/raymondp/mdl2lus2osek/current/nxtOSEK/ecrobot/libecrobot.a(nxt_lcd.oram)
                0x0000000000202a48                nxt_lcd_set_bias_ratio
 .text.nxt_lcd_force_update
                0x0000000000202a60       0x30 /user/5/raymondp/mdl2lus2osek/current/nxtOSEK/ecrobot/libecrobot.a(nxt_lcd.oram)
                0x0000000000202a60                nxt_lcd_force_update
 .text.nxt_lcd_update
                0x0000000000202a90        0xc /user/5/raymondp/mdl2lus2osek/current/nxtOSEK/ecrobot/libecrobot.a(nxt_lcd.oram)
                0x0000000000202a90                nxt_lcd_update
 .text.nxt_lcd_power_up
                0x0000000000202a9c       0x48 /user/5/raymondp/mdl2lus2osek/current/nxtOSEK/ecrobot/libecrobot.a(nxt_lcd.oram)
                0x0000000000202a9c                nxt_lcd_power_up
 .text.nxt_lcd_power_down
                0x0000000000202ae4        0xc /user/5/raymondp/mdl2lus2osek/current/nxtOSEK/ecrobot/libecrobot.a(nxt_lcd.oram)
                0x0000000000202ae4                nxt_lcd_power_down
 .text.nxt_lcd_init
                0x0000000000202af0       0x18 /user/5/raymondp/mdl2lus2osek/current/nxtOSEK/ecrobot/libecrobot.a(nxt_lcd.oram)
                0x0000000000202af0                nxt_lcd_init
 .text.verify_flash_page
                0x0000000000202b08       0x34 /user/5/raymondp/mdl2lus2osek/current/nxtOSEK/ecrobot/libecrobot.a(flash_loader.oram)
 .text.set_flash_request
                0x0000000000202b3c       0x38 /user/5/raymondp/mdl2lus2osek/current/nxtOSEK/ecrobot/libecrobot.a(flash_loader.oram)
                0x0000000000202b3c                set_flash_request
 .text.nxt_device_init
                0x0000000000202b74       0x38 /user/5/raymondp/mdl2lus2osek/current/nxtOSEK/ecrobot/libecrobot.a(flash_loader.oram)
                0x0000000000202b74                nxt_device_init
 .text          0x0000000000202bac       0x68 /user/5/raymondp/mdl2lus2osek/current/nxtOSEK/ecrobot/libecrobot.a(interrupts.oram)
                0x0000000000202bac                interrupts_get_and_disable
                0x0000000000202bd0                interrupts_enable
                0x0000000000202be0                fiq_get_and_disable
                0x0000000000202c04                fiq_enable
 .text.flash_write_page
                0x0000000000202c14       0xc0 /user/5/raymondp/mdl2lus2osek/current/nxtOSEK/ecrobot/libecrobot.a(flashprog.oram)
                0x0000000000202c14                flash_write_page
                0x0000000000202ce0                . = ALIGN (0x10)
 *fill*         0x0000000000202cd4        0xc 00
 *.oram(*.rodata *.rodata.*)
 .rodata.ld     0x0000000000202ce0        0x4 /user/5/raymondp/mdl2lus2osek/current/nxtOSEK/ecrobot/libecrobot.a(udp.oram)
 .rodata.cfd    0x0000000000202ce4       0x20 /user/5/raymondp/mdl2lus2osek/current/nxtOSEK/ecrobot/libecrobot.a(udp.oram)
 .rodata.dd     0x0000000000202d04       0x12 /user/5/raymondp/mdl2lus2osek/current/nxtOSEK/ecrobot/libecrobot.a(udp.oram)
 *fill*         0x0000000000202d16        0x2 00
 .rodata.str1.4
                0x0000000000202d18       0x22 /user/5/raymondp/mdl2lus2osek/current/nxtOSEK/ecrobot/libecrobot.a(data_abort.oram)
                                         0x24 (size before relaxing)
 .rodata.font   0x0000000000202d3a      0x280 /user/5/raymondp/mdl2lus2osek/current/nxtOSEK/ecrobot/libecrobot.a(display.oram)
 *fill*         0x0000000000202fba        0x2 00
 .rodata.str1.4
                0x0000000000202fbc       0x76 /user/5/raymondp/mdl2lus2osek/current/nxtOSEK/ecrobot/libecrobot.a(display.oram)
                                         0x78 (size before relaxing)
 *fill*         0x0000000000203032        0x2 00
 .rodata.i2c_pin
                0x0000000000203034       0x20 /user/5/raymondp/mdl2lus2osek/current/nxtOSEK/ecrobot/libecrobot.a(i2c.oram)
 .rodata.i2c_timer_isr_C
                0x0000000000203054       0x38 /user/5/raymondp/mdl2lus2osek/current/nxtOSEK/ecrobot/libecrobot.a(i2c.oram)
 .rodata.silence
                0x000000000020308c       0x40 /user/5/raymondp/mdl2lus2osek/current/nxtOSEK/ecrobot/libecrobot.a(sound.oram)
                0x000000000020308c                silence
 .rodata.sample_pattern
                0x00000000002030cc       0x84 /user/5/raymondp/mdl2lus2osek/current/nxtOSEK/ecrobot/libecrobot.a(sound.oram)
                0x00000000002030cc                sample_pattern
 .rodata        0x0000000000203150        0xc /user/5/raymondp/mdl2lus2osek/current/nxtOSEK/ecrobot/libecrobot.a(sound.oram)
 .rodata.avr_brainwash_string
                0x000000000020315c       0x30 /user/5/raymondp/mdl2lus2osek/current/nxtOSEK/ecrobot/libecrobot.a(nxt_avr.oram)
                0x000000000020315c                avr_brainwash_string
 .rodata.nxt_avr_1kHz_update
                0x000000000020318c       0x14 /user/5/raymondp/mdl2lus2osek/current/nxtOSEK/ecrobot/libecrobot.a(nxt_avr.oram)
 .rodata.C.33.1823
                0x00000000002031a0       0x10 /user/5/raymondp/mdl2lus2osek/current/nxtOSEK/ecrobot/libecrobot.a(sensors.oram)
 .rodata.C.37.1857
                0x00000000002031b0       0x10 /user/5/raymondp/mdl2lus2osek/current/nxtOSEK/ecrobot/libecrobot.a(sensors.oram)
 .rodata.C.31.1806
                0x00000000002031c0       0x10 /user/5/raymondp/mdl2lus2osek/current/nxtOSEK/ecrobot/libecrobot.a(sensors.oram)
 .rodata.str1.4
                0x00000000002031d0       0x24 /user/5/raymondp/mdl2lus2osek/current/nxtOSEK/ecrobot/libecrobot.a(flash_loader.oram)
 *fill*         0x00000000002031f4        0x4 00
 .rodata.str1.4.stub
                0x00000000002031f8       0x10 linker stubs
                0x0000000000203210                . = ALIGN (0x10)
 *fill*         0x0000000000203208        0x8 00
                0x0000000000200300                __ramtext_ram_start__ = ADDR (.ram_text)
                0x0000000000203210                __ramtext_ram_end__ = (ADDR (.ram_text) + SIZEOF (.ram_text))
                0x0000000000200300                __ramtext_load_start__ = LOADADDR (.ram_text)
                0x0000000000203210                __ramtext_load_end__ = (__ramtext_load_start__ + SIZEOF (.ram_text))

.wav_data       0x0000000000203210        0x0
 *.owav(*.data *.data.*)
                0x0000000000203210                . = ALIGN (0x10)

.bmp_data       0x0000000000203210      0x440
 *.obmp(*.data *.data.*)
 .data          0x0000000000203210      0x43e /user/5/raymondp/mdl2lus2osek/current/nxtOSEK/ecrobot/libecrobot.a(nxtosek_splash.obmp)
                0x0000000000203210                nxtosek_splash_bmp_start
                0x000000000020364e                nxtosek_splash_bmp_end
                0x0000000000203650                . = ALIGN (0x10)
 *fill*         0x000000000020364e        0x2 00

.spr_data       0x0000000000203650        0x0
 *.ospr(*.data *.data.*)
                0x0000000000203650                . = ALIGN (0x10)

.data           0x0000000000203650       0xa0
 *(*.data *.data.*)
 .data.kp_teta  0x0000000000203650        0x8 ./build/decision.o
                0x0000000000203650                kp_teta
 .data.ki_teta  0x0000000000203658        0x8 ./build/decision.o
                0x0000000000203658                ki_teta
 .data.pi       0x0000000000203660        0x8 ./build/decision.o
                0x0000000000203660                pi
 .data.T        0x0000000000203668        0x8 ./build/decision.o
                0x0000000000203668                T
 .data.threshold_distance
                0x0000000000203670        0x8 ./build/controle.o
                0x0000000000203670                threshold_distance
 .data.threshold_noir
                0x0000000000203678        0x8 ./build/controle.o
                0x0000000000203678                threshold_noir
 .data.threshold_blanc
                0x0000000000203680        0x8 ./build/controle.o
                0x0000000000203680                threshold_blanc
 .data.distance_state
                0x0000000000203688       0x10 /user/5/raymondp/mdl2lus2osek/current/nxtOSEK/ecrobot/libecrobot.a(ecrobot_interface.o)
 .data.deviceStatus
                0x0000000000203698        0x1 /user/5/raymondp/mdl2lus2osek/current/nxtOSEK/ecrobot/libecrobot.a(ecrobot_interface.o)
 .bss.data.2619
                0x0000000000203699        0x4 /user/5/raymondp/mdl2lus2osek/current/nxtOSEK/ecrobot/libecrobot.a(ecrobot_interface.o)
 .data.named    0x000000000020369d       0x22 /user/5/raymondp/mdl2lus2osek/current/nxtOSEK/ecrobot/libecrobot.a(udp.oram)
 .data.snd      0x00000000002036bf       0x1a /user/5/raymondp/mdl2lus2osek/current/nxtOSEK/ecrobot/libecrobot.a(udp.oram)
 *fill*         0x00000000002036d9        0x3 00
 .data.configured
                0x00000000002036dc        0x4 /user/5/raymondp/mdl2lus2osek/current/nxtOSEK/ecrobot/libecrobot.a(udp.oram)
 .data.mode     0x00000000002036e0        0x1 /user/5/raymondp/mdl2lus2osek/current/nxtOSEK/ecrobot/libecrobot.a(nxt_spi.oram)
                0x00000000002036e0                mode
 *fill*         0x00000000002036e1        0x3 00
 .bss.data      0x00000000002036e4        0x4 /user/5/raymondp/mdl2lus2osek/current/nxtOSEK/ecrobot/libecrobot.a(nxt_spi.oram)
                0x00000000002036e4                data
 .data.display_auto_update
                0x00000000002036e8        0x4 /user/5/raymondp/mdl2lus2osek/current/nxtOSEK/ecrobot/libecrobot.a(display.oram)
                0x00000000002036e8                display_auto_update
 .data.display_buffer
                0x00000000002036ec        0x4 /user/5/raymondp/mdl2lus2osek/current/nxtOSEK/ecrobot/libecrobot.a(display.oram)
                0x00000000002036f0                . = ALIGN (0x10)
                0x0000000000203650                __data_ram_start__ = ADDR (.data)
                0x00000000002036f0                __data_ram_end__ = (ADDR (.data) + SIZEOF (.data))
                0x0000000000203650                __data_load_start__ = LOADADDR (.data)
                0x00000000002036f0                __data_load_end__ = (__data_load_start__ + SIZEOF (.data))

.text           0x00000000002036f0     0x2a80
                0x00000000002036f0                . = ALIGN (0x10)
 *(*.text *.text.* *.glue*)
 .glue_7        0x00000000002036f0       0x18 linker stubs
                0x00000000002036f0                __call_posttaskhook_from_arm
                0x00000000002036fc                __call_pretaskhook_from_arm
 .glue_7t       0x0000000000000000        0x0 linker stubs
 .text.enqueue_alarm
                0x0000000000203708       0x94 ./build/alarm.o
 .text.alarm_initialize
                0x000000000020379c       0x98 ./build/alarm.o
                0x000000000020379c                alarm_initialize
 .text.unlock_cpu
                0x0000000000203834        0xc ./build/alarm.o
 .text.lock_cpu
                0x0000000000203840        0xc ./build/alarm.o
 .text.SignalCounter
                0x000000000020384c      0x128 ./build/alarm.o
                0x000000000020384c                SignalCounter
 .text.ShutdownOS
                0x0000000000203974       0x4c ./build/osctl.o
                0x0000000000203974                ShutdownOS
 .text.StartOS  0x00000000002039c0       0x58 ./build/osctl.o
                0x00000000002039c0                StartOS
 .text.call_pretaskhook
                0x0000000000203a18       0x24 ./build/osctl.o
                0x0000000000203a18                call_pretaskhook
 .text.call_posttaskhook
                0x0000000000203a3c       0x24 ./build/osctl.o
                0x0000000000203a3c                call_posttaskhook
 .text.call_errorhook
                0x0000000000203a60       0x78 ./build/osctl.o
                0x0000000000203a60                call_errorhook
 .text.resource_initialize
                0x0000000000203ad8       0x20 ./build/resource.o
                0x0000000000203ad8                resource_initialize
 .text.make_runnable
                0x0000000000203af8       0xa4 ./build/task.o
                0x0000000000203af8                make_runnable
 .text.make_active
                0x0000000000203b9c       0x78 ./build/task.o
                0x0000000000203b9c                make_active
 .text.task_initialize
                0x0000000000203c14       0x88 ./build/task.o
                0x0000000000203c14                task_initialize
 .text.search_schedtsk
                0x0000000000203c9c       0x90 ./build/task.o
                0x0000000000203c9c                search_schedtsk
 .text.unlock_cpu
                0x0000000000203d2c        0xc ./build/task_manage.o
 .text.lock_cpu
                0x0000000000203d38        0xc ./build/task_manage.o
 .text.ActivateTask
                0x0000000000203d44       0x8c ./build/task_manage.o
                0x0000000000203d44                ActivateTask
 .text.TerminateTask
                0x0000000000203dd0       0x74 ./build/task_manage.o
                0x0000000000203dd0                TerminateTask
 .text.cpu_initialize
                0x0000000000203e44        0x4 ./build/cpu_config.o
                0x0000000000203e44                cpu_initialize
 .text.cpu_terminate
                0x0000000000203e48        0x4 ./build/cpu_config.o
                0x0000000000203e48                cpu_terminate
 .text.sys_initialize
                0x0000000000203e4c        0x4 ./build/sys_config.o
                0x0000000000203e4c                sys_initialize
 .text.sys_exit
                0x0000000000203e50        0x4 ./build/sys_config.o
                0x0000000000203e50                sys_exit
 .text._activate_alarm_cyclic_alarm2
                0x0000000000203e54        0xc ./build/kernel_cfg.o
 .text._activate_alarm_cyclic_alarm1
                0x0000000000203e60        0xc ./build/kernel_cfg.o
 .text.object_initialize
                0x0000000000203e6c       0x18 ./build/kernel_cfg.o
                0x0000000000203e6c                object_initialize
 .text.init_OS_flag
                0x0000000000203e84        0xc ./build/ecrobot_base.o
                0x0000000000203e84                init_OS_flag
 .text.set_OS_flag
                0x0000000000203e90        0xc ./build/ecrobot_base.o
                0x0000000000203e90                set_OS_flag
 .text.get_OS_flag
                0x0000000000203e9c        0xc ./build/ecrobot_base.o
                0x0000000000203e9c                get_OS_flag
 .text.cpp_constructor
                0x0000000000203ea8       0x28 ./build/ecrobot_base.o
                0x0000000000203ea8                cpp_constructor
 .text.cpp_destructor
                0x0000000000203ed0       0x28 ./build/ecrobot_base.o
                0x0000000000203ed0                cpp_destructor
 .text.execution_mode
                0x0000000000203ef8       0x14 ./build/ecrobot_base.o
                0x0000000000203ef8                execution_mode
 .text.check_NXT_buttons
                0x0000000000203f0c       0x7c ./build/ecrobot_base.o
                0x0000000000203f0c                check_NXT_buttons
 .text.add_status_info
                0x0000000000203f88       0x68 ./build/ecrobot_base.o
                0x0000000000203f88                add_status_info
 .text.show_main_screen
                0x0000000000203ff0       0x48 ./build/ecrobot_base.o
                0x0000000000203ff0                show_main_screen
 .text.display_status_bar
                0x0000000000204038       0x5c ./build/ecrobot_base.o
                0x0000000000204038                display_status_bar
 .text.show_splash_screen
                0x0000000000204094       0x98 ./build/ecrobot_base.o
                0x0000000000204094                show_splash_screen
 .text.main     0x000000000020412c      0x104 ./build/ecrobot.o
                0x000000000020412c                main
 .text.decision_I_Cg
                0x0000000000204230        0xc ./build/decision.o
                0x0000000000204230                decision_I_Cg
 .text.decision_I_Cd
                0x000000000020423c        0xc ./build/decision.o
                0x000000000020423c                decision_I_Cd
 .text.decision_I_state_bool_n
                0x0000000000204248        0xc ./build/decision.o
                0x0000000000204248                decision_I_state_bool_n
 .text.decision_reset
                0x0000000000204254       0x10 ./build/decision.o
                0x0000000000204254                decision_reset
 .text.decision_step
                0x0000000000204264      0x1e8 ./build/decision.o
                0x0000000000204264                decision_step
 .text.controle_I_Collision_n
                0x000000000020444c        0xc ./build/controle.o
                0x000000000020444c                controle_I_Collision_n
 .text.controle_I_Cd_in
                0x0000000000204458        0xc ./build/controle.o
                0x0000000000204458                controle_I_Cd_in
 .text.controle_reset
                0x0000000000204464       0x1c ./build/controle.o
                0x0000000000204464                controle_reset
 .text.controle_step
                0x0000000000204480      0x17c ./build/controle.o
                0x0000000000204480                controle_step
 .text.decision_O_Cd_out
                0x00000000002045fc        0xc ./build/control_multitache_glue.o
                0x00000000002045fc                decision_O_Cd_out
 .text.controle_O_state_switch_n
                0x0000000000204608        0xc ./build/control_multitache_glue.o
                0x0000000000204608                controle_O_state_switch_n
 .text.TaskMainHighTask
                0x0000000000204614       0x70 ./build/control_multitache_glue.o
                0x0000000000204614                TaskMainHighTask
 .text.TaskMainLowTask
                0x0000000000204684       0x44 ./build/control_multitache_glue.o
                0x0000000000204684                TaskMainLowTask
 .text.decision_O_v_g
                0x00000000002046c8       0x78 ./build/control_multitache_glue.o
                0x00000000002046c8                decision_O_v_g
 .text.decision_O_v_d
                0x0000000000204740       0x78 ./build/control_multitache_glue.o
                0x0000000000204740                decision_O_v_d
 .text.usr_init
                0x00000000002047b8       0x10 ./build/control_multitache_glue.o
                0x00000000002047b8                usr_init
 .text.ecrobot_device_terminate
                0x00000000002047c8       0x18 ./build/control_multitache_glue.o
                0x00000000002047c8                ecrobot_device_terminate
 .text.ecrobot_device_initialize
                0x00000000002047e0       0x18 ./build/control_multitache_glue.o
                0x00000000002047e0                ecrobot_device_initialize
 .text.user_1ms_isr_type2
                0x00000000002047f8       0x1c ./build/control_multitache_glue.o
                0x00000000002047f8                user_1ms_isr_type2
 *fill*         0x0000000000204814        0xc 00
 .text          0x0000000000204820      0x230 ./build/cpu_support.o
                0x0000000000204820                dispatch
                0x0000000000204860                activate_r
                0x0000000000204890                exit_and_dispatch
                0x00000000002048a0                start_dispatch
                0x000000000020495c                _interrupt
                0x00000000002049cc                int_return
                0x00000000002049f8                disable_int
                0x0000000000204a00                enable_int
                0x0000000000204a08                nop
 .text.ecrobot_set_light_sensor_active
                0x0000000000204a50       0x10 /user/5/raymondp/mdl2lus2osek/current/nxtOSEK/ecrobot/libecrobot.a(ecrobot_interface.o)
                0x0000000000204a50                ecrobot_set_light_sensor_active
 .text.ecrobot_set_light_sensor_inactive
                0x0000000000204a60       0x10 /user/5/raymondp/mdl2lus2osek/current/nxtOSEK/ecrobot/libecrobot.a(ecrobot_interface.o)
                0x0000000000204a60                ecrobot_set_light_sensor_inactive
 .text.ecrobot_get_light_sensor
                0x0000000000204a70       0x14 /user/5/raymondp/mdl2lus2osek/current/nxtOSEK/ecrobot/libecrobot.a(ecrobot_interface.o)
                0x0000000000204a70                ecrobot_get_light_sensor
 .text.ecrobot_init_i2c
                0x0000000000204a84       0x28 /user/5/raymondp/mdl2lus2osek/current/nxtOSEK/ecrobot/libecrobot.a(ecrobot_interface.o)
                0x0000000000204a84                ecrobot_init_i2c
 .text.ecrobot_init_sonar_sensor
                0x0000000000204aac       0x10 /user/5/raymondp/mdl2lus2osek/current/nxtOSEK/ecrobot/libecrobot.a(ecrobot_interface.o)
                0x0000000000204aac                ecrobot_init_sonar_sensor
 .text.ecrobot_get_sonar_sensor
                0x0000000000204abc       0x48 /user/5/raymondp/mdl2lus2osek/current/nxtOSEK/ecrobot/libecrobot.a(ecrobot_interface.o)
                0x0000000000204abc                ecrobot_get_sonar_sensor
 .text.ecrobot_term_sonar_sensor
                0x0000000000204b04       0x20 /user/5/raymondp/mdl2lus2osek/current/nxtOSEK/ecrobot/libecrobot.a(ecrobot_interface.o)
                0x0000000000204b04                ecrobot_term_sonar_sensor
 .text.ecrobot_get_battery_voltage
                0x0000000000204b24        0xc /user/5/raymondp/mdl2lus2osek/current/nxtOSEK/ecrobot/libecrobot.a(ecrobot_interface.o)
                0x0000000000204b24                ecrobot_get_battery_voltage
 .text.ecrobot_get_button_state
                0x0000000000204b30        0xc /user/5/raymondp/mdl2lus2osek/current/nxtOSEK/ecrobot/libecrobot.a(ecrobot_interface.o)
                0x0000000000204b30                ecrobot_get_button_state
 .text.ecrobot_init_nxtstate
                0x0000000000204b3c       0x28 /user/5/raymondp/mdl2lus2osek/current/nxtOSEK/ecrobot/libecrobot.a(ecrobot_interface.o)
                0x0000000000204b3c                ecrobot_init_nxtstate
 .text.ecrobot_poll_nxtstate
                0x0000000000204b64       0x64 /user/5/raymondp/mdl2lus2osek/current/nxtOSEK/ecrobot/libecrobot.a(ecrobot_interface.o)
                0x0000000000204b64                ecrobot_poll_nxtstate
 .text.ecrobot_setDeviceInitialized
                0x0000000000204bc8       0x14 /user/5/raymondp/mdl2lus2osek/current/nxtOSEK/ecrobot/libecrobot.a(ecrobot_interface.o)
                0x0000000000204bc8                ecrobot_setDeviceInitialized
 .text.ecrobot_bmp2lcd
                0x0000000000204bdc      0x1c8 /user/5/raymondp/mdl2lus2osek/current/nxtOSEK/ecrobot/libecrobot.a(ecrobot_interface.o)
                0x0000000000204bdc                ecrobot_bmp2lcd
 .text.StartupHook
                0x0000000000204da4        0x4 /user/5/raymondp/mdl2lus2osek/current/nxtOSEK/ecrobot/libecrobot.a(osek_hook.o)
                0x0000000000204da4                StartupHook
 .text.PreTaskHook
                0x0000000000204da8        0x4 /user/5/raymondp/mdl2lus2osek/current/nxtOSEK/ecrobot/libecrobot.a(osek_hook.o)
                0x0000000000204da8                PreTaskHook
 .text.PostTaskHook
                0x0000000000204dac        0x4 /user/5/raymondp/mdl2lus2osek/current/nxtOSEK/ecrobot/libecrobot.a(osek_hook.o)
                0x0000000000204dac                PostTaskHook
 .text.ErrorHook
                0x0000000000204db0        0x4 /user/5/raymondp/mdl2lus2osek/current/nxtOSEK/ecrobot/libecrobot.a(osek_hook.o)
                0x0000000000204db0                ErrorHook
 .text.ShutdownHook
                0x0000000000204db4        0x4 /user/5/raymondp/mdl2lus2osek/current/nxtOSEK/ecrobot/libecrobot.a(osek_hook.o)
                0x0000000000204db4                ShutdownHook
 .text          0x0000000000204db8       0x8c /user/5/.base/raymondp/home/mdl2lus2osek/gnu-arm/4.4.2.nxt.x86_64.2013/bin/../lib/gcc/arm-elf/4.4.2/thumb/interwork/libgcc.a(_udivsi3.o)
                0x0000000000204db8                __udivsi3
                0x0000000000204db8                __aeabi_uidiv
                0x0000000000204e34                __aeabi_uidivmod
 .text          0x0000000000204e44       0xc8 /user/5/.base/raymondp/home/mdl2lus2osek/gnu-arm/4.4.2.nxt.x86_64.2013/bin/../lib/gcc/arm-elf/4.4.2/thumb/interwork/libgcc.a(_umodsi3.o)
                0x0000000000204e44                __umodsi3
 .text          0x0000000000204f0c        0x4 /user/5/.base/raymondp/home/mdl2lus2osek/gnu-arm/4.4.2.nxt.x86_64.2013/bin/../lib/gcc/arm-elf/4.4.2/thumb/interwork/libgcc.a(_dvmd_tls.o)
                0x0000000000204f0c                __aeabi_ldiv0
                0x0000000000204f0c                __div0
                0x0000000000204f0c                __aeabi_idiv0
 .text          0x0000000000204f10      0x430 /user/5/.base/raymondp/home/mdl2lus2osek/gnu-arm/4.4.2.nxt.x86_64.2013/bin/../lib/gcc/arm-elf/4.4.2/thumb/interwork/libgcc.a(_arm_addsubdf3.o)
                0x0000000000204f10                __aeabi_drsub
                0x0000000000204f18                __aeabi_dsub
                0x0000000000204f18                __subdf3
                0x0000000000204f1c                __adddf3
                0x0000000000204f1c                __aeabi_dadd
                0x000000000020522c                __aeabi_ui2d
                0x000000000020522c                __floatunsidf
                0x0000000000205254                __floatsidf
                0x0000000000205254                __aeabi_i2d
                0x0000000000205280                __extendsfdf2
                0x0000000000205280                __aeabi_f2d
                0x00000000002052c0                __aeabi_ul2d
                0x00000000002052c0                __floatundidf
                0x00000000002052d4                __floatdidf
                0x00000000002052d4                __aeabi_l2d
 .text          0x0000000000205340      0x49c /user/5/.base/raymondp/home/mdl2lus2osek/gnu-arm/4.4.2.nxt.x86_64.2013/bin/../lib/gcc/arm-elf/4.4.2/thumb/interwork/libgcc.a(_arm_muldivdf3.o)
                0x0000000000205340                __aeabi_dmul
                0x0000000000205340                __muldf3
                0x00000000002055d0                __aeabi_ddiv
                0x00000000002055d0                __divdf3
 .text          0x00000000002057dc      0x140 /user/5/.base/raymondp/home/mdl2lus2osek/gnu-arm/4.4.2.nxt.x86_64.2013/bin/../lib/gcc/arm-elf/4.4.2/thumb/interwork/libgcc.a(_arm_cmpdf2.o)
                0x00000000002057dc                __gtdf2
                0x00000000002057dc                __gedf2
                0x00000000002057e4                __ltdf2
                0x00000000002057e4                __ledf2
                0x00000000002057ec                __cmpdf2
                0x00000000002057ec                __eqdf2
                0x00000000002057ec                __nedf2
                0x0000000000205870                __aeabi_cdrcmple
                0x000000000020588c                __aeabi_cdcmple
                0x000000000020588c                __aeabi_cdcmpeq
                0x00000000002058a4                __aeabi_dcmpeq
                0x00000000002058bc                __aeabi_dcmplt
                0x00000000002058d4                __aeabi_dcmple
                0x00000000002058ec                __aeabi_dcmpge
                0x0000000000205904                __aeabi_dcmpgt
 .text          0x000000000020591c       0x5c /user/5/.base/raymondp/home/mdl2lus2osek/gnu-arm/4.4.2.nxt.x86_64.2013/bin/../lib/gcc/arm-elf/4.4.2/thumb/interwork/libgcc.a(_arm_fixdfsi.o)
                0x000000000020591c                __fixdfsi
                0x000000000020591c                __aeabi_d2iz
 .text          0x0000000000205978      0x2ac /user/5/.base/raymondp/home/mdl2lus2osek/gnu-arm/4.4.2.nxt.x86_64.2013/bin/../lib/gcc/arm-elf/4.4.2/thumb/interwork/libgcc.a(_arm_addsubsf3.o)
                0x0000000000205978                __aeabi_frsub
                0x0000000000205980                __subsf3
                0x0000000000205980                __aeabi_fsub
                0x0000000000205984                __aeabi_fadd
                0x0000000000205984                __addsf3
                0x0000000000205b40                __aeabi_ui2f
                0x0000000000205b40                __floatunsisf
                0x0000000000205b48                __aeabi_i2f
                0x0000000000205b48                __floatsisf
                0x0000000000205b68                __floatundisf
                0x0000000000205b68                __aeabi_ul2f
                0x0000000000205b78                __floatdisf
                0x0000000000205b78                __aeabi_l2f
 .text          0x0000000000205c24      0x2f8 /user/5/.base/raymondp/home/mdl2lus2osek/gnu-arm/4.4.2.nxt.x86_64.2013/bin/../lib/gcc/arm-elf/4.4.2/thumb/interwork/libgcc.a(_arm_muldivsf3.o)
                0x0000000000205c24                __mulsf3
                0x0000000000205c24                __aeabi_fmul
                0x0000000000205dbc                __divsf3
                0x0000000000205dbc                __aeabi_fdiv
 .text          0x0000000000205f1c       0x98 /user/5/.base/raymondp/home/mdl2lus2osek/gnu-arm/4.4.2.nxt.x86_64.2013/bin/../lib/gcc/arm-elf/4.4.2/../../../../arm-elf/lib/thumb/interwork/libc.a(lib_a-memset.o)
                0x0000000000205f1c                memset
 .text          0x0000000000205fb4       0x10 /user/5/.base/raymondp/home/mdl2lus2osek/gnu-arm/4.4.2.nxt.x86_64.2013/bin/../lib/gcc/arm-elf/4.4.2/../../../../arm-elf/lib/thumb/interwork/libc.a(lib_a-strcpy.o)
                0x0000000000205fb4                strcpy
 .text          0x0000000000205fc4       0x10 /user/5/.base/raymondp/home/mdl2lus2osek/gnu-arm/4.4.2.nxt.x86_64.2013/bin/../lib/gcc/arm-elf/4.4.2/../../../../arm-elf/lib/thumb/interwork/libc.a(lib_a-strlen.o)
                0x0000000000205fc4                strlen
                0x0000000000205fe0                . = ALIGN (0x10)
 *fill*         0x0000000000205fd4        0xc 00
 *(*.rodata *.rodata.*)
 .rodata.search_table.1033
                0x0000000000205fe0       0x10 ./build/task.o
 .rodata.tnum_resource
                0x0000000000205ff0        0x1 ./build/kernel_cfg.o
                0x0000000000205ff0                tnum_resource
 *fill*         0x0000000000205ff1        0x3 00
 .rodata.alminib_cback
                0x0000000000205ff4        0x8 ./build/kernel_cfg.o
                0x0000000000205ff4                alminib_cback
 .rodata.alminib_cntid
                0x0000000000205ffc        0x4 ./build/kernel_cfg.o
                0x0000000000205ffc                alminib_cntid
 .rodata.tinib_maxact
                0x0000000000206000        0x4 ./build/kernel_cfg.o
                0x0000000000206000                tinib_maxact
 .rodata.cntinib_tickbase
                0x0000000000206004        0x4 ./build/kernel_cfg.o
                0x0000000000206004                cntinib_tickbase
 .rodata.tnum_task
                0x0000000000206008        0x1 ./build/kernel_cfg.o
                0x0000000000206008                tnum_task
 *fill*         0x0000000000206009        0x3 00
 .rodata.cntinib_maxval
                0x000000000020600c        0x4 ./build/kernel_cfg.o
                0x000000000020600c                cntinib_maxval
 .rodata.alminib_almval
                0x0000000000206010        0x8 ./build/kernel_cfg.o
                0x0000000000206010                alminib_almval
 .rodata.tinib_stksz
                0x0000000000206018        0x4 ./build/kernel_cfg.o
                0x0000000000206018                tinib_stksz
 .rodata.alminib_cycle
                0x000000000020601c        0x8 ./build/kernel_cfg.o
                0x000000000020601c                alminib_cycle
 .rodata.tinib_inipri
                0x0000000000206024        0x4 ./build/kernel_cfg.o
                0x0000000000206024                tinib_inipri
 .rodata.tnum_counter
                0x0000000000206028        0x1 ./build/kernel_cfg.o
                0x0000000000206028                tnum_counter
 *fill*         0x0000000000206029        0x3 00
 .rodata.cntinib_maxval2
                0x000000000020602c        0x4 ./build/kernel_cfg.o
                0x000000000020602c                cntinib_maxval2
 .rodata.tinib_stk
                0x0000000000206030        0x8 ./build/kernel_cfg.o
                0x0000000000206030                tinib_stk
 .rodata.tnum_exttask
                0x0000000000206038        0x1 ./build/kernel_cfg.o
                0x0000000000206038                tnum_exttask
 *fill*         0x0000000000206039        0x3 00
 .rodata.tinib_exepri
                0x000000000020603c        0x4 ./build/kernel_cfg.o
                0x000000000020603c                tinib_exepri
 .rodata.tinib_autoact
                0x0000000000206040        0x4 ./build/kernel_cfg.o
                0x0000000000206040                tinib_autoact
 .rodata.SysTimerCnt
                0x0000000000206044        0x1 ./build/kernel_cfg.o
                0x0000000000206044                SysTimerCnt
 .rodata.tnum_alarm
                0x0000000000206045        0x1 ./build/kernel_cfg.o
                0x0000000000206045                tnum_alarm
 *fill*         0x0000000000206046        0x2 00
 .rodata.tinib_task
                0x0000000000206048        0x8 ./build/kernel_cfg.o
                0x0000000000206048                tinib_task
 .rodata.alminib_autosta
                0x0000000000206050        0x4 ./build/kernel_cfg.o
                0x0000000000206050                alminib_autosta
 .rodata.str1.1
                0x0000000000206054       0x6c ./build/ecrobot_base.o
 .rodata.exec_addr
                0x00000000002060c0        0x4 ./build/ecrobot_base.o
                0x00000000002060c0                exec_addr
 *fill*         0x00000000002060c4        0x4 00
 .rodata.exec_addr.stub
                0x00000000002060c8       0xa0 linker stubs
                0x0000000000206170                . = ALIGN (0x10)
 *fill*         0x0000000000206168        0x8 00
 *(*.gnu.linkonce.* .gcc_except_table)
                0x0000000000206170                . = ALIGN (0x10)

.vfp11_veneer   0x00000000002036f0        0x0
 .vfp11_veneer  0x0000000000000000        0x0 linker stubs

.v4_bx          0x00000000002036f0        0x0
 .v4_bx         0x0000000000000000        0x0 linker stubs

.tors           0x0000000000206170        0x0
                0x0000000000206170                . = ALIGN (0x10)
                0x0000000000206170                __ctor_begin = .
 *(*.ctors*)
                0x0000000000206170                __ctor_end = .
                0x0000000000206170                . = ALIGN (0x10)
                0x0000000000206170                __dtor_begin = .
 *(*.dtors*)
                0x0000000000206170                __dtor_end = .
                0x0000000000206170                . = ALIGN (0x10)

.bss            0x0000000000206170     0x12ec
 *(*.bss *.bss.*)
 .bss.ready_queue_first
                0x0000000000206170       0x10 ./build/task.o
 .bss.ready_primap
                0x0000000000206180        0x2 ./build/task.o
 *fill*         0x0000000000206182        0x2 00
 .bss.ready_queue_last
                0x0000000000206184       0x10 ./build/task.o
 .bss._stack_HighTask
                0x0000000000206194      0x200 ./build/kernel_cfg.o
 .bss._stack_LowTask
                0x0000000000206394      0x200 ./build/kernel_cfg.o
 .bss.last_act_time.2732
                0x0000000000206594        0x4 ./build/ecrobot_base.o
 .bss.status_bar_position
                0x0000000000206598        0x4 ./build/ecrobot_base.o
 .bss.lcd.2654  0x000000000020659c      0x320 ./build/ecrobot_base.o
 .bss.status_bar
                0x00000000002068bc       0x10 ./build/ecrobot_base.o
 .bss.OS_flag   0x00000000002068cc        0x4 ./build/ecrobot_base.o
 .bss.ctx       0x00000000002068d0       0x4c ./build/decision.o
 .bss.ctx       0x000000000020691c       0x50 ./build/controle.o
 .bss.var_cd    0x000000000020696c        0x8 ./build/control_multitache_glue.o
                0x000000000020696c                var_cd
 .bss.var_switch
                0x0000000000206974        0x4 ./build/control_multitache_glue.o
                0x0000000000206974                var_switch
 .bss.buttons_i
                0x0000000000206978        0x4 /user/5/raymondp/mdl2lus2osek/current/nxtOSEK/ecrobot/libecrobot.a(ecrobot_interface.o)
 .bss.buttons_states
                0x000000000020697c       0x14 /user/5/raymondp/mdl2lus2osek/current/nxtOSEK/ecrobot/libecrobot.a(ecrobot_interface.o)
 .bss.ecrobot_inputs
                0x0000000000206990        0x8 /user/5/raymondp/mdl2lus2osek/current/nxtOSEK/ecrobot/libecrobot.a(ecrobot_interface.o)
 .bss.systick_ms
                0x0000000000206998        0x4 /user/5/raymondp/mdl2lus2osek/current/nxtOSEK/ecrobot/libecrobot.a(systick.oram)
 .bss.delayedEnable
                0x000000000020699c        0x1 /user/5/raymondp/mdl2lus2osek/current/nxtOSEK/ecrobot/libecrobot.a(udp.oram)
 *fill*         0x000000000020699d        0x3 00
 .bss.outCnt    0x00000000002069a0        0x4 /user/5/raymondp/mdl2lus2osek/current/nxtOSEK/ecrobot/libecrobot.a(udp.oram)
 .bss.outPtr    0x00000000002069a4        0x4 /user/5/raymondp/mdl2lus2osek/current/nxtOSEK/ecrobot/libecrobot.a(udp.oram)
 .bss.newAddress
                0x00000000002069a8        0x4 /user/5/raymondp/mdl2lus2osek/current/nxtOSEK/ecrobot/libecrobot.a(udp.oram)
 .bss.currentRxBank
                0x00000000002069ac        0x4 /user/5/raymondp/mdl2lus2osek/current/nxtOSEK/ecrobot/libecrobot.a(udp.oram)
 .bss.currentFeatures
                0x00000000002069b0        0x4 /user/5/raymondp/mdl2lus2osek/current/nxtOSEK/ecrobot/libecrobot.a(udp.oram)
 .bss.currentConfig
                0x00000000002069b4        0x1 /user/5/raymondp/mdl2lus2osek/current/nxtOSEK/ecrobot/libecrobot.a(udp.oram)
 *fill*         0x00000000002069b5        0x3 00
 .bss.twi_mask  0x00000000002069b8        0x4 /user/5/raymondp/mdl2lus2osek/current/nxtOSEK/ecrobot/libecrobot.a(twi.oram)
 .bss.twi_ptr   0x00000000002069bc        0x4 /user/5/raymondp/mdl2lus2osek/current/nxtOSEK/ecrobot/libecrobot.a(twi.oram)
 .bss.twi_pending
                0x00000000002069c0        0x4 /user/5/raymondp/mdl2lus2osek/current/nxtOSEK/ecrobot/libecrobot.a(twi.oram)
 .bss.twi_state
                0x00000000002069c4        0x4 /user/5/raymondp/mdl2lus2osek/current/nxtOSEK/ecrobot/libecrobot.a(twi.oram)
 .bss.page      0x00000000002069c8        0x1 /user/5/raymondp/mdl2lus2osek/current/nxtOSEK/ecrobot/libecrobot.a(nxt_spi.oram)
                0x00000000002069c8                page
 .bss.dirty     0x00000000002069c9        0x1 /user/5/raymondp/mdl2lus2osek/current/nxtOSEK/ecrobot/libecrobot.a(nxt_spi.oram)
                0x00000000002069c9                dirty
 *fill*         0x00000000002069ca        0x2 00
 .bss.display   0x00000000002069cc        0x4 /user/5/raymondp/mdl2lus2osek/current/nxtOSEK/ecrobot/libecrobot.a(nxt_spi.oram)
                0x00000000002069cc                display
 .bss.interrupts_this_period
                0x00000000002069d0        0x4 /user/5/raymondp/mdl2lus2osek/current/nxtOSEK/ecrobot/libecrobot.a(nxt_motors.oram)
 .bss.nxt_motor_initialised
                0x00000000002069d4        0x4 /user/5/raymondp/mdl2lus2osek/current/nxtOSEK/ecrobot/libecrobot.a(nxt_motors.oram)
 .bss.motor     0x00000000002069d8       0x30 /user/5/raymondp/mdl2lus2osek/current/nxtOSEK/ecrobot/libecrobot.a(nxt_motors.oram)
 .bss.display_tick
                0x0000000000206a08        0x4 /user/5/raymondp/mdl2lus2osek/current/nxtOSEK/ecrobot/libecrobot.a(display.oram)
                0x0000000000206a08                display_tick
 .bss.display_array
                0x0000000000206a0c      0x388 /user/5/raymondp/mdl2lus2osek/current/nxtOSEK/ecrobot/libecrobot.a(display.oram)
 .bss.i2c_int_count
                0x0000000000206d94        0x4 /user/5/raymondp/mdl2lus2osek/current/nxtOSEK/ecrobot/libecrobot.a(i2c.oram)
 .bss.i2c_port  0x0000000000206d98      0x170 /user/5/raymondp/mdl2lus2osek/current/nxtOSEK/ecrobot/libecrobot.a(i2c.oram)
 .bss.sound_mode
                0x0000000000206f08        0x1 /user/5/raymondp/mdl2lus2osek/current/nxtOSEK/ecrobot/libecrobot.a(sound.oram)
                0x0000000000206f08                sound_mode
 *fill*         0x0000000000206f09        0x3 00
 .bss.in_buf_idx
                0x0000000000206f0c        0x4 /user/5/raymondp/mdl2lus2osek/current/nxtOSEK/ecrobot/libecrobot.a(bt.oram)
 .bss.buf_ptr   0x0000000000206f10        0x4 /user/5/raymondp/mdl2lus2osek/current/nxtOSEK/ecrobot/libecrobot.a(bt.oram)
 .bss.out_buf_ptr
                0x0000000000206f14        0x1 /user/5/raymondp/mdl2lus2osek/current/nxtOSEK/ecrobot/libecrobot.a(bt.oram)
 .bss.in_buf_in_ptr
                0x0000000000206f15        0x1 /user/5/raymondp/mdl2lus2osek/current/nxtOSEK/ecrobot/libecrobot.a(bt.oram)
 .bss.in_buf    0x0000000000206f16      0x100 /user/5/raymondp/mdl2lus2osek/current/nxtOSEK/ecrobot/libecrobot.a(bt.oram)
 *fill*         0x0000000000207016        0x2 00
 .bss.link_state
                0x0000000000207018        0x4 /user/5/raymondp/mdl2lus2osek/current/nxtOSEK/ecrobot/libecrobot.a(nxt_avr.oram)
 .bss.update_count
                0x000000000020701c        0x4 /user/5/raymondp/mdl2lus2osek/current/nxtOSEK/ecrobot/libecrobot.a(nxt_avr.oram)
 .bss.nxt_avr_stats
                0x0000000000207020       0x14 /user/5/raymondp/mdl2lus2osek/current/nxtOSEK/ecrobot/libecrobot.a(nxt_avr.oram)
 .bss.debounce_cnt
                0x0000000000207034        0x2 /user/5/raymondp/mdl2lus2osek/current/nxtOSEK/ecrobot/libecrobot.a(nxt_avr.oram)
 .bss.debounce_state
                0x0000000000207036        0x2 /user/5/raymondp/mdl2lus2osek/current/nxtOSEK/ecrobot/libecrobot.a(nxt_avr.oram)
 .bss.button_state
                0x0000000000207038        0x2 /user/5/raymondp/mdl2lus2osek/current/nxtOSEK/ecrobot/libecrobot.a(nxt_avr.oram)
 .bss.prev_buttons
                0x000000000020703a        0x2 /user/5/raymondp/mdl2lus2osek/current/nxtOSEK/ecrobot/libecrobot.a(nxt_avr.oram)
 .bss.from_buf  0x000000000020703c        0x4 /user/5/raymondp/mdl2lus2osek/current/nxtOSEK/ecrobot/libecrobot.a(nxt_avr.oram)
 .bss.io_from_avr
                0x0000000000207040        0x4 /user/5/raymondp/mdl2lus2osek/current/nxtOSEK/ecrobot/libecrobot.a(nxt_avr.oram)
 .bss.data_from_avr
                0x0000000000207044       0x1a /user/5/raymondp/mdl2lus2osek/current/nxtOSEK/ecrobot/libecrobot.a(nxt_avr.oram)
 .bss.data_to_avr
                0x000000000020705e        0x9 /user/5/raymondp/mdl2lus2osek/current/nxtOSEK/ecrobot/libecrobot.a(nxt_avr.oram)
 .bss.io_to_avr
                0x0000000000207067        0x8 /user/5/raymondp/mdl2lus2osek/current/nxtOSEK/ecrobot/libecrobot.a(nxt_avr.oram)
 *fill*         0x000000000020706f        0x1 00
 .bss.display   0x0000000000207070        0x4 /user/5/raymondp/mdl2lus2osek/current/nxtOSEK/ecrobot/libecrobot.a(nxt_lcd.oram)
                0x0000000000207080                . = ALIGN (0x10)
 *fill*         0x0000000000207074        0xc 00
                0x0000000000207080                __bss_end__ = .
 COMMON         0x0000000000207080        0x2 ./build/interrupt.o
                0x0000000000207080                runisr
                0x0000000000207081                sus_all_cnt
 *fill*         0x0000000000207082        0x2 00
 COMMON         0x0000000000207084       0x10 ./build/osctl.o
                0x0000000000207084                callevel
                0x0000000000207085                _errorhook_svcid
                0x0000000000207086                appmode
                0x0000000000207088                _errorhook_par1
                0x000000000020708c                _errorhook_par3
                0x0000000000207090                _errorhook_par2
 COMMON         0x0000000000207094        0x3 ./build/task.o
                0x0000000000207094                runtsk
                0x0000000000207095                schedtsk
                0x0000000000207096                nextpri
 *fill*         0x0000000000207097        0x1 00
 COMMON         0x0000000000207098       0x58 ./build/kernel_cfg.o
                0x0000000000207098                tcb_waievt
                0x000000000020709c                rescb_prevpri
                0x00000000002070a0                almcb_prev
                0x00000000002070a4                tcb_lastres
                0x00000000002070a8                almcb_almval
                0x00000000002070b0                tcxb_pc
                0x00000000002070b8                tcb_next
                0x00000000002070bc                tcb_curpri
                0x00000000002070c0                tcb_tstat
                0x00000000002070c4                isrcb_lastres
                0x00000000002070c8                cntcb_almque
                0x00000000002070cc                rescb_prevres
                0x00000000002070d0                tcb_actcnt
                0x00000000002070d4                tcb_curevt
                0x00000000002070d8                almcb_cycle
                0x00000000002070e0                tcxb_sp
                0x00000000002070e8                almcb_next
                0x00000000002070ec                cntcb_curval
 COMMON         0x00000000002070f0       0x44 /user/5/raymondp/mdl2lus2osek/current/nxtOSEK/ecrobot/libecrobot.a(uart.oram)
                0x00000000002070f0                uart
 COMMON         0x0000000000207134        0x4 /user/5/raymondp/mdl2lus2osek/current/nxtOSEK/ecrobot/libecrobot.a(data_abort.oram)
                0x0000000000207134                data_abort_pc
 COMMON         0x0000000000207138        0x8 /user/5/raymondp/mdl2lus2osek/current/nxtOSEK/ecrobot/libecrobot.a(display.oram)
                0x0000000000207138                display_x
                0x000000000020713c                display_y
 COMMON         0x0000000000207140      0x31c /user/5/raymondp/mdl2lus2osek/current/nxtOSEK/ecrobot/libecrobot.a(sound.oram)
                0x0000000000207140                sample
                0x0000000000206170                __bss_start__ = ADDR (.bss)
                0x000000000020745c                __bss_end__ = (ADDR (.bss) + SIZEOF (.bss))
                0x000000000020745c                PROVIDE (end, .)

.heap_area      0x000000000020745c     0x871c
                0x000000000020fb78                . = (. + (0x20fb78 - end))
 *fill*         0x000000000020745c     0x871c 00

.stack          0x000000000020fb78      0x488
                0x000000000020fbf8                . = (. + 0x80)
 *fill*         0x000000000020fb78       0x80 00
                0x000000000020fc00                . = ALIGN (0x10)
 *fill*         0x000000000020fbf8        0x8 00
                0x000000000020fc00                __irq_stack__ = .
                0x000000000020fc00                __system_stack_bottom__ = .
                0x0000000000210000                . = (. + 0x400)
 *fill*         0x000000000020fc00      0x400 00
                0x0000000000210000                . = ALIGN (0x10)
                0x0000000000210000                __system_stack__ = .
                0x0000000000210000                __system_stack_top__ = .
                0x000000000020fb78                __stack_start__ = ADDR (.stack)
                0x0000000000210000                __stack_end__ = (ADDR (.stack) + SIZEOF (.stack))
OUTPUT(control_multitache_rxe.elf elf32-littlearm)

.comment        0x0000000000000000      0x18b
 .comment       0x0000000000000000       0x11 ./build/alarm.o
                                         0x12 (size before relaxing)
 .comment       0x0000000000000000       0x12 ./build/event.o
 .comment       0x0000000000000000       0x12 ./build/interrupt.o
 .comment       0x0000000000000000       0x12 ./build/osctl.o
 .comment       0x0000000000000000       0x12 ./build/resource.o
 .comment       0x0000000000000000       0x12 ./build/task.o
 .comment       0x0000000000000000       0x12 ./build/task_manage.o
 .comment       0x0000000000000000       0x12 ./build/cpu_config.o
 .comment       0x0000000000000000       0x12 ./build/sys_config.o
 .comment       0x0000000000000000       0x12 ./build/kernel_cfg.o
 .comment       0x0000000000000000       0x12 ./build/syscalls.o
 .comment       0x0000000000000000       0x12 ./build/ecrobot_bluetooth.o
 .comment       0x0000000000000000       0x12 ./build/ecrobot_base.o
 .comment       0x0000000000000000       0x12 ./build/ecrobot.o
 .comment       0x0000000000000000       0x12 ./build/decision.o
 .comment       0x0000000000000000       0x12 ./build/controle.o
 .comment       0x0000000000000000       0x12 ./build/control_multitache_glue.o
 .comment       0x0000000000000000       0x12 ./build/hw_sys_timer.oram
 .comment       0x0000000000000011       0x12 /user/5/raymondp/mdl2lus2osek/current/nxtOSEK/ecrobot/libecrobot.a(ecrobot_interface.o)
 .comment       0x0000000000000023       0x12 /user/5/raymondp/mdl2lus2osek/current/nxtOSEK/ecrobot/libecrobot.a(osek_hook.o)
 .comment       0x0000000000000035       0x12 /user/5/raymondp/mdl2lus2osek/current/nxtOSEK/ecrobot/libecrobot.a(uart.oram)
 .comment       0x0000000000000047       0x12 /user/5/raymondp/mdl2lus2osek/current/nxtOSEK/ecrobot/libecrobot.a(systick.oram)
 .comment       0x0000000000000059       0x12 /user/5/raymondp/mdl2lus2osek/current/nxtOSEK/ecrobot/libecrobot.a(byte_fifo.oram)
 .comment       0x000000000000006b       0x12 /user/5/raymondp/mdl2lus2osek/current/nxtOSEK/ecrobot/libecrobot.a(aic.oram)
 .comment       0x000000000000007d       0x12 /user/5/raymondp/mdl2lus2osek/current/nxtOSEK/ecrobot/libecrobot.a(udp.oram)
 .comment       0x000000000000008f       0x12 /user/5/raymondp/mdl2lus2osek/current/nxtOSEK/ecrobot/libecrobot.a(twi.oram)
 .comment       0x00000000000000a1       0x12 /user/5/raymondp/mdl2lus2osek/current/nxtOSEK/ecrobot/libecrobot.a(nxt_spi.oram)
 .comment       0x00000000000000b3       0x12 /user/5/raymondp/mdl2lus2osek/current/nxtOSEK/ecrobot/libecrobot.a(nxt_motors.oram)
 .comment       0x00000000000000c5       0x12 /user/5/raymondp/mdl2lus2osek/current/nxtOSEK/ecrobot/libecrobot.a(data_abort.oram)
 .comment       0x00000000000000d7       0x12 /user/5/raymondp/mdl2lus2osek/current/nxtOSEK/ecrobot/libecrobot.a(display.oram)
 .comment       0x00000000000000e9       0x12 /user/5/raymondp/mdl2lus2osek/current/nxtOSEK/ecrobot/libecrobot.a(i2c.oram)
 .comment       0x00000000000000fb       0x12 /user/5/raymondp/mdl2lus2osek/current/nxtOSEK/ecrobot/libecrobot.a(sound.oram)
 .comment       0x000000000000010d       0x12 /user/5/raymondp/mdl2lus2osek/current/nxtOSEK/ecrobot/libecrobot.a(bt.oram)
 .comment       0x000000000000011f       0x12 /user/5/raymondp/mdl2lus2osek/current/nxtOSEK/ecrobot/libecrobot.a(nxt_avr.oram)
 .comment       0x0000000000000131       0x12 /user/5/raymondp/mdl2lus2osek/current/nxtOSEK/ecrobot/libecrobot.a(sensors.oram)
 .comment       0x0000000000000143       0x12 /user/5/raymondp/mdl2lus2osek/current/nxtOSEK/ecrobot/libecrobot.a(nxt_lcd.oram)
 .comment       0x0000000000000155       0x12 /user/5/raymondp/mdl2lus2osek/current/nxtOSEK/ecrobot/libecrobot.a(flash_loader.oram)
 .comment       0x0000000000000167       0x12 /user/5/raymondp/mdl2lus2osek/current/nxtOSEK/ecrobot/libecrobot.a(ecrobot_usb.o)
 .comment       0x0000000000000179       0x12 /user/5/raymondp/mdl2lus2osek/current/nxtOSEK/ecrobot/libecrobot.a(flashprog.oram)
 .comment       0x0000000000000000       0x12 /user/5/.base/raymondp/home/mdl2lus2osek/gnu-arm/4.4.2.nxt.x86_64.2013/bin/../lib/gcc/arm-elf/4.4.2/thumb/interwork/libgcc.a(_muldi3.o)
 .comment       0x0000000000000000       0x12 /user/5/.base/raymondp/home/mdl2lus2osek/gnu-arm/4.4.2.nxt.x86_64.2013/bin/../lib/gcc/arm-elf/4.4.2/thumb/interwork/libgcc.a(_divdi3.o)
 .comment       0x0000000000000000       0x12 /user/5/.base/raymondp/home/mdl2lus2osek/gnu-arm/4.4.2.nxt.x86_64.2013/bin/../lib/gcc/arm-elf/4.4.2/../../../../arm-elf/lib/thumb/interwork/libc.a(lib_a-memcpy.o)
 .comment       0x0000000000000000       0x12 /user/5/.base/raymondp/home/mdl2lus2osek/gnu-arm/4.4.2.nxt.x86_64.2013/bin/../lib/gcc/arm-elf/4.4.2/../../../../arm-elf/lib/thumb/interwork/libc.a(lib_a-memset.o)
 .comment       0x0000000000000000       0x12 /user/5/.base/raymondp/home/mdl2lus2osek/gnu-arm/4.4.2.nxt.x86_64.2013/bin/../lib/gcc/arm-elf/4.4.2/../../../../arm-elf/lib/thumb/interwork/libc.a(lib_a-strcmp.o)
 .comment       0x0000000000000000       0x12 /user/5/.base/raymondp/home/mdl2lus2osek/gnu-arm/4.4.2.nxt.x86_64.2013/bin/../lib/gcc/arm-elf/4.4.2/../../../../arm-elf/lib/thumb/interwork/libc.a(lib_a-strcpy.o)
 .comment       0x0000000000000000       0x12 /user/5/.base/raymondp/home/mdl2lus2osek/gnu-arm/4.4.2.nxt.x86_64.2013/bin/../lib/gcc/arm-elf/4.4.2/../../../../arm-elf/lib/thumb/interwork/libc.a(lib_a-strlen.o)
 .comment       0x0000000000000000       0x12 /user/5/.base/raymondp/home/mdl2lus2osek/gnu-arm/4.4.2.nxt.x86_64.2013/bin/../lib/gcc/arm-elf/4.4.2/../../../../arm-elf/lib/thumb/interwork/libc.a(lib_a-strncpy.o)

.ARM.attributes
                0x0000000000000000       0x10
 .ARM.attributes
                0x0000000000000000       0x10 ./build/alarm.o
 .ARM.attributes
                0x0000000000000010       0x10 ./build/event.o
 .ARM.attributes
                0x0000000000000020       0x10 ./build/interrupt.o
 .ARM.attributes
                0x0000000000000030       0x10 ./build/osctl.o
 .ARM.attributes
                0x0000000000000040       0x10 ./build/resource.o
 .ARM.attributes
                0x0000000000000050       0x10 ./build/task.o
 .ARM.attributes
                0x0000000000000060       0x10 ./build/task_manage.o
 .ARM.attributes
                0x0000000000000070       0x10 ./build/cpu_config.o
 .ARM.attributes
                0x0000000000000080       0x10 ./build/sys_config.o
 .ARM.attributes
                0x0000000000000090       0x10 ./build/kernel_cfg.o
 .ARM.attributes
                0x00000000000000a0       0x10 ./build/syscalls.o
 .ARM.attributes
                0x00000000000000b0       0x10 ./build/ecrobot_bluetooth.o
 .ARM.attributes
                0x00000000000000c0       0x10 ./build/ecrobot_base.o
 .ARM.attributes
                0x00000000000000d0       0x10 ./build/ecrobot.o
 .ARM.attributes
                0x00000000000000e0       0x10 ./build/decision.o
 .ARM.attributes
                0x00000000000000f0       0x10 ./build/controle.o
 .ARM.attributes
                0x0000000000000100       0x10 ./build/control_multitache_glue.o
 .ARM.attributes
                0x0000000000000110       0x10 ./build/hw_sys_timer.oram
 .ARM.attributes
                0x0000000000000120       0x10 ./build/vectors.o
 .ARM.attributes
                0x0000000000000130       0x10 ./build/debug.o
 .ARM.attributes
                0x0000000000000140       0x10 ./build/sys_support.o
 .ARM.attributes
                0x0000000000000150       0x10 ./build/nxt_binary_header.o
 .ARM.attributes
                0x0000000000000160       0x10 ./build/nxt_entry_point.o
 .ARM.attributes
                0x0000000000000170       0x10 ./build/ecrobot_init.o
 .ARM.attributes
                0x0000000000000180       0x10 ./build/cpu_support.o
 .ARM.attributes
                0x0000000000000190       0x10 ./build/irq.oram
 .ARM.attributes
                0x00000000000001a0       0x10 /user/5/.base/raymondp/home/mdl2lus2osek/gnu-arm/4.4.2.nxt.x86_64.2013/bin/../lib/gcc/arm-elf/4.4.2/thumb/interwork/libgcc.a(_udivsi3.o)
 .ARM.attributes
                0x00000000000001b0       0x10 /user/5/.base/raymondp/home/mdl2lus2osek/gnu-arm/4.4.2.nxt.x86_64.2013/bin/../lib/gcc/arm-elf/4.4.2/thumb/interwork/libgcc.a(_divsi3.o)
 .ARM.attributes
                0x00000000000001c0       0x10 /user/5/.base/raymondp/home/mdl2lus2osek/gnu-arm/4.4.2.nxt.x86_64.2013/bin/../lib/gcc/arm-elf/4.4.2/thumb/interwork/libgcc.a(_umodsi3.o)
 .ARM.attributes
                0x00000000000001d0       0x10 /user/5/.base/raymondp/home/mdl2lus2osek/gnu-arm/4.4.2.nxt.x86_64.2013/bin/../lib/gcc/arm-elf/4.4.2/thumb/interwork/libgcc.a(_modsi3.o)
 .ARM.attributes
                0x00000000000001e0       0x10 /user/5/.base/raymondp/home/mdl2lus2osek/gnu-arm/4.4.2.nxt.x86_64.2013/bin/../lib/gcc/arm-elf/4.4.2/thumb/interwork/libgcc.a(_dvmd_tls.o)
 .ARM.attributes
                0x00000000000001f0       0x10 /user/5/.base/raymondp/home/mdl2lus2osek/gnu-arm/4.4.2.nxt.x86_64.2013/bin/../lib/gcc/arm-elf/4.4.2/thumb/interwork/libgcc.a(_arm_addsubdf3.o)
 .ARM.attributes
                0x0000000000000200       0x10 /user/5/.base/raymondp/home/mdl2lus2osek/gnu-arm/4.4.2.nxt.x86_64.2013/bin/../lib/gcc/arm-elf/4.4.2/thumb/interwork/libgcc.a(_arm_muldivdf3.o)
 .ARM.attributes
                0x0000000000000210       0x10 /user/5/.base/raymondp/home/mdl2lus2osek/gnu-arm/4.4.2.nxt.x86_64.2013/bin/../lib/gcc/arm-elf/4.4.2/thumb/interwork/libgcc.a(_arm_cmpdf2.o)
 .ARM.attributes
                0x0000000000000220       0x10 /user/5/.base/raymondp/home/mdl2lus2osek/gnu-arm/4.4.2.nxt.x86_64.2013/bin/../lib/gcc/arm-elf/4.4.2/thumb/interwork/libgcc.a(_arm_fixdfsi.o)
 .ARM.attributes
                0x0000000000000230       0x10 /user/5/.base/raymondp/home/mdl2lus2osek/gnu-arm/4.4.2.nxt.x86_64.2013/bin/../lib/gcc/arm-elf/4.4.2/thumb/interwork/libgcc.a(_arm_addsubsf3.o)
 .ARM.attributes
                0x0000000000000240       0x10 /user/5/.base/raymondp/home/mdl2lus2osek/gnu-arm/4.4.2.nxt.x86_64.2013/bin/../lib/gcc/arm-elf/4.4.2/thumb/interwork/libgcc.a(_arm_muldivsf3.o)
 .ARM.attributes
                0x0000000000000250       0x10 /user/5/.base/raymondp/home/mdl2lus2osek/gnu-arm/4.4.2.nxt.x86_64.2013/bin/../lib/gcc/arm-elf/4.4.2/thumb/interwork/libgcc.a(_muldi3.o)
 .ARM.attributes
                0x0000000000000260       0x10 /user/5/.base/raymondp/home/mdl2lus2osek/gnu-arm/4.4.2.nxt.x86_64.2013/bin/../lib/gcc/arm-elf/4.4.2/thumb/interwork/libgcc.a(_divdi3.o)
 .ARM.attributes
                0x0000000000000270       0x10 /user/5/.base/raymondp/home/mdl2lus2osek/gnu-arm/4.4.2.nxt.x86_64.2013/bin/../lib/gcc/arm-elf/4.4.2/thumb/interwork/libgcc.a(_clzsi2.o)
 .ARM.attributes
                0x0000000000000280       0x10 /user/5/.base/raymondp/home/mdl2lus2osek/gnu-arm/4.4.2.nxt.x86_64.2013/bin/../lib/gcc/arm-elf/4.4.2/../../../../arm-elf/lib/thumb/interwork/libc.a(lib_a-memcpy.o)
 .ARM.attributes
                0x0000000000000290       0x10 /user/5/.base/raymondp/home/mdl2lus2osek/gnu-arm/4.4.2.nxt.x86_64.2013/bin/../lib/gcc/arm-elf/4.4.2/../../../../arm-elf/lib/thumb/interwork/libc.a(lib_a-memset.o)
 .ARM.attributes
                0x00000000000002a0       0x10 /user/5/.base/raymondp/home/mdl2lus2osek/gnu-arm/4.4.2.nxt.x86_64.2013/bin/../lib/gcc/arm-elf/4.4.2/../../../../arm-elf/lib/thumb/interwork/libc.a(lib_a-strcmp.o)
 .ARM.attributes
                0x00000000000002b0       0x10 /user/5/.base/raymondp/home/mdl2lus2osek/gnu-arm/4.4.2.nxt.x86_64.2013/bin/../lib/gcc/arm-elf/4.4.2/../../../../arm-elf/lib/thumb/interwork/libc.a(lib_a-strcpy.o)
 .ARM.attributes
                0x00000000000002c0       0x10 /user/5/.base/raymondp/home/mdl2lus2osek/gnu-arm/4.4.2.nxt.x86_64.2013/bin/../lib/gcc/arm-elf/4.4.2/../../../../arm-elf/lib/thumb/interwork/libc.a(lib_a-strlen.o)
 .ARM.attributes
                0x00000000000002d0       0x10 /user/5/.base/raymondp/home/mdl2lus2osek/gnu-arm/4.4.2.nxt.x86_64.2013/bin/../lib/gcc/arm-elf/4.4.2/../../../../arm-elf/lib/thumb/interwork/libc.a(lib_a-strncpy.o)
 .ARM.attributes
                0x00000000000002e0       0x10 ./build/vectors.o

.debug_frame    0x0000000000000000       0xa0
 .debug_frame   0x0000000000000000       0x28 /user/5/.base/raymondp/home/mdl2lus2osek/gnu-arm/4.4.2.nxt.x86_64.2013/bin/../lib/gcc/arm-elf/4.4.2/thumb/interwork/libgcc.a(_udivsi3.o)
 .debug_frame   0x0000000000000028       0x28 /user/5/.base/raymondp/home/mdl2lus2osek/gnu-arm/4.4.2.nxt.x86_64.2013/bin/../lib/gcc/arm-elf/4.4.2/thumb/interwork/libgcc.a(_divsi3.o)
 .debug_frame   0x0000000000000050       0x28 /user/5/.base/raymondp/home/mdl2lus2osek/gnu-arm/4.4.2.nxt.x86_64.2013/bin/../lib/gcc/arm-elf/4.4.2/thumb/interwork/libgcc.a(_umodsi3.o)
 .debug_frame   0x0000000000000078       0x28 /user/5/.base/raymondp/home/mdl2lus2osek/gnu-arm/4.4.2.nxt.x86_64.2013/bin/../lib/gcc/arm-elf/4.4.2/thumb/interwork/libgcc.a(_modsi3.o)

.debug_line     0x0000000000000000     0x135c
 .debug_line    0x0000000000000000       0x9b /user/5/.base/raymondp/home/mdl2lus2osek/gnu-arm/4.4.2.nxt.x86_64.2013/bin/../lib/gcc/arm-elf/4.4.2/thumb/interwork/libgcc.a(_udivsi3.o)
 .debug_line    0x000000000000009b       0xa7 /user/5/.base/raymondp/home/mdl2lus2osek/gnu-arm/4.4.2.nxt.x86_64.2013/bin/../lib/gcc/arm-elf/4.4.2/thumb/interwork/libgcc.a(_divsi3.o)
 .debug_line    0x0000000000000142       0x93 /user/5/.base/raymondp/home/mdl2lus2osek/gnu-arm/4.4.2.nxt.x86_64.2013/bin/../lib/gcc/arm-elf/4.4.2/thumb/interwork/libgcc.a(_umodsi3.o)
 .debug_line    0x00000000000001d5       0x9c /user/5/.base/raymondp/home/mdl2lus2osek/gnu-arm/4.4.2.nxt.x86_64.2013/bin/../lib/gcc/arm-elf/4.4.2/thumb/interwork/libgcc.a(_modsi3.o)
 .debug_line    0x0000000000000271       0x85 /user/5/.base/raymondp/home/mdl2lus2osek/gnu-arm/4.4.2.nxt.x86_64.2013/bin/../lib/gcc/arm-elf/4.4.2/thumb/interwork/libgcc.a(_dvmd_tls.o)
 .debug_line    0x00000000000002f6      0x18d /user/5/.base/raymondp/home/mdl2lus2osek/gnu-arm/4.4.2.nxt.x86_64.2013/bin/../lib/gcc/arm-elf/4.4.2/thumb/interwork/libgcc.a(_arm_addsubdf3.o)
 .debug_line    0x0000000000000483      0x1a2 /user/5/.base/raymondp/home/mdl2lus2osek/gnu-arm/4.4.2.nxt.x86_64.2013/bin/../lib/gcc/arm-elf/4.4.2/thumb/interwork/libgcc.a(_arm_muldivdf3.o)
 .debug_line    0x0000000000000625       0xcf /user/5/.base/raymondp/home/mdl2lus2osek/gnu-arm/4.4.2.nxt.x86_64.2013/bin/../lib/gcc/arm-elf/4.4.2/thumb/interwork/libgcc.a(_arm_cmpdf2.o)
 .debug_line    0x00000000000006f4       0x9a /user/5/.base/raymondp/home/mdl2lus2osek/gnu-arm/4.4.2.nxt.x86_64.2013/bin/../lib/gcc/arm-elf/4.4.2/thumb/interwork/libgcc.a(_arm_fixdfsi.o)
 .debug_line    0x000000000000078e      0x13b /user/5/.base/raymondp/home/mdl2lus2osek/gnu-arm/4.4.2.nxt.x86_64.2013/bin/../lib/gcc/arm-elf/4.4.2/thumb/interwork/libgcc.a(_arm_addsubsf3.o)
 .debug_line    0x00000000000008c9      0x145 /user/5/.base/raymondp/home/mdl2lus2osek/gnu-arm/4.4.2.nxt.x86_64.2013/bin/../lib/gcc/arm-elf/4.4.2/thumb/interwork/libgcc.a(_arm_muldivsf3.o)
 .debug_line    0x0000000000000a0e       0x90 /user/5/.base/raymondp/home/mdl2lus2osek/gnu-arm/4.4.2.nxt.x86_64.2013/bin/../lib/gcc/arm-elf/4.4.2/thumb/interwork/libgcc.a(_muldi3.o)
 .debug_line    0x0000000000000a9e       0xf1 /user/5/.base/raymondp/home/mdl2lus2osek/gnu-arm/4.4.2.nxt.x86_64.2013/bin/../lib/gcc/arm-elf/4.4.2/thumb/interwork/libgcc.a(_divdi3.o)
 .debug_line    0x0000000000000b8f       0x92 /user/5/.base/raymondp/home/mdl2lus2osek/gnu-arm/4.4.2.nxt.x86_64.2013/bin/../lib/gcc/arm-elf/4.4.2/thumb/interwork/libgcc.a(_clzsi2.o)
 .debug_line    0x0000000000000c21      0x180 /user/5/.base/raymondp/home/mdl2lus2osek/gnu-arm/4.4.2.nxt.x86_64.2013/bin/../lib/gcc/arm-elf/4.4.2/../../../../arm-elf/lib/thumb/interwork/libc.a(lib_a-memcpy.o)
 .debug_line    0x0000000000000da1      0x17b /user/5/.base/raymondp/home/mdl2lus2osek/gnu-arm/4.4.2.nxt.x86_64.2013/bin/../lib/gcc/arm-elf/4.4.2/../../../../arm-elf/lib/thumb/interwork/libc.a(lib_a-memset.o)
 .debug_line    0x0000000000000f1c       0xd5 /user/5/.base/raymondp/home/mdl2lus2osek/gnu-arm/4.4.2.nxt.x86_64.2013/bin/../lib/gcc/arm-elf/4.4.2/../../../../arm-elf/lib/thumb/interwork/libc.a(lib_a-strcmp.o)
 .debug_line    0x0000000000000ff1       0xd5 /user/5/.base/raymondp/home/mdl2lus2osek/gnu-arm/4.4.2.nxt.x86_64.2013/bin/../lib/gcc/arm-elf/4.4.2/../../../../arm-elf/lib/thumb/interwork/libc.a(lib_a-strcpy.o)
 .debug_line    0x00000000000010c6      0x141 /user/5/.base/raymondp/home/mdl2lus2osek/gnu-arm/4.4.2.nxt.x86_64.2013/bin/../lib/gcc/arm-elf/4.4.2/../../../../arm-elf/lib/thumb/interwork/libc.a(lib_a-strlen.o)
 .debug_line    0x0000000000001207      0x155 /user/5/.base/raymondp/home/mdl2lus2osek/gnu-arm/4.4.2.nxt.x86_64.2013/bin/../lib/gcc/arm-elf/4.4.2/../../../../arm-elf/lib/thumb/interwork/libc.a(lib_a-strncpy.o)

.debug_info     0x0000000000000000     0x17e1
 .debug_info    0x0000000000000000       0xd1 /user/5/.base/raymondp/home/mdl2lus2osek/gnu-arm/4.4.2.nxt.x86_64.2013/bin/../lib/gcc/arm-elf/4.4.2/thumb/interwork/libgcc.a(_udivsi3.o)
 .debug_info    0x00000000000000d1       0xd1 /user/5/.base/raymondp/home/mdl2lus2osek/gnu-arm/4.4.2.nxt.x86_64.2013/bin/../lib/gcc/arm-elf/4.4.2/thumb/interwork/libgcc.a(_divsi3.o)
 .debug_info    0x00000000000001a2       0xd1 /user/5/.base/raymondp/home/mdl2lus2osek/gnu-arm/4.4.2.nxt.x86_64.2013/bin/../lib/gcc/arm-elf/4.4.2/thumb/interwork/libgcc.a(_umodsi3.o)
 .debug_info    0x0000000000000273       0xd1 /user/5/.base/raymondp/home/mdl2lus2osek/gnu-arm/4.4.2.nxt.x86_64.2013/bin/../lib/gcc/arm-elf/4.4.2/thumb/interwork/libgcc.a(_modsi3.o)
 .debug_info    0x0000000000000344       0xd1 /user/5/.base/raymondp/home/mdl2lus2osek/gnu-arm/4.4.2.nxt.x86_64.2013/bin/../lib/gcc/arm-elf/4.4.2/thumb/interwork/libgcc.a(_dvmd_tls.o)
 .debug_info    0x0000000000000415       0xd0 /user/5/.base/raymondp/home/mdl2lus2osek/gnu-arm/4.4.2.nxt.x86_64.2013/bin/../lib/gcc/arm-elf/4.4.2/thumb/interwork/libgcc.a(_arm_addsubdf3.o)
 .debug_info    0x00000000000004e5       0xd0 /user/5/.base/raymondp/home/mdl2lus2osek/gnu-arm/4.4.2.nxt.x86_64.2013/bin/../lib/gcc/arm-elf/4.4.2/thumb/interwork/libgcc.a(_arm_muldivdf3.o)
 .debug_info    0x00000000000005b5       0xd0 /user/5/.base/raymondp/home/mdl2lus2osek/gnu-arm/4.4.2.nxt.x86_64.2013/bin/../lib/gcc/arm-elf/4.4.2/thumb/interwork/libgcc.a(_arm_cmpdf2.o)
 .debug_info    0x0000000000000685       0xd0 /user/5/.base/raymondp/home/mdl2lus2osek/gnu-arm/4.4.2.nxt.x86_64.2013/bin/../lib/gcc/arm-elf/4.4.2/thumb/interwork/libgcc.a(_arm_fixdfsi.o)
 .debug_info    0x0000000000000755       0xd0 /user/5/.base/raymondp/home/mdl2lus2osek/gnu-arm/4.4.2.nxt.x86_64.2013/bin/../lib/gcc/arm-elf/4.4.2/thumb/interwork/libgcc.a(_arm_addsubsf3.o)
 .debug_info    0x0000000000000825       0xd0 /user/5/.base/raymondp/home/mdl2lus2osek/gnu-arm/4.4.2.nxt.x86_64.2013/bin/../lib/gcc/arm-elf/4.4.2/thumb/interwork/libgcc.a(_arm_muldivsf3.o)
 .debug_info    0x00000000000008f5      0x20e /user/5/.base/raymondp/home/mdl2lus2osek/gnu-arm/4.4.2.nxt.x86_64.2013/bin/../lib/gcc/arm-elf/4.4.2/thumb/interwork/libgcc.a(_muldi3.o)
 .debug_info    0x0000000000000b03      0x669 /user/5/.base/raymondp/home/mdl2lus2osek/gnu-arm/4.4.2.nxt.x86_64.2013/bin/../lib/gcc/arm-elf/4.4.2/thumb/interwork/libgcc.a(_divdi3.o)
 .debug_info    0x000000000000116c       0xd1 /user/5/.base/raymondp/home/mdl2lus2osek/gnu-arm/4.4.2.nxt.x86_64.2013/bin/../lib/gcc/arm-elf/4.4.2/thumb/interwork/libgcc.a(_clzsi2.o)
 .debug_info    0x000000000000123d      0x13e /user/5/.base/raymondp/home/mdl2lus2osek/gnu-arm/4.4.2.nxt.x86_64.2013/bin/../lib/gcc/arm-elf/4.4.2/../../../../arm-elf/lib/thumb/interwork/libc.a(lib_a-memcpy.o)
 .debug_info    0x000000000000137b      0x111 /user/5/.base/raymondp/home/mdl2lus2osek/gnu-arm/4.4.2.nxt.x86_64.2013/bin/../lib/gcc/arm-elf/4.4.2/../../../../arm-elf/lib/thumb/interwork/libc.a(lib_a-memset.o)
 .debug_info    0x000000000000148c       0xaf /user/5/.base/raymondp/home/mdl2lus2osek/gnu-arm/4.4.2.nxt.x86_64.2013/bin/../lib/gcc/arm-elf/4.4.2/../../../../arm-elf/lib/thumb/interwork/libc.a(lib_a-strcmp.o)
 .debug_info    0x000000000000153b       0xb7 /user/5/.base/raymondp/home/mdl2lus2osek/gnu-arm/4.4.2.nxt.x86_64.2013/bin/../lib/gcc/arm-elf/4.4.2/../../../../arm-elf/lib/thumb/interwork/libc.a(lib_a-strcpy.o)
 .debug_info    0x00000000000015f2       0xcb /user/5/.base/raymondp/home/mdl2lus2osek/gnu-arm/4.4.2.nxt.x86_64.2013/bin/../lib/gcc/arm-elf/4.4.2/../../../../arm-elf/lib/thumb/interwork/libc.a(lib_a-strlen.o)
 .debug_info    0x00000000000016bd      0x124 /user/5/.base/raymondp/home/mdl2lus2osek/gnu-arm/4.4.2.nxt.x86_64.2013/bin/../lib/gcc/arm-elf/4.4.2/../../../../arm-elf/lib/thumb/interwork/libc.a(lib_a-strncpy.o)

.debug_abbrev   0x0000000000000000      0x6b0
 .debug_abbrev  0x0000000000000000       0x14 /user/5/.base/raymondp/home/mdl2lus2osek/gnu-arm/4.4.2.nxt.x86_64.2013/bin/../lib/gcc/arm-elf/4.4.2/thumb/interwork/libgcc.a(_udivsi3.o)
 .debug_abbrev  0x0000000000000014       0x14 /user/5/.base/raymondp/home/mdl2lus2osek/gnu-arm/4.4.2.nxt.x86_64.2013/bin/../lib/gcc/arm-elf/4.4.2/thumb/interwork/libgcc.a(_divsi3.o)
 .debug_abbrev  0x0000000000000028       0x14 /user/5/.base/raymondp/home/mdl2lus2osek/gnu-arm/4.4.2.nxt.x86_64.2013/bin/../lib/gcc/arm-elf/4.4.2/thumb/interwork/libgcc.a(_umodsi3.o)
 .debug_abbrev  0x000000000000003c       0x14 /user/5/.base/raymondp/home/mdl2lus2osek/gnu-arm/4.4.2.nxt.x86_64.2013/bin/../lib/gcc/arm-elf/4.4.2/thumb/interwork/libgcc.a(_modsi3.o)
 .debug_abbrev  0x0000000000000050       0x14 /user/5/.base/raymondp/home/mdl2lus2osek/gnu-arm/4.4.2.nxt.x86_64.2013/bin/../lib/gcc/arm-elf/4.4.2/thumb/interwork/libgcc.a(_dvmd_tls.o)
 .debug_abbrev  0x0000000000000064       0x14 /user/5/.base/raymondp/home/mdl2lus2osek/gnu-arm/4.4.2.nxt.x86_64.2013/bin/../lib/gcc/arm-elf/4.4.2/thumb/interwork/libgcc.a(_arm_addsubdf3.o)
 .debug_abbrev  0x0000000000000078       0x14 /user/5/.base/raymondp/home/mdl2lus2osek/gnu-arm/4.4.2.nxt.x86_64.2013/bin/../lib/gcc/arm-elf/4.4.2/thumb/interwork/libgcc.a(_arm_muldivdf3.o)
 .debug_abbrev  0x000000000000008c       0x14 /user/5/.base/raymondp/home/mdl2lus2osek/gnu-arm/4.4.2.nxt.x86_64.2013/bin/../lib/gcc/arm-elf/4.4.2/thumb/interwork/libgcc.a(_arm_cmpdf2.o)
 .debug_abbrev  0x00000000000000a0       0x14 /user/5/.base/raymondp/home/mdl2lus2osek/gnu-arm/4.4.2.nxt.x86_64.2013/bin/../lib/gcc/arm-elf/4.4.2/thumb/interwork/libgcc.a(_arm_fixdfsi.o)
 .debug_abbrev  0x00000000000000b4       0x14 /user/5/.base/raymondp/home/mdl2lus2osek/gnu-arm/4.4.2.nxt.x86_64.2013/bin/../lib/gcc/arm-elf/4.4.2/thumb/interwork/libgcc.a(_arm_addsubsf3.o)
 .debug_abbrev  0x00000000000000c8       0x14 /user/5/.base/raymondp/home/mdl2lus2osek/gnu-arm/4.4.2.nxt.x86_64.2013/bin/../lib/gcc/arm-elf/4.4.2/thumb/interwork/libgcc.a(_arm_muldivsf3.o)
 .debug_abbrev  0x00000000000000dc       0xf5 /user/5/.base/raymondp/home/mdl2lus2osek/gnu-arm/4.4.2.nxt.x86_64.2013/bin/../lib/gcc/arm-elf/4.4.2/thumb/interwork/libgcc.a(_muldi3.o)
 .debug_abbrev  0x00000000000001d1      0x169 /user/5/.base/raymondp/home/mdl2lus2osek/gnu-arm/4.4.2.nxt.x86_64.2013/bin/../lib/gcc/arm-elf/4.4.2/thumb/interwork/libgcc.a(_divdi3.o)
 .debug_abbrev  0x000000000000033a       0x14 /user/5/.base/raymondp/home/mdl2lus2osek/gnu-arm/4.4.2.nxt.x86_64.2013/bin/../lib/gcc/arm-elf/4.4.2/thumb/interwork/libgcc.a(_clzsi2.o)
 .debug_abbrev  0x000000000000034e       0xa0 /user/5/.base/raymondp/home/mdl2lus2osek/gnu-arm/4.4.2.nxt.x86_64.2013/bin/../lib/gcc/arm-elf/4.4.2/../../../../arm-elf/lib/thumb/interwork/libc.a(lib_a-memcpy.o)
 .debug_abbrev  0x00000000000003ee       0xa1 /user/5/.base/raymondp/home/mdl2lus2osek/gnu-arm/4.4.2.nxt.x86_64.2013/bin/../lib/gcc/arm-elf/4.4.2/../../../../arm-elf/lib/thumb/interwork/libc.a(lib_a-memset.o)
 .debug_abbrev  0x000000000000048f       0x76 /user/5/.base/raymondp/home/mdl2lus2osek/gnu-arm/4.4.2.nxt.x86_64.2013/bin/../lib/gcc/arm-elf/4.4.2/../../../../arm-elf/lib/thumb/interwork/libc.a(lib_a-strcmp.o)
 .debug_abbrev  0x0000000000000505       0x76 /user/5/.base/raymondp/home/mdl2lus2osek/gnu-arm/4.4.2.nxt.x86_64.2013/bin/../lib/gcc/arm-elf/4.4.2/../../../../arm-elf/lib/thumb/interwork/libc.a(lib_a-strcpy.o)
 .debug_abbrev  0x000000000000057b       0x92 /user/5/.base/raymondp/home/mdl2lus2osek/gnu-arm/4.4.2.nxt.x86_64.2013/bin/../lib/gcc/arm-elf/4.4.2/../../../../arm-elf/lib/thumb/interwork/libc.a(lib_a-strlen.o)
 .debug_abbrev  0x000000000000060d       0xa3 /user/5/.base/raymondp/home/mdl2lus2osek/gnu-arm/4.4.2.nxt.x86_64.2013/bin/../lib/gcc/arm-elf/4.4.2/../../../../arm-elf/lib/thumb/interwork/libc.a(lib_a-strncpy.o)

.debug_aranges  0x0000000000000000      0x280
 .debug_aranges